              _             
             (_)            
   __ _ _ __  _ _ __   __ _ 
  / _` | '_ \| | '_ \ / _` |
 | (_| | | | | | | | | (_| |
  \__, |_| |_|_|_| |_|\__,_|
   __/ |                    
  |___/                     

gnina v1.3.1 master:5bd63bd   Built May 23 2025.
gnina is based on smina and AutoDock Vina.
Please cite appropriately.

Commandline: /usr/local/bin/gnina -r /nfs/home/jstempel/vina_inputs/prep/1B56/receptor_no_ligand.pdb -l /lustre/isaac24/scratch/jstempel/gnina_full_cnn_rescore_exh8_cpu24/_tmp_1B56_uMcs/ligand.sdf --center_x 46.640 --center_y 25.340 --center_z 28.736 --size_x 11.424 --size_y 12.463 --size_z 14.634 --exhaustiveness 8 --num_modes 20 --cpu 24 --cnn_scoring rescore --scoring vina --addH 0 --log /lustre/isaac24/scratch/jstempel/gnina_full_cnn_rescore_exh8_cpu24/logs/1B56.log --out /lustre/isaac24/scratch/jstempel/gnina_full_cnn_rescore_exh8_cpu24/flat/1B56.pdbqt --seed 0 --device 0
Using random seed: 0

mode |  affinity  |  intramol  |    CNN     |   CNN
     | (kcal/mol) | (kcal/mol) | pose score | affinity
-----+------------+------------+------------+----------
    1       -5.95       -1.14       0.9370      6.026
    2       -5.94       -0.96       0.8842      6.049
    3       -5.07       -0.93       0.8360      6.188
    4       -5.30       -0.76       0.8339      5.726
    5       -5.88       -1.06       0.7881      5.817
    6       -5.11       -1.36       0.7468      5.771
    7       -4.97       -1.12       0.7302      5.996
    8       -5.32       -1.73       0.7180      5.784
    9       -5.01       -1.32       0.7011      5.720
   10       -5.63       -1.23       0.6554      5.623
   11       -4.88       -1.20       0.6444      5.630
   12       -5.36       -1.23       0.6035      5.440
   13       -5.55       -0.78       0.5805      4.893
   14       -5.27       -1.27       0.5712      5.626
   15       -5.37       -1.28       0.5568      5.455
   16       -4.91       -1.72       0.5112      5.395
   17       -4.98       -1.42       0.5101      5.125
   18       -4.86       -1.40       0.4788      5.199
   19       -5.21       -1.32       0.4754      5.254
   20       -4.86       -1.87       0.4461      5.252
 18       -4.86       -1.40       0.4788      5.199
   19       -5.21       -1.32       0.4754      5.254
   20       -4.86       -1.87       0.4461      5.252
