              _             
             (_)            
   __ _ _ __  _ _ __   __ _ 
  / _` | '_ \| | '_ \ / _` |
 | (_| | | | | | | | | (_| |
  \__, |_| |_|_|_| |_|\__,_|
   __/ |                    
  |___/                     

gnina v1.3.1 master:5bd63bd   Built May 23 2025.
gnina is based on smina and AutoDock Vina.
Please cite appropriately.

Commandline: /usr/local/bin/gnina -r /nfs/home/jstempel/vina_inputs/prep/1DSY/receptor_no_ligand.pdb -l /lustre/isaac24/scratch/jstempel/gnina_full_cnn_rescore_exh8_cpu24/_tmp_1DSY_LSca/ligand.sdf --center_x 17.564 --center_y 26.399 --center_z 9.380 --size_x 11.223 --size_y 17.213 --size_z 13.057 --exhaustiveness 8 --num_modes 20 --cpu 24 --cnn_scoring rescore --scoring vina --addH 0 --log /lustre/isaac24/scratch/jstempel/gnina_full_cnn_rescore_exh8_cpu24/logs/1DSY.log --out /lustre/isaac24/scratch/jstempel/gnina_full_cnn_rescore_exh8_cpu24/flat/1DSY.pdbqt --seed 0 --device 0
Using random seed: 0

mode |  affinity  |  intramol  |    CNN     |   CNN
     | (kcal/mol) | (kcal/mol) | pose score | affinity
-----+------------+------------+------------+----------
    1       -4.59       -1.30       0.4485      3.993
    2       -5.63       -0.42       0.4236      3.543
    3       -5.11       -1.16       0.4192      3.876
    4       -4.49       -1.76       0.4050      4.381
    5       -5.21       -1.52       0.3687      3.949
    6       -4.69       -1.36       0.3382      3.608
    7       -6.00       -0.21       0.2896      3.975
    8       -5.15       -0.87       0.2709      4.112
    9       -4.61       -1.09       0.2610      3.624
   10       -4.62       -1.54       0.2597      3.505
   11       -4.80       -1.54       0.2340      3.746
   12       -5.47       -0.24       0.2170      3.476
   13       -5.53       -0.93       0.2126      3.505
   14       -5.99       -0.94       0.2073      4.079
   15       -5.30       -1.05       0.2061      3.443
   16       -5.90       -0.99       0.2029      3.699
   17       -5.17       -0.95       0.1887      3.827
   18       -5.68       -0.67       0.1852      3.246
   19       -5.80       -1.21       0.1847      3.981
   20       -5.42       -0.69       0.1819      3.147
 18       -5.68       -0.67       0.1852      3.246
   19       -5.80       -1.21       0.1847      3.981
   20       -5.42       -0.69       0.1819      3.147
