              _             
             (_)            
   __ _ _ __  _ _ __   __ _ 
  / _` | '_ \| | '_ \ / _` |
 | (_| | | | | | | | | (_| |
  \__, |_| |_|_|_| |_|\__,_|
   __/ |                    
  |___/                     

gnina v1.3.1 master:5bd63bd   Built May 23 2025.
gnina is based on smina and AutoDock Vina.
Please cite appropriately.

Commandline: /usr/local/bin/gnina -r /nfs/home/jstempel/vina_inputs/prep/1FE3/receptor_no_ligand.pdb -l /lustre/isaac24/scratch/jstempel/gnina_full_cnn_rescore_exh8_cpu24/_tmp_1FE3_VbQO/ligand.sdf --center_x 96.897 --center_y 74.458 --center_z -41.916 --size_x 12.873 --size_y 12.980 --size_z 12.866 --exhaustiveness 8 --num_modes 20 --cpu 24 --cnn_scoring rescore --scoring vina --addH 0 --log /lustre/isaac24/scratch/jstempel/gnina_full_cnn_rescore_exh8_cpu24/logs/1FE3.log --out /lustre/isaac24/scratch/jstempel/gnina_full_cnn_rescore_exh8_cpu24/flat/1FE3.pdbqt --seed 0 --device 0
Using random seed: 0

mode |  affinity  |  intramol  |    CNN     |   CNN
     | (kcal/mol) | (kcal/mol) | pose score | affinity
-----+------------+------------+------------+----------
    1       -6.39       -0.79       0.8511      6.460
    2       -6.12       -1.04       0.8128      6.457
    3       -6.41       -1.03       0.8026      6.408
    4       -6.16       -1.13       0.7240      6.371
    5       -5.72       -1.54       0.7107      6.425
    6       -5.80       -1.21       0.6136      6.340
    7       -6.20       -0.93       0.5962      6.056
    8       -5.30       -2.16       0.5435      6.271
    9       -5.22       -2.12       0.5417      6.286
   10       -5.73       -1.41       0.5076      5.982
   11       -5.46       -2.14       0.5010      6.074
   12       -5.94       -0.94       0.5003      6.034
   13       -5.49       -1.55       0.4585      6.246
   14       -5.77       -1.45       0.3793      6.073
   15       -5.34       -1.83       0.3614      5.961
   16       -5.86       -1.63       0.3122      5.969
   17       -5.63       -1.95       0.2964      5.930
   18       -5.65       -1.28       0.2897      5.842
   19       -6.12       -1.10       0.2728      5.529
   20       -5.16       -2.28       0.2602      5.898
 18       -5.65       -1.28       0.2897      5.842
   19       -6.12       -1.10       0.2728      5.529
   20       -5.16       -2.28       0.2602      5.898
