              _             
             (_)            
   __ _ _ __  _ _ __   __ _ 
  / _` | '_ \| | '_ \ / _` |
 | (_| | | | | | | | | (_| |
  \__, |_| |_|_|_| |_|\__,_|
   __/ |                    
  |___/                     

gnina v1.3.1 master:5bd63bd   Built May 23 2025.
gnina is based on smina and AutoDock Vina.
Please cite appropriately.

Commandline: /usr/local/bin/gnina -r /nfs/home/jstempel/vina_inputs/prep/1FK1/receptor_no_ligand.pdb -l /lustre/isaac24/scratch/jstempel/gnina_full_cnn_rescore_exh8_cpu24/_tmp_1FK1_V1yr/ligand.sdf --center_x 23.512 --center_y 36.576 --center_z 23.387 --size_x 8.710 --size_y 16.370 --size_z 15.101 --exhaustiveness 8 --num_modes 20 --cpu 24 --cnn_scoring rescore --scoring vina --addH 0 --log /lustre/isaac24/scratch/jstempel/gnina_full_cnn_rescore_exh8_cpu24/logs/1FK1.log --out /lustre/isaac24/scratch/jstempel/gnina_full_cnn_rescore_exh8_cpu24/flat/1FK1.pdbqt --seed 0 --device 0
Using random seed: 0

mode |  affinity  |  intramol  |    CNN     |   CNN
     | (kcal/mol) | (kcal/mol) | pose score | affinity
-----+------------+------------+------------+----------
    1       -5.62       -0.29       0.8401      5.338
    2       -5.84       -0.50       0.7591      5.205
    3       -5.32       -0.55       0.7566      5.172
    4       -5.59       -0.42       0.7552      5.251
    5       -5.70       -0.49       0.7470      5.275
    6       -5.30       -0.43       0.7131      4.967
    7       -5.63       -0.45       0.7012      5.010
    8       -5.64       -0.44       0.6502      4.963
    9       -5.39       -0.37       0.5848      4.939
   10       -5.44       -0.60       0.5749      4.645
   11       -5.66       -0.57       0.5283      4.687
   12       -5.47       -0.54       0.5197      4.750
   13       -5.76       -0.40       0.5104      5.149
   14       -5.12       -0.79       0.4652      4.904
   15       -5.41       -0.58       0.3459      4.517
   16       -5.38       -0.73       0.3306      4.821
   17       -5.10       -0.59       0.3253      4.524
   18       -5.41       -0.49       0.3045      4.806
   19       -5.16       -0.68       0.2508      4.506
   20       -5.01       -0.58       0.2328      4.542
21
   17       -5.10       -0.59       0.3253      4.524
   18       -5.41       -0.49       0.3045      4.806
   19       -5.16       -0.68       0.2508      4.506
   20       -5.01       -0.58       0.2328      4.542
