              _             
             (_)            
   __ _ _ __  _ _ __   __ _ 
  / _` | '_ \| | '_ \ / _` |
 | (_| | | | | | | | | (_| |
  \__, |_| |_|_|_| |_|\__,_|
   __/ |                    
  |___/                     

gnina v1.3.1 master:5bd63bd   Built May 23 2025.
gnina is based on smina and AutoDock Vina.
Please cite appropriately.

Commandline: /usr/local/bin/gnina -r /nfs/home/jstempel/vina_inputs/prep/1FK4/receptor_no_ligand.pdb -l /lustre/isaac24/scratch/jstempel/gnina_full_cnn_rescore_exh8_cpu24/_tmp_1FK4_AGMR/ligand.sdf --center_x 23.774 --center_y 36.633 --center_z 24.883 --size_x 8.466 --size_y 18.054 --size_z 15.955 --exhaustiveness 8 --num_modes 20 --cpu 24 --cnn_scoring rescore --scoring vina --addH 0 --log /lustre/isaac24/scratch/jstempel/gnina_full_cnn_rescore_exh8_cpu24/logs/1FK4.log --out /lustre/isaac24/scratch/jstempel/gnina_full_cnn_rescore_exh8_cpu24/flat/1FK4.pdbqt --seed 0 --device 0
Using random seed: 0

mode |  affinity  |  intramol  |    CNN     |   CNN
     | (kcal/mol) | (kcal/mol) | pose score | affinity
-----+------------+------------+------------+----------
    1       -6.36       -0.83       0.8240      6.074
    2       -6.70       -0.89       0.8119      6.299
    3       -6.39       -0.65       0.7594      6.155
    4       -6.59       -1.23       0.7303      6.198
    5       -5.92       -0.00       0.6811      5.636
    6       -6.17       -0.78       0.6509      5.592
    7       -3.13       -0.58       0.6367      6.223
    8       -6.56       -1.06       0.6159      6.135
    9       -5.99       -0.55       0.6056      6.092
   10       -6.31       -1.13       0.5590      5.988
   11       -6.32       -1.48       0.5019      6.061
   12       -6.37       -0.95       0.4831      5.843
   13       -6.22       -1.26       0.4412      5.997
   14       -6.12       -0.98       0.4394      5.556
   15       -5.11       -0.91       0.4286      5.593
   16       -6.21       -0.84       0.4221      5.616
   17       -6.45       -1.07       0.4031      5.849
   18       -5.38       -0.70       0.3916      5.150
   19       -6.04       -1.49       0.3842      5.780
   20       -6.29       -1.21       0.3450      5.687
 18       -5.38       -0.70       0.3916      5.150
   19       -6.04       -1.49       0.3842      5.780
   20       -6.29       -1.21       0.3450      5.687
