              _             
             (_)            
   __ _ _ __  _ _ __   __ _ 
  / _` | '_ \| | '_ \ / _` |
 | (_| | | | | | | | | (_| |
  \__, |_| |_|_|_| |_|\__,_|
   __/ |                    
  |___/                     

gnina v1.3.1 master:5bd63bd   Built May 23 2025.
gnina is based on smina and AutoDock Vina.
Please cite appropriately.

Commandline: /usr/local/bin/gnina -r /nfs/home/jstempel/vina_inputs/prep/1H6H/receptor_no_ligand.pdb -l /lustre/isaac24/scratch/jstempel/gnina_full_cnn_rescore_exh8_cpu24/_tmp_1H6H_A9rm/ligand.sdf --center_x 10.879 --center_y 22.978 --center_z 5.327 --size_x 12.353 --size_y 23.764 --size_z 12.439 --exhaustiveness 8 --num_modes 20 --cpu 24 --cnn_scoring rescore --scoring vina --addH 0 --log /lustre/isaac24/scratch/jstempel/gnina_full_cnn_rescore_exh8_cpu24/logs/1H6H.log --out /lustre/isaac24/scratch/jstempel/gnina_full_cnn_rescore_exh8_cpu24/flat/1H6H.pdbqt --seed 0 --device 0
Using random seed: 0

mode |  affinity  |  intramol  |    CNN     |   CNN
     | (kcal/mol) | (kcal/mol) | pose score | affinity
-----+------------+------------+------------+----------
    1       -6.79        0.76       0.4741      4.335
    2       -6.70       -0.44       0.4088      4.050
    3       -6.43       -0.65       0.3426      3.908
    4       -6.32       -0.26       0.2814      3.905
    5       -6.33       -0.85       0.2597      3.354
    6       -6.99       -0.06       0.2585      3.704
    7       -6.31       -0.84       0.2215      3.711
    8       -6.09       -0.95       0.1982      3.601
    9       -6.53       -0.96       0.1870      3.643
   10       -5.64       -1.17       0.1771      3.933
   11       -6.78       -0.52       0.1766      4.050
   12       -5.76        0.16       0.1732      3.274
   13       -6.17       -0.55       0.1721      3.728
   14       -5.81       -1.82       0.1716      3.723
   15       -7.14       -1.17       0.1691      3.953
   16       -5.95       -1.48       0.1655      3.712
   17       -6.28       -1.69       0.1605      3.351
   18       -6.92       -1.95       0.1565      4.224
   19       -7.06       -2.31       0.1513      4.236
   20       -5.75       -1.49       0.1500      3.425
 18       -6.92       -1.95       0.1565      4.224
   19       -7.06       -2.31       0.1513      4.236
   20       -5.75       -1.49       0.1500      3.425
