              _             
             (_)            
   __ _ _ __  _ _ __   __ _ 
  / _` | '_ \| | '_ \ / _` |
 | (_| | | | | | | | | (_| |
  \__, |_| |_|_|_| |_|\__,_|
   __/ |                    
  |___/                     

gnina v1.3.1 master:5bd63bd   Built May 23 2025.
gnina is based on smina and AutoDock Vina.
Please cite appropriately.

Commandline: /usr/local/bin/gnina -r /nfs/home/jstempel/vina_inputs/prep/1HMR/receptor_no_ligand.pdb -l /lustre/isaac24/scratch/jstempel/gnina_full_cnn_rescore_exh8_cpu24/_tmp_1HMR_Awor/ligand.sdf --center_x 19.778 --center_y 34.789 --center_z 56.516 --size_x 13.737 --size_y 11.875 --size_z 14.919 --exhaustiveness 8 --num_modes 20 --cpu 24 --cnn_scoring rescore --scoring vina --addH 0 --log /lustre/isaac24/scratch/jstempel/gnina_full_cnn_rescore_exh8_cpu24/logs/1HMR.log --out /lustre/isaac24/scratch/jstempel/gnina_full_cnn_rescore_exh8_cpu24/flat/1HMR.pdbqt --seed 0 --device 0
Using random seed: 0

mode |  affinity  |  intramol  |    CNN     |   CNN
     | (kcal/mol) | (kcal/mol) | pose score | affinity
-----+------------+------------+------------+----------
    1       -6.46       -0.87       0.8465      6.441
    2       -6.02       -1.09       0.8046      6.574
    3       -6.19       -0.97       0.7242      6.542
    4       -5.99       -1.23       0.7240      6.469
    5       -5.82       -1.70       0.6510      6.291
    6       -6.09       -1.13       0.6133      6.091
    7       -5.87       -1.26       0.5962      6.088
    8       -5.56       -1.60       0.5820      6.442
    9       -5.81       -1.18       0.5144      6.045
   10       -5.71       -1.49       0.4963      5.976
   11       -5.69       -1.64       0.4886      6.174
   12       -5.58       -1.24       0.4512      6.142
   13       -6.34       -1.58       0.4348      5.934
   14       -5.23       -1.67       0.4232      6.100
   15       -5.20       -1.55       0.4220      5.627
   16       -5.21       -1.55       0.3961      6.068
   17       -5.98       -1.12       0.3944      5.742
   18       -5.34       -1.95       0.3724      5.474
   19       -5.50       -1.73       0.3698      6.155
   20       -6.05       -1.29       0.3584      5.882
 18       -5.34       -1.95       0.3724      5.474
   19       -5.50       -1.73       0.3698      6.155
   20       -6.05       -1.29       0.3584      5.882
