              _             
             (_)            
   __ _ _ __  _ _ __   __ _ 
  / _` | '_ \| | '_ \ / _` |
 | (_| | | | | | | | | (_| |
  \__, |_| |_|_|_| |_|\__,_|
   __/ |                    
  |___/                     

gnina v1.3.1 master:5bd63bd   Built May 23 2025.
gnina is based on smina and AutoDock Vina.
Please cite appropriately.

Commandline: /usr/local/bin/gnina -r /nfs/home/jstempel/vina_inputs/prep/1HMS/receptor_no_ligand.pdb -l /lustre/isaac24/scratch/jstempel/gnina_full_cnn_rescore_exh8_cpu24/_tmp_1HMS_9JD8/ligand.sdf --center_x 19.945 --center_y 34.722 --center_z 56.928 --size_x 13.265 --size_y 11.558 --size_z 15.149 --exhaustiveness 8 --num_modes 20 --cpu 24 --cnn_scoring rescore --scoring vina --addH 0 --log /lustre/isaac24/scratch/jstempel/gnina_full_cnn_rescore_exh8_cpu24/logs/1HMS.log --out /lustre/isaac24/scratch/jstempel/gnina_full_cnn_rescore_exh8_cpu24/flat/1HMS.pdbqt --seed 0 --device 0
Using random seed: 0

mode |  affinity  |  intramol  |    CNN     |   CNN
     | (kcal/mol) | (kcal/mol) | pose score | affinity
-----+------------+------------+------------+----------
    1       -6.07       -1.14       0.8117      6.647
    2       -6.18       -1.10       0.8005      6.483
    3       -6.08       -1.19       0.7819      6.528
    4       -6.31       -1.32       0.7422      6.199
    5       -6.21       -1.04       0.7374      6.052
    6       -5.45       -1.95       0.7248      6.180
    7       -6.21       -1.12       0.7016      6.341
    8       -5.55       -1.43       0.6913      6.361
    9       -5.96       -1.09       0.6172      6.062
   10       -5.87       -1.55       0.6120      6.100
   11       -5.80       -1.45       0.5843      6.242
   12       -5.60       -2.29       0.5841      6.337
   13       -6.21       -1.13       0.5660      6.163
   14       -6.12       -1.07       0.5657      6.039
   15       -5.84       -1.78       0.5265      6.191
   16       -6.18       -1.14       0.5217      6.063
   17       -5.46       -1.61       0.5180      6.228
   18       -5.35       -0.91       0.4571      6.190
   19       -5.44       -1.75       0.4081      5.837
   20       -5.62       -1.12       0.3833      6.044
 18       -5.35       -0.91       0.4571      6.190
   19       -5.44       -1.75       0.4081      5.837
   20       -5.62       -1.12       0.3833      6.044
