              _             
             (_)            
   __ _ _ __  _ _ __   __ _ 
  / _` | '_ \| | '_ \ / _` |
 | (_| | | | | | | | | (_| |
  \__, |_| |_|_|_| |_|\__,_|
   __/ |                    
  |___/                     

gnina v1.3.1 master:5bd63bd   Built May 23 2025.
gnina is based on smina and AutoDock Vina.
Please cite appropriately.

Commandline: /usr/local/bin/gnina -r /nfs/home/jstempel/vina_inputs/prep/1HMT/receptor_no_ligand.pdb -l /lustre/isaac24/scratch/jstempel/gnina_full_cnn_rescore_exh8_cpu24/_tmp_1HMT_zJBp/ligand.sdf --center_x 19.741 --center_y 34.605 --center_z 56.459 --size_x 13.435 --size_y 11.692 --size_z 15.171 --exhaustiveness 8 --num_modes 20 --cpu 24 --cnn_scoring rescore --scoring vina --addH 0 --log /lustre/isaac24/scratch/jstempel/gnina_full_cnn_rescore_exh8_cpu24/logs/1HMT.log --out /lustre/isaac24/scratch/jstempel/gnina_full_cnn_rescore_exh8_cpu24/flat/1HMT.pdbqt --seed 0 --device 0
Using random seed: 0

mode |  affinity  |  intramol  |    CNN     |   CNN
     | (kcal/mol) | (kcal/mol) | pose score | affinity
-----+------------+------------+------------+----------
    1       -6.28       -1.01       0.8940      6.647
    2       -6.27       -0.85       0.8642      6.608
    3       -6.32       -1.13       0.8398      6.518
    4       -5.99       -1.03       0.7688      6.365
    5       -5.85       -1.66       0.6910      6.588
    6       -5.82       -1.57       0.6320      6.237
    7       -5.67       -1.59       0.6257      6.378
    8       -5.73       -2.31       0.6016      6.331
    9       -5.89       -1.57       0.5774      6.177
   10       -5.49       -1.74       0.5488      6.100
   11       -5.44       -1.76       0.5337      6.188
   12       -6.02       -1.11       0.4980      6.083
   13       -5.49       -2.15       0.4934      6.240
   14       -5.27       -1.76       0.4833      6.084
   15       -5.83       -1.94       0.4701      6.228
   16       -6.40       -1.24       0.4618      5.901
   17       -5.91       -0.92       0.4439      5.974
   18       -5.78       -1.34       0.4361      5.824
   19       -5.63       -1.38       0.4259      5.835
   20       -5.61       -1.44       0.3982      6.009
 18       -5.78       -1.34       0.4361      5.824
   19       -5.63       -1.38       0.4259      5.835
   20       -5.61       -1.44       0.3982      6.009
