              _             
             (_)            
   __ _ _ __  _ _ __   __ _ 
  / _` | '_ \| | '_ \ / _` |
 | (_| | | | | | | | | (_| |
  \__, |_| |_|_|_| |_|\__,_|
   __/ |                    
  |___/                     

gnina v1.3.1 master:5bd63bd   Built May 23 2025.
gnina is based on smina and AutoDock Vina.
Please cite appropriately.

Commandline: /usr/local/bin/gnina -r /nfs/home/jstempel/vina_inputs/prep/1ICM/receptor_no_ligand.pdb -l /lustre/isaac24/scratch/jstempel/gnina_full_cnn_rescore_exh8_cpu24/_tmp_1ICM_R9tL/ligand.sdf --center_x 11.745 --center_y 0.514 --center_z 6.736 --size_x 16.958 --size_y 13.319 --size_z 12.815 --exhaustiveness 8 --num_modes 20 --cpu 24 --cnn_scoring rescore --scoring vina --addH 0 --log /lustre/isaac24/scratch/jstempel/gnina_full_cnn_rescore_exh8_cpu24/logs/1ICM.log --out /lustre/isaac24/scratch/jstempel/gnina_full_cnn_rescore_exh8_cpu24/flat/1ICM.pdbqt --seed 0 --device 0
Using random seed: 0

mode |  affinity  |  intramol  |    CNN     |   CNN
     | (kcal/mol) | (kcal/mol) | pose score | affinity
-----+------------+------------+------------+----------
    1       -6.73       -0.45       0.9585      5.988
    2       -5.89       -0.53       0.9244      5.911
    3       -6.82       -0.49       0.9100      5.669
    4       -6.30       -0.54       0.8958      5.673
    5       -6.29       -0.48       0.8647      5.726
    6       -6.54       -0.60       0.8320      5.919
    7       -5.35       -0.67       0.8213      5.882
    8       -5.69       -0.51       0.8094      5.376
    9       -6.16       -0.64       0.8088      5.549
   10       -5.62       -0.54       0.7630      5.595
   11       -6.09       -0.58       0.7585      5.573
   12       -6.70       -0.69       0.7506      5.597
   13       -6.02       -0.86       0.7332      6.031
   14       -6.01       -0.61       0.7037      5.748
   15       -6.86       -0.59       0.6916      5.522
   16       -5.82       -0.82       0.6483      5.583
   17       -6.16       -0.52       0.6452      5.665
   18       -5.90       -0.66       0.6027      5.493
   19       -5.45       -0.81       0.5958      5.566
   20       -5.59       -0.88       0.5499      5.546
 18       -5.90       -0.66       0.6027      5.493
   19       -5.45       -0.81       0.5958      5.566
   20       -5.59       -0.88       0.5499      5.546
