              _             
             (_)            
   __ _ _ __  _ _ __   __ _ 
  / _` | '_ \| | '_ \ / _` |
 | (_| | | | | | | | | (_| |
  \__, |_| |_|_|_| |_|\__,_|
   __/ |                    
  |___/                     

gnina v1.3.1 master:5bd63bd   Built May 23 2025.
gnina is based on smina and AutoDock Vina.
Please cite appropriately.

Commandline: /usr/local/bin/gnina -r /nfs/home/jstempel/vina_inputs/prep/1LID/receptor_no_ligand.pdb -l /lustre/isaac24/scratch/jstempel/gnina_full_cnn_rescore_exh8_cpu24/_tmp_1LID_ZLLr/ligand.sdf --center_x -49.025 --center_y 70.377 --center_z -9.160 --size_x 16.222 --size_y 13.424 --size_z 16.707 --exhaustiveness 8 --num_modes 20 --cpu 24 --cnn_scoring rescore --scoring vina --addH 0 --log /lustre/isaac24/scratch/jstempel/gnina_full_cnn_rescore_exh8_cpu24/logs/1LID.log --out /lustre/isaac24/scratch/jstempel/gnina_full_cnn_rescore_exh8_cpu24/flat/1LID.pdbqt --seed 0 --device 0
Using random seed: 0

mode |  affinity  |  intramol  |    CNN     |   CNN
     | (kcal/mol) | (kcal/mol) | pose score | affinity
-----+------------+------------+------------+----------
    1       -5.66       -0.79       0.9338      6.099
    2       -5.65       -0.83       0.9035      6.293
    3       -5.50       -1.08       0.8787      6.257
    4       -5.23       -1.08       0.8675      6.444
    5       -5.04       -0.44       0.8359      6.331
    6       -4.98       -0.87       0.8007      6.053
    7       -5.07       -1.26       0.7832      6.362
    8       -5.72       -1.06       0.7781      6.202
    9       -6.06       -0.67       0.7747      6.250
   10       -5.07       -1.29       0.7517      5.532
   11       -5.23       -1.26       0.7418      5.766
   12       -5.60       -1.44       0.6914      5.880
   13       -5.62       -1.72       0.6784      6.309
   14       -5.19       -1.39       0.6734      6.233
   15       -5.08       -1.42       0.6607      6.067
   16       -5.41       -1.14       0.6462      5.969
   17       -4.98       -1.19       0.6439      5.770
   18       -5.35       -1.20       0.6270      5.803
   19       -5.46       -1.12       0.5974      5.994
   20       -5.74       -1.33       0.5649      5.895
 18       -5.35       -1.20       0.6270      5.803
   19       -5.46       -1.12       0.5974      5.994
   20       -5.74       -1.33       0.5649      5.895
