              _             
             (_)            
   __ _ _ __  _ _ __   __ _ 
  / _` | '_ \| | '_ \ / _` |
 | (_| | | | | | | | | (_| |
  \__, |_| |_|_|_| |_|\__,_|
   __/ |                    
  |___/                     

gnina v1.3.1 master:5bd63bd   Built May 23 2025.
gnina is based on smina and AutoDock Vina.
Please cite appropriately.

Commandline: /usr/local/bin/gnina -r /nfs/home/jstempel/vina_inputs/prep/1LN1/receptor_no_ligand.pdb -l /lustre/isaac24/scratch/jstempel/gnina_full_cnn_rescore_exh8_cpu24/_tmp_1LN1_V9MX/ligand.sdf --center_x 50.991 --center_y 48.373 --center_z 18.007 --size_x 17.365 --size_y 19.027 --size_z 20.242 --exhaustiveness 8 --num_modes 20 --cpu 24 --cnn_scoring rescore --scoring vina --addH 0 --log /lustre/isaac24/scratch/jstempel/gnina_full_cnn_rescore_exh8_cpu24/logs/1LN1.log --out /lustre/isaac24/scratch/jstempel/gnina_full_cnn_rescore_exh8_cpu24/flat/1LN1.pdbqt --seed 0 --device 0
Using random seed: 0

mode |  affinity  |  intramol  |    CNN     |   CNN
     | (kcal/mol) | (kcal/mol) | pose score | affinity
-----+------------+------------+------------+----------
    1       -7.64       -3.81       0.5306      8.673
    2       -8.10       -4.71       0.5128      8.290
    3       -8.18       -4.23       0.5032      8.459
    4       -7.98       -5.33       0.4494      8.335
    5       -7.89       -6.33       0.4420      8.055
    6       -7.50       -5.00       0.4331      8.357
    7       -8.10       -3.90       0.4276      8.100
    8       -8.06       -5.36       0.4164      8.347
    9       -7.89       -4.23       0.4021      8.114
   10       -7.43       -5.62       0.4016      8.343
   11       -7.38       -6.41       0.3835      8.374
   12       -7.93       -4.49       0.3787      8.230
   13       -7.96       -3.73       0.3772      8.214
   14       -7.62       -4.33       0.3703      8.187
   15       -7.38       -6.01       0.3488      8.238
   16       -8.03       -4.27       0.3013      7.826
   17       -7.82       -5.03       0.2992      7.879
   18       -7.71       -5.64       0.2867      7.817
   19       -8.25       -4.66       0.2851      7.589
   20       -8.17       -5.36       0.2811      7.776
 18       -7.71       -5.64       0.2867      7.817
   19       -8.25       -4.66       0.2851      7.589
   20       -8.17       -5.36       0.2811      7.776
