              _             
             (_)            
   __ _ _ __  _ _ __   __ _ 
  / _` | '_ \| | '_ \ / _` |
 | (_| | | | | | | | | (_| |
  \__, |_| |_|_|_| |_|\__,_|
   __/ |                    
  |___/                     

gnina v1.3.1 master:5bd63bd   Built May 23 2025.
gnina is based on smina and AutoDock Vina.
Please cite appropriately.

Commandline: /usr/local/bin/gnina -r /nfs/home/jstempel/vina_inputs/prep/1LRI/receptor_no_ligand.pdb -l /lustre/isaac24/scratch/jstempel/gnina_full_cnn_rescore_exh8_cpu24/_tmp_1LRI_O9vZ/ligand.sdf --center_x 4.725 --center_y 10.836 --center_z 6.650 --size_x 12.059 --size_y 11.400 --size_z 22.191 --exhaustiveness 8 --num_modes 20 --cpu 24 --cnn_scoring rescore --scoring vina --addH 0 --log /lustre/isaac24/scratch/jstempel/gnina_full_cnn_rescore_exh8_cpu24/logs/1LRI.log --out /lustre/isaac24/scratch/jstempel/gnina_full_cnn_rescore_exh8_cpu24/flat/1LRI.pdbqt --seed 0 --device 0
Using random seed: 0

mode |  affinity  |  intramol  |    CNN     |   CNN
     | (kcal/mol) | (kcal/mol) | pose score | affinity
-----+------------+------------+------------+----------
    1      -10.83       -0.83       0.8976      7.901
    2      -10.09       -0.49       0.8028      7.762
    3      -10.51        0.42       0.7911      7.596
    4       -9.62       -0.93       0.7442      7.633
    5       -9.90       -0.07       0.7427      7.327
    6       -9.08       -1.05       0.7034      7.676
    7       -9.76       -0.95       0.6826      7.459
    8       -9.47       -0.23       0.6627      7.325
    9      -10.08       -0.60       0.6287      7.505
   10      -10.75       -0.37       0.5569      7.846
   11       -9.26       -0.80       0.5322      7.522
   12       -9.86       -0.24       0.5207      7.461
   13       -9.89        0.32       0.5171      7.564
   14       -8.25        0.54       0.5034      7.270
   15      -10.01       -0.85       0.4982      7.544
   16       -9.59        1.22       0.4832      7.631
   17       -8.48        0.40       0.4426      7.735
   18      -10.12       -0.92       0.4410      7.467
   19       -9.71       -1.26       0.4211      7.491
   20       -8.76       -1.28       0.3100      7.079
31
   17       -8.48        0.40       0.4426      7.735
   18      -10.12       -0.92       0.4410      7.467
   19       -9.71       -1.26       0.4211      7.491
   20       -8.76       -1.28       0.3100      7.079
