              _             
             (_)            
   __ _ _ __  _ _ __   __ _ 
  / _` | '_ \| | '_ \ / _` |
 | (_| | | | | | | | | (_| |
  \__, |_| |_|_|_| |_|\__,_|
   __/ |                    
  |___/                     

gnina v1.3.1 master:5bd63bd   Built May 23 2025.
gnina is based on smina and AutoDock Vina.
Please cite appropriately.

Commandline: /usr/local/bin/gnina -r /nfs/home/jstempel/vina_inputs/prep/1N83/receptor_no_ligand.pdb -l /lustre/isaac24/scratch/jstempel/gnina_full_cnn_rescore_exh8_cpu24/_tmp_1N83_0Uh6/ligand.sdf --center_x 22.252 --center_y 25.123 --center_z 17.616 --size_x 21.925 --size_y 12.602 --size_z 9.447 --exhaustiveness 8 --num_modes 20 --cpu 24 --cnn_scoring rescore --scoring vina --addH 0 --log /lustre/isaac24/scratch/jstempel/gnina_full_cnn_rescore_exh8_cpu24/logs/1N83.log --out /lustre/isaac24/scratch/jstempel/gnina_full_cnn_rescore_exh8_cpu24/flat/1N83.pdbqt --seed 0 --device 0
Using random seed: 0

mode |  affinity  |  intramol  |    CNN     |   CNN
     | (kcal/mol) | (kcal/mol) | pose score | affinity
-----+------------+------------+------------+----------
    1      -11.46        0.03       0.9591      8.059
    2      -11.74       -0.56       0.9583      8.018
    3      -10.61        0.41       0.9155      8.066
    4      -10.31       -0.21       0.8823      7.671
    5      -10.83        0.17       0.8752      7.827
    6      -11.43        0.05       0.8362      7.680
    7       -9.37        0.62       0.8158      7.559
    8      -11.02       -0.23       0.7633      7.543
    9       -9.71       -0.59       0.6728      7.875
   10      -10.24        0.69       0.6658      7.512
   11       -8.99        0.25       0.6458      7.462
   12       -6.37        0.50       0.5325      7.659
   13      -10.61       -0.32       0.4443      7.411
   14      -10.11       -0.63       0.3714      6.925
   15       -8.19       -0.55       0.3687      7.621
   16       -9.96       -0.05       0.3138      7.295
   17      -10.61       -0.53       0.3047      7.098
   18      -10.62        0.51       0.3027      7.179
   19      -10.21       -0.73       0.2857      6.911
   20       -7.14        0.15       0.2813      7.436
95
   17      -10.61       -0.53       0.3047      7.098
   18      -10.62        0.51       0.3027      7.179
   19      -10.21       -0.73       0.2857      6.911
   20       -7.14        0.15       0.2813      7.436
