              _             
             (_)            
   __ _ _ __  _ _ __   __ _ 
  / _` | '_ \| | '_ \ / _` |
 | (_| | | | | | | | | (_| |
  \__, |_| |_|_|_| |_|\__,_|
   __/ |                    
  |___/                     

gnina v1.3.1 master:5bd63bd   Built May 23 2025.
gnina is based on smina and AutoDock Vina.
Please cite appropriately.

Commandline: /usr/local/bin/gnina -r /nfs/home/jstempel/vina_inputs/prep/1O8V/receptor_no_ligand.pdb -l /lustre/isaac24/scratch/jstempel/gnina_full_cnn_rescore_exh8_cpu24/_tmp_1O8V_G58Z/ligand.sdf --center_x 4.546 --center_y -5.709 --center_z 8.547 --size_x 11.456 --size_y 15.249 --size_z 13.644 --exhaustiveness 8 --num_modes 20 --cpu 24 --cnn_scoring rescore --scoring vina --addH 0 --log /lustre/isaac24/scratch/jstempel/gnina_full_cnn_rescore_exh8_cpu24/logs/1O8V.log --out /lustre/isaac24/scratch/jstempel/gnina_full_cnn_rescore_exh8_cpu24/flat/1O8V.pdbqt --seed 0 --device 0
Using random seed: 0

mode |  affinity  |  intramol  |    CNN     |   CNN
     | (kcal/mol) | (kcal/mol) | pose score | affinity
-----+------------+------------+------------+----------
    1       -6.05       -0.60       0.9096      6.075
    2       -6.25       -0.80       0.8700      6.006
    3       -6.15       -0.70       0.8270      5.587
    4       -6.38       -0.75       0.7229      5.610
    5       -6.16       -0.98       0.7104      5.637
    6       -5.06       -1.11       0.7056      5.699
    7       -5.60       -0.60       0.6922      5.614
    8       -5.31       -1.08       0.6135      5.152
    9       -5.12       -1.33       0.5951      5.556
   10       -5.93       -1.12       0.5912      5.644
   11       -5.31       -0.94       0.5877      5.578
   12       -5.18       -0.83       0.5626      5.810
   13       -5.16       -1.04       0.5617      5.684
   14       -5.44       -1.32       0.4746      5.885
   15       -5.76       -1.20       0.4598      5.429
   16       -5.34       -1.52       0.4570      5.600
   17       -5.66       -1.14       0.3705      5.268
   18       -5.36       -0.97       0.3197      5.233
   19       -5.34       -0.72       0.3135      4.996
   20       -5.32       -1.49       0.3029      5.632
00
   17       -5.66       -1.14       0.3705      5.268
   18       -5.36       -0.97       0.3197      5.233
   19       -5.34       -0.72       0.3135      4.996
   20       -5.32       -1.49       0.3029      5.632
