              _             
             (_)            
   __ _ _ __  _ _ __   __ _ 
  / _` | '_ \| | '_ \ / _` |
 | (_| | | | | | | | | (_| |
  \__, |_| |_|_|_| |_|\__,_|
   __/ |                    
  |___/                     

gnina v1.3.1 master:5bd63bd   Built May 23 2025.
gnina is based on smina and AutoDock Vina.
Please cite appropriately.

Commandline: /usr/local/bin/gnina -r /nfs/home/jstempel/vina_inputs/prep/1P6E/receptor_no_ligand.pdb -l /lustre/isaac24/scratch/jstempel/gnina_full_cnn_rescore_exh8_cpu24/_tmp_1P6E_bHx2/ligand.sdf --center_x 40.218 --center_y 23.084 --center_z 1.313 --size_x 12.749 --size_y 14.228 --size_z 18.269 --exhaustiveness 8 --num_modes 20 --cpu 24 --cnn_scoring rescore --scoring vina --addH 0 --log /lustre/isaac24/scratch/jstempel/gnina_full_cnn_rescore_exh8_cpu24/logs/1P6E.log --out /lustre/isaac24/scratch/jstempel/gnina_full_cnn_rescore_exh8_cpu24/flat/1P6E.pdbqt --seed 0 --device 0
Using random seed: 0

mode |  affinity  |  intramol  |    CNN     |   CNN
     | (kcal/mol) | (kcal/mol) | pose score | affinity
-----+------------+------------+------------+----------
    1       -6.55       -0.24       0.7077      4.919
    2       -6.86        0.01       0.5981      4.768
    3       -6.33       -0.80       0.4756      4.617
    4       -5.17       -0.43       0.4616      4.498
    5       -6.45       -0.31       0.4168      4.352
    6       -6.58        0.10       0.4009      4.525
    7       -5.79       -0.75       0.3815      4.222
    8       -5.50       -0.69       0.3529      4.528
    9       -5.32       -0.46       0.3472      3.996
   10       -5.47       -0.69       0.3426      3.990
   11       -5.81       -0.62       0.3404      4.425
   12       -5.46       -0.26       0.3174      4.484
   13       -6.22       -0.41       0.2754      4.238
   14       -5.66       -0.53       0.2722      4.103
   15       -5.22       -0.47       0.2676      3.894
   16       -5.46        0.36       0.2591      3.986
   17       -5.39       -0.69       0.2403      3.878
   18       -4.84       -0.43       0.2384      4.356
   19       -5.00       -0.89       0.2314      3.912
   20       -5.32        0.20       0.2210      3.933
 18       -4.84       -0.43       0.2384      4.356
   19       -5.00       -0.89       0.2314      3.912
   20       -5.32        0.20       0.2210      3.933
