              _             
             (_)            
   __ _ _ __  _ _ __   __ _ 
  / _` | '_ \| | '_ \ / _` |
 | (_| | | | | | | | | (_| |
  \__, |_| |_|_|_| |_|\__,_|
   __/ |                    
  |___/                     

gnina v1.3.1 master:5bd63bd   Built May 23 2025.
gnina is based on smina and AutoDock Vina.
Please cite appropriately.

Commandline: /usr/local/bin/gnina -r /nfs/home/jstempel/vina_inputs/prep/1PUB/receptor_no_ligand.pdb -l /lustre/isaac24/scratch/jstempel/gnina_full_cnn_rescore_exh8_cpu24/_tmp_1PUB_2wEM/ligand.sdf --center_x 27.335 --center_y -5.326 --center_z 14.922 --size_x 16.340 --size_y 13.783 --size_z 29.775 --exhaustiveness 8 --num_modes 20 --cpu 24 --cnn_scoring rescore --scoring vina --addH 0 --log /lustre/isaac24/scratch/jstempel/gnina_full_cnn_rescore_exh8_cpu24/logs/1PUB.log --out /lustre/isaac24/scratch/jstempel/gnina_full_cnn_rescore_exh8_cpu24/flat/1PUB.pdbqt --seed 0 --device 0
Using random seed: 0

mode |  affinity  |  intramol  |    CNN     |   CNN
     | (kcal/mol) | (kcal/mol) | pose score | affinity
-----+------------+------------+------------+----------
    1       -5.91       -2.38       0.7788      7.787
    2       -6.56       -2.82       0.5835      7.406
    3       -5.58       -2.96       0.5644      7.729
    4       -5.44       -2.83       0.5431      7.449
    5       -6.32       -2.38       0.4112      7.195
    6       -6.70       -2.46       0.3953      7.108
    7       -6.35       -2.63       0.3908      6.943
    8       -5.61       -3.33       0.3899      7.499
    9       -5.75       -3.29       0.3792      7.536
   10       -6.30       -3.75       0.3702      7.783
   11       -6.33       -3.70       0.3674      7.598
   12       -5.53       -3.15       0.3550      7.724
   13       -5.98       -2.49       0.3543      7.250
   14       -6.59       -3.51       0.3260      7.378
   15       -6.59       -0.89       0.3089      7.316
   16       -6.58       -4.02       0.3062      7.822
   17       -6.02       -3.71       0.3057      7.387
   18       -6.10       -3.97       0.2987      7.471
   19       -6.60       -3.46       0.2970      7.109
   20       -6.21       -3.94       0.2956      7.714
 18       -6.10       -3.97       0.2987      7.471
   19       -6.60       -3.46       0.2970      7.109
   20       -6.21       -3.94       0.2956      7.714
