              _             
             (_)            
   __ _ _ __  _ _ __   __ _ 
  / _` | '_ \| | '_ \ / _` |
 | (_| | | | | | | | | (_| |
  \__, |_| |_|_|_| |_|\__,_|
   __/ |                    
  |___/                     

gnina v1.3.1 master:5bd63bd   Built May 23 2025.
gnina is based on smina and AutoDock Vina.
Please cite appropriately.

Commandline: /usr/local/bin/gnina -r /nfs/home/jstempel/vina_inputs/prep/1PZ4/receptor_no_ligand.pdb -l /lustre/isaac24/scratch/jstempel/gnina_full_cnn_rescore_exh8_cpu24/_tmp_1PZ4_Hl8b/ligand.sdf --center_x 25.188 --center_y 29.746 --center_z 54.911 --size_x 13.460 --size_y 13.900 --size_z 18.598 --exhaustiveness 8 --num_modes 20 --cpu 24 --cnn_scoring rescore --scoring vina --addH 0 --log /lustre/isaac24/scratch/jstempel/gnina_full_cnn_rescore_exh8_cpu24/logs/1PZ4.log --out /lustre/isaac24/scratch/jstempel/gnina_full_cnn_rescore_exh8_cpu24/flat/1PZ4.pdbqt --seed 0 --device 0
Using random seed: 0

mode |  affinity  |  intramol  |    CNN     |   CNN
     | (kcal/mol) | (kcal/mol) | pose score | affinity
-----+------------+------------+------------+----------
    1       -6.66       -0.85       0.8921      6.285
    2       -6.88       -0.72       0.8876      6.402
    3       -6.35       -0.71       0.7912      6.078
    4       -5.73       -0.46       0.7656      6.099
    5       -6.48       -0.80       0.7577      6.006
    6       -6.75       -1.39       0.6778      6.262
    7       -6.21       -0.95       0.5202      5.752
    8       -6.07       -1.02       0.5169      6.014
    9       -6.18       -0.99       0.3034      5.261
   10       -6.79       -0.99       0.2900      5.293
   11       -6.31       -1.15       0.2217      5.515
   12       -5.81       -0.76       0.2102      5.470
   13       -6.32       -0.95       0.1730      4.965
   14       -3.73       -0.76       0.1654      3.855
   15       -5.89       -1.29       0.1588      4.405
   16       -6.41       -1.12       0.1575      5.032
   17       -6.24       -0.62       0.1495      4.881
   18       -6.26       -0.82       0.1468      4.561
   19       -5.91       -0.94       0.1129      3.813
 17       -6.24       -0.62       0.1495      4.881
   18       -6.26       -0.82       0.1468      4.561
   19       -5.91       -0.94       0.1129      3.813
