              _             
             (_)            
   __ _ _ __  _ _ __   __ _ 
  / _` | '_ \| | '_ \ / _` |
 | (_| | | | | | | | | (_| |
  \__, |_| |_|_|_| |_|\__,_|
   __/ |                    
  |___/                     

gnina v1.3.1 master:5bd63bd   Built May 23 2025.
gnina is based on smina and AutoDock Vina.
Please cite appropriately.

Commandline: /usr/local/bin/gnina -r /nfs/home/jstempel/vina_inputs/prep/1S8G/receptor_no_ligand.pdb -l /lustre/isaac24/scratch/jstempel/gnina_full_cnn_rescore_exh8_cpu24/_tmp_1S8G_GqkR/ligand.sdf --center_x 22.895 --center_y 34.977 --center_z -0.774 --size_x 9.012 --size_y 9.156 --size_z 17.783 --exhaustiveness 8 --num_modes 20 --cpu 24 --cnn_scoring rescore --scoring vina --addH 0 --log /lustre/isaac24/scratch/jstempel/gnina_full_cnn_rescore_exh8_cpu24/logs/1S8G.log --out /lustre/isaac24/scratch/jstempel/gnina_full_cnn_rescore_exh8_cpu24/flat/1S8G.pdbqt --seed 0 --device 0
Using random seed: 0

mode |  affinity  |  intramol  |    CNN     |   CNN
     | (kcal/mol) | (kcal/mol) | pose score | affinity
-----+------------+------------+------------+----------
    1       -4.47       -0.46       0.9078      5.927
    2       -4.41       -0.47       0.8527      6.284
    3       -5.24       -0.47       0.8441      5.784
    4       -4.80       -0.48       0.8370      5.809
    5       -4.07       -0.55       0.8328      6.067
    6       -4.71       -0.57       0.8264      5.505
    7       -3.78       -0.40       0.8019      5.439
    8       -5.10       -0.46       0.8004      5.453
    9       -5.00       -0.50       0.7691      5.520
   10       -3.85       -0.43       0.7468      5.861
   11       -4.44       -0.47       0.7133      5.332
   12       -4.16       -0.49       0.7100      5.540
   13       -4.52       -0.54       0.6848      6.049
   14       -5.24       -0.64       0.6733      5.842
   15       -3.82       -0.66       0.6427      5.463
   16       -4.76       -0.70       0.6406      5.345
   17       -3.73       -0.45       0.6176      5.168
   18       -4.70       -0.61       0.6095      5.630
   19       -4.00       -0.51       0.5688      5.180
   20       -4.62       -0.64       0.5542      5.590
 18       -4.70       -0.61       0.6095      5.630
   19       -4.00       -0.51       0.5688      5.180
   20       -4.62       -0.64       0.5542      5.590
