              _             
             (_)            
   __ _ _ __  _ _ __   __ _ 
  / _` | '_ \| | '_ \ / _` |
 | (_| | | | | | | | | (_| |
  \__, |_| |_|_|_| |_|\__,_|
   __/ |                    
  |___/                     

gnina v1.3.1 master:5bd63bd   Built May 23 2025.
gnina is based on smina and AutoDock Vina.
Please cite appropriately.

Commandline: /usr/local/bin/gnina -r /nfs/home/jstempel/vina_inputs/prep/1TC8/receptor_no_ligand.pdb -l /lustre/isaac24/scratch/jstempel/gnina_full_cnn_rescore_exh8_cpu24/_tmp_1TC8_Beym/ligand.sdf --center_x -0.778 --center_y 26.949 --center_z -2.212 --size_x 9.230 --size_y 11.710 --size_z 16.974 --exhaustiveness 8 --num_modes 20 --cpu 24 --cnn_scoring rescore --scoring vina --addH 0 --log /lustre/isaac24/scratch/jstempel/gnina_full_cnn_rescore_exh8_cpu24/logs/1TC8.log --out /lustre/isaac24/scratch/jstempel/gnina_full_cnn_rescore_exh8_cpu24/flat/1TC8.pdbqt --seed 0 --device 0
Using random seed: 0

mode |  affinity  |  intramol  |    CNN     |   CNN
     | (kcal/mol) | (kcal/mol) | pose score | affinity
-----+------------+------------+------------+----------
    1       -4.70       -0.47       0.7932      5.564
    2       -4.58       -0.50       0.7160      5.839
    3       -5.07       -0.40       0.6992      5.846
    4       -4.25       -1.03       0.6496      5.640
    5       -4.46       -0.57       0.6422      5.729
    6       -4.31       -0.51       0.6396      5.774
    7       -4.36       -0.89       0.5257      5.278
    8       -5.40       -0.83       0.5246      5.994
    9       -5.33       -0.44       0.5146      5.635
   10       -4.37       -0.89       0.5088      5.250
   11       -4.85       -0.73       0.5085      5.490
   12       -4.11       -1.04       0.5061      5.450
   13       -4.78       -0.89       0.4836      5.308
   14       -4.40       -0.88       0.4672      5.507
   15       -4.52       -0.93       0.4577      5.234
   16       -4.39       -1.00       0.4542      5.402
   17       -4.52       -1.07       0.4508      5.290
   18       -4.33       -0.96       0.4501      5.562
   19       -5.84       -0.89       0.4414      5.897
   20       -5.97       -0.69       0.4260      5.750
 18       -4.33       -0.96       0.4501      5.562
   19       -5.84       -0.89       0.4414      5.897
   20       -5.97       -0.69       0.4260      5.750
