              _             
             (_)            
   __ _ _ __  _ _ __   __ _ 
  / _` | '_ \| | '_ \ / _` |
 | (_| | | | | | | | | (_| |
  \__, |_| |_|_|_| |_|\__,_|
   __/ |                    
  |___/                     

gnina v1.3.1 master:5bd63bd   Built May 23 2025.
gnina is based on smina and AutoDock Vina.
Please cite appropriately.

Commandline: /usr/local/bin/gnina -r /nfs/home/jstempel/vina_inputs/prep/2A1L/receptor_no_ligand.pdb -l /lustre/isaac24/scratch/jstempel/gnina_full_cnn_rescore_exh8_cpu24/_tmp_2A1L_ElAz/ligand.sdf --center_x 1.627 --center_y 8.969 --center_z 50.356 --size_x 19.181 --size_y 30.523 --size_z 14.424 --exhaustiveness 8 --num_modes 20 --cpu 24 --cnn_scoring rescore --scoring vina --addH 0 --log /lustre/isaac24/scratch/jstempel/gnina_full_cnn_rescore_exh8_cpu24/logs/2A1L.log --out /lustre/isaac24/scratch/jstempel/gnina_full_cnn_rescore_exh8_cpu24/flat/2A1L.pdbqt --seed 0 --device 0
Using random seed: 0

mode |  affinity  |  intramol  |    CNN     |   CNN
     | (kcal/mol) | (kcal/mol) | pose score | affinity
-----+------------+------------+------------+----------
    1       -8.52       -4.19       0.4974      8.312
    2       -8.56       -3.81       0.4876      8.168
    3       -8.11       -3.65       0.3828      8.103
    4       -7.82       -3.83       0.3524      8.202
    5       -7.25       -3.10       0.2977      7.595
    6       -7.67       -4.81       0.2746      8.488
    7       -8.13       -5.07       0.2585      8.429
    8       -7.55       -2.97       0.2466      6.976
    9       -7.39       -2.04       0.2391      7.864
   10       -8.24       -3.55       0.2332      8.053
   11       -8.17       -3.19       0.2072      8.021
   12       -8.04       -4.00       0.2064      8.100
   13       -8.03       -2.93       0.2063      7.820
   14       -8.44       -3.49       0.1932      8.017
   15       -7.92       -3.76       0.1805      7.850
   16       -7.29       -2.15       0.1771      6.803
   17       -7.50       -5.54       0.1572      8.471
   18       -7.55       -2.91       0.1505      7.212
   19       -8.12       -3.49       0.1495      6.962
   20       -7.58       -3.82       0.1454      7.011
 18       -7.55       -2.91       0.1505      7.212
   19       -8.12       -3.49       0.1495      6.962
   20       -7.58       -3.82       0.1454      7.011
