              _             
             (_)            
   __ _ _ __  _ _ __   __ _ 
  / _` | '_ \| | '_ \ / _` |
 | (_| | | | | | | | | (_| |
  \__, |_| |_|_|_| |_|\__,_|
   __/ |                    
  |___/                     

gnina v1.3.1 master:5bd63bd   Built May 23 2025.
gnina is based on smina and AutoDock Vina.
Please cite appropriately.

Commandline: /usr/local/bin/gnina -r /nfs/home/jstempel/vina_inputs/prep/2BV7/receptor_no_ligand.pdb -l /lustre/isaac24/scratch/jstempel/gnina_full_cnn_rescore_exh8_cpu24/_tmp_2BV7_MIhS/ligand.sdf --center_x 5.730 --center_y -7.172 --center_z 13.305 --size_x 27.235 --size_y 27.911 --size_z 18.323 --exhaustiveness 8 --num_modes 20 --cpu 24 --cnn_scoring rescore --scoring vina --addH 0 --log /lustre/isaac24/scratch/jstempel/gnina_full_cnn_rescore_exh8_cpu24/logs/2BV7.log --out /lustre/isaac24/scratch/jstempel/gnina_full_cnn_rescore_exh8_cpu24/flat/2BV7.pdbqt --seed 0 --device 0
Using random seed: 0

mode |  affinity  |  intramol  |    CNN     |   CNN
     | (kcal/mol) | (kcal/mol) | pose score | affinity
-----+------------+------------+------------+----------
    1       -8.86       -1.58       0.9606      7.834
    2       -7.60       -1.64       0.8897      8.184
    3       -8.18       -2.45       0.8882      7.385
    4       -8.17       -0.78       0.8754      7.659
    5       -8.24       -1.18       0.7105      7.165
    6       -6.97       -1.44       0.6878      7.604
    7       -8.33       -2.35       0.6604      7.226
    8       -7.69       -1.65       0.6249      7.001
    9       -8.07       -1.90       0.5311      7.086
   10       -8.17       -1.62       0.4513      6.777
   11       -8.11       -0.41       0.4169      6.652
   12       -6.08       -1.75       0.3184      6.161
   13       -6.33       -1.22       0.3094      6.218
   14       -6.87       -2.69       0.3080      6.467
   15       -7.81       -0.48       0.2841      7.159
   16       -6.76       -2.14       0.2744      6.475
   17       -6.45       -0.57       0.2689      6.883
   18       -8.16        0.21       0.2552      6.637
   19       -6.92       -0.13       0.2470      6.017
   20       -6.08       -2.62       0.2370      6.394
0.3094      6.218
   14       -6.87       -2.69       0.3080      6.467
   15       -7.81       -0.48       0.2841      7.159
   16       -6.76       -2.14       0.2744      6.475
   17       -6.45       -0.57       0.2689      6.883
   18       -8.16        0.21       0.2552      6.637
   19       -6.92       -0.13       0.2470      6.017
   20       -6.08       -2.62       0.2370      6.394
