              _             
             (_)            
   __ _ _ __  _ _ __   __ _ 
  / _` | '_ \| | '_ \ / _` |
 | (_| | | | | | | | | (_| |
  \__, |_| |_|_|_| |_|\__,_|
   __/ |                    
  |___/                     

gnina v1.3.1 master:5bd63bd   Built May 23 2025.
gnina is based on smina and AutoDock Vina.
Please cite appropriately.

Commandline: /usr/local/bin/gnina -r /nfs/home/jstempel/vina_inputs/prep/2DT8/receptor_no_ligand.pdb -l /lustre/isaac24/scratch/jstempel/gnina_full_cnn_rescore_exh8_cpu24/_tmp_2DT8_ACEV/ligand.sdf --center_x 14.743 --center_y 23.686 --center_z 13.062 --size_x 13.841 --size_y 18.601 --size_z 15.545 --exhaustiveness 8 --num_modes 20 --cpu 24 --cnn_scoring rescore --scoring vina --addH 0 --log /lustre/isaac24/scratch/jstempel/gnina_full_cnn_rescore_exh8_cpu24/logs/2DT8.log --out /lustre/isaac24/scratch/jstempel/gnina_full_cnn_rescore_exh8_cpu24/flat/2DT8.pdbqt --seed 0 --device 0
Using random seed: 0

mode |  affinity  |  intramol  |    CNN     |   CNN
     | (kcal/mol) | (kcal/mol) | pose score | affinity
-----+------------+------------+------------+----------
    1       -7.11       -0.58       0.9760      6.369
    2       -7.10       -0.43       0.9641      5.978
    3       -7.40       -0.81       0.9523      6.473
    4       -7.40       -0.70       0.9434      6.249
    5       -2.83       -0.86       0.7138      5.690
    6       -7.32       -0.64       0.6929      5.799
    7       -6.62       -1.09       0.6803      6.092
    8       -6.33       -0.87       0.6326      5.440
    9       -5.57        0.65       0.5951      5.670
   10       -6.68       -0.85       0.5746      5.554
   11       -5.38       -0.53       0.4742      5.105
   12       -2.93       -0.86       0.3432      5.272
   13       27.28       -0.72       0.2728      3.857
   14       -5.83       -0.46       0.2600      5.382
   15       -4.51       -0.62       0.2591      3.946
   16       -4.34        0.28       0.2569      3.995
   17       42.71       -0.61       0.2521      4.163
   18       -3.26       -0.11       0.2461      4.113
   19       -1.09       -0.59       0.2251      3.815
   20       -3.62       -0.59       0.1991      3.623
  8       -6.33       -0.87       0.6326      5.440
    9       -5.57        0.65       0.5951      5.670
   10       -6.68       -0.85       0.5746      5.554
   11       -5.38       -0.53       0.4742      5.105
   12       -2.93       -0.86       0.3432      5.272
   13       27.28       -0.72       0.2728      3.857
   14       -5.83       -0.46       0.2600      5.382
   15       -4.51       -0.62       0.2591      3.946
   16       -4.34        0.28       0.2569      3.995
   17       42.71       -0.61       0.2521      4.163
   18       -3.26       -0.11       0.2461      4.113
   19       -1.09       -0.59       0.2251      3.815
   20       -3.62       -0.59       0.1991      3.623
