              _             
             (_)            
   __ _ _ __  _ _ __   __ _ 
  / _` | '_ \| | '_ \ / _` |
 | (_| | | | | | | | | (_| |
  \__, |_| |_|_|_| |_|\__,_|
   __/ |                    
  |___/                     

gnina v1.3.1 master:5bd63bd   Built May 23 2025.
gnina is based on smina and AutoDock Vina.
Please cite appropriately.

Commandline: /usr/local/bin/gnina -r /nfs/home/jstempel/vina_inputs/prep/2E3N/receptor_no_ligand.pdb -l /lustre/isaac24/scratch/jstempel/gnina_full_cnn_rescore_exh8_cpu24/_tmp_2E3N_9Biw/ligand.sdf --center_x 6.802 --center_y 27.736 --center_z -7.259 --size_x 13.988 --size_y 13.148 --size_z 23.186 --exhaustiveness 8 --num_modes 20 --cpu 24 --cnn_scoring rescore --scoring vina --addH 0 --log /lustre/isaac24/scratch/jstempel/gnina_full_cnn_rescore_exh8_cpu24/logs/2E3N.log --out /lustre/isaac24/scratch/jstempel/gnina_full_cnn_rescore_exh8_cpu24/flat/2E3N.pdbqt --seed 0 --device 0
Using random seed: 0

mode |  affinity  |  intramol  |    CNN     |   CNN
     | (kcal/mol) | (kcal/mol) | pose score | affinity
-----+------------+------------+------------+----------
    1       -7.48       -0.67       0.9171      7.459
    2       -7.77       -0.56       0.8863      7.621
    3       -7.69       -1.70       0.8708      7.356
    4       -7.72       -1.52       0.8010      7.126
    5       -6.98       -1.97       0.7961      7.116
    6       -6.73       -2.13       0.7730      7.220
    7       -7.27       -1.63       0.7327      7.085
    8       -7.10       -1.55       0.7188      7.115
    9       -6.83       -1.31       0.6656      6.769
   10       -6.54       -2.12       0.6105      6.948
   11       -6.60       -1.09       0.6051      7.126
   12       -6.54       -2.15       0.5812      7.002
   13       -6.81       -1.98       0.5052      6.871
   14       -6.85       -1.14       0.4868      6.680
   15       -6.98       -1.35       0.4836      6.623
   16       -6.89       -1.80       0.4487      6.581
   17       -7.26       -1.96       0.4440      6.832
   18       -6.62       -2.00       0.3974      6.408
   19       -7.21       -1.48       0.3865      6.648
   20       -6.66       -1.34       0.3719      6.219
 18       -6.62       -2.00       0.3974      6.408
   19       -7.21       -1.48       0.3865      6.648
   20       -6.66       -1.34       0.3719      6.219
