              _             
             (_)            
   __ _ _ __  _ _ __   __ _ 
  / _` | '_ \| | '_ \ / _` |
 | (_| | | | | | | | | (_| |
  \__, |_| |_|_|_| |_|\__,_|
   __/ |                    
  |___/                     

gnina v1.3.1 master:5bd63bd   Built May 23 2025.
gnina is based on smina and AutoDock Vina.
Please cite appropriately.

Commandline: /usr/local/bin/gnina -r /nfs/home/jstempel/vina_inputs/prep/2FTB/receptor_no_ligand.pdb -l /lustre/isaac24/scratch/jstempel/gnina_full_cnn_rescore_exh8_cpu24/_tmp_2FTB_lmBF/ligand.sdf --center_x 44.574 --center_y 15.974 --center_z -0.755 --size_x 15.780 --size_y 13.728 --size_z 14.388 --exhaustiveness 8 --num_modes 20 --cpu 24 --cnn_scoring rescore --scoring vina --addH 0 --log /lustre/isaac24/scratch/jstempel/gnina_full_cnn_rescore_exh8_cpu24/logs/2FTB.log --out /lustre/isaac24/scratch/jstempel/gnina_full_cnn_rescore_exh8_cpu24/flat/2FTB.pdbqt --seed 0 --device 0
Using random seed: 0

mode |  affinity  |  intramol  |    CNN     |   CNN
     | (kcal/mol) | (kcal/mol) | pose score | affinity
-----+------------+------------+------------+----------
    1       -6.10       -0.38       0.5564      5.736
    2       -5.83       -0.85       0.5479      5.808
    3       -4.54       -0.65       0.5380      5.315
    4       -5.19       -0.85       0.4454      5.008
    5       -4.79       -0.85       0.4415      4.727
    6       -4.92       -0.85       0.4296      5.096
    7       -5.16       -0.79       0.4238      5.018
    8       -4.95       -0.88       0.4077      5.248
    9       -4.69       -1.07       0.3938      5.138
   10       -5.68       -1.18       0.3839      5.727
   11       -6.17       -1.11       0.3767      5.672
   12       -4.61       -0.72       0.3331      4.972
   13       -6.14       -1.11       0.3229      5.559
   14       -5.84       -1.68       0.2861      5.808
   15       -4.60       -0.97       0.2602      4.793
   16       -5.40       -1.00       0.2542      5.292
   17       -6.18       -1.14       0.2518      5.346
   18       -5.39       -1.53       0.2438      5.545
   19       -5.85       -1.51       0.2282      5.379
   20       -4.63       -1.37       0.2112      4.918
 18       -5.39       -1.53       0.2438      5.545
   19       -5.85       -1.51       0.2282      5.379
   20       -4.63       -1.37       0.2112      4.918
