              _             
             (_)            
   __ _ _ __  _ _ __   __ _ 
  / _` | '_ \| | '_ \ / _` |
 | (_| | | | | | | | | (_| |
  \__, |_| |_|_|_| |_|\__,_|
   __/ |                    
  |___/                     

gnina v1.3.1 master:5bd63bd   Built May 23 2025.
gnina is based on smina and AutoDock Vina.
Please cite appropriately.

Commandline: /usr/local/bin/gnina -r /nfs/home/jstempel/vina_inputs/prep/2HMB/receptor_no_ligand.pdb -l /lustre/isaac24/scratch/jstempel/gnina_full_cnn_rescore_exh8_cpu24/_tmp_2HMB_Hesg/ligand.sdf --center_x 20.814 --center_y 35.100 --center_z 57.564 --size_x 12.341 --size_y 9.392 --size_z 14.913 --exhaustiveness 8 --num_modes 20 --cpu 24 --cnn_scoring rescore --scoring vina --addH 0 --log /lustre/isaac24/scratch/jstempel/gnina_full_cnn_rescore_exh8_cpu24/logs/2HMB.log --out /lustre/isaac24/scratch/jstempel/gnina_full_cnn_rescore_exh8_cpu24/flat/2HMB.pdbqt --seed 0 --device 0
Using random seed: 0

mode |  affinity  |  intramol  |    CNN     |   CNN
     | (kcal/mol) | (kcal/mol) | pose score | affinity
-----+------------+------------+------------+----------
    1       -5.61       -0.86       0.8596      6.067
    2       -5.47       -0.86       0.8086      5.848
    3       -5.31       -0.91       0.7685      5.973
    4       -5.43       -0.94       0.7563      5.953
    5       -5.03       -0.87       0.7168      5.976
    6       -5.09       -1.08       0.6755      5.719
    7       -4.66       -1.20       0.6437      6.053
    8       -4.58       -1.11       0.6321      5.673
    9       -5.15       -0.86       0.6254      5.783
   10       -4.71       -0.93       0.6111      5.338
   11       -4.65       -1.59       0.6095      5.684
   12       -5.00       -0.89       0.6091      5.701
   13       -5.24       -1.05       0.6081      5.797
   14       -5.20       -0.85       0.6077      5.507
   15       -4.70       -0.95       0.5724      5.774
   16       -4.84       -1.00       0.5403      5.666
   17       -4.62       -1.49       0.5128      5.775
   18       -5.35       -0.98       0.4993      5.490
   19       -4.96       -1.09       0.4993      5.815
   20       -4.82       -1.06       0.4974      5.793
 18       -5.35       -0.98       0.4993      5.490
   19       -4.96       -1.09       0.4993      5.815
   20       -4.82       -1.06       0.4974      5.793
