              _             
             (_)            
   __ _ _ __  _ _ __   __ _ 
  / _` | '_ \| | '_ \ / _` |
 | (_| | | | | | | | | (_| |
  \__, |_| |_|_|_| |_|\__,_|
   __/ |                    
  |___/                     

gnina v1.3.1 master:5bd63bd   Built May 23 2025.
gnina is based on smina and AutoDock Vina.
Please cite appropriately.

Commandline: /usr/local/bin/gnina -r /nfs/home/jstempel/vina_inputs/prep/2WC5/receptor_no_ligand.pdb -l /lustre/isaac24/scratch/jstempel/gnina_full_cnn_rescore_exh8_cpu24/_tmp_2WC5_uT9v/ligand.sdf --center_x 8.367 --center_y -2.710 --center_z 18.190 --size_x 16.714 --size_y 13.169 --size_z 13.284 --exhaustiveness 8 --num_modes 20 --cpu 24 --cnn_scoring rescore --scoring vina --addH 0 --log /lustre/isaac24/scratch/jstempel/gnina_full_cnn_rescore_exh8_cpu24/logs/2WC5.log --out /lustre/isaac24/scratch/jstempel/gnina_full_cnn_rescore_exh8_cpu24/flat/2WC5.pdbqt --seed 0 --device 0
Using random seed: 0

mode |  affinity  |  intramol  |    CNN     |   CNN
     | (kcal/mol) | (kcal/mol) | pose score | affinity
-----+------------+------------+------------+----------
    1       -6.92       -0.86       0.8979      7.181
    2       -7.59       -0.43       0.8830      7.309
    3       -7.64       -0.73       0.8704      7.078
    4       -6.76       -0.76       0.8564      7.136
    5       -7.31       -1.00       0.8526      7.327
    6       -6.75       -0.97       0.8343      7.302
    7       -5.77       -0.30       0.7673      7.383
    8       -5.94       -0.58       0.7302      6.981
    9       -6.63       -0.31       0.7252      6.816
   10       -7.24       -0.42       0.6972      7.104
   11       -6.86       -1.05       0.6777      7.140
   12       -7.12       -0.35       0.6476      6.903
   13       -6.68       -1.00       0.5864      6.996
   14       -6.66       -0.79       0.5791      6.981
   15       -7.14       -0.60       0.5659      6.825
   16       -6.58       -0.57       0.5417      6.897
   17       -5.85       -0.94       0.5230      6.901
   18       -6.61       -0.32       0.5199      6.543
   19       -6.37       -0.90       0.5181      6.797
   20       -6.18       -1.45       0.5160      6.777
 18       -6.61       -0.32       0.5199      6.543
   19       -6.37       -0.90       0.5181      6.797
   20       -6.18       -1.45       0.5160      6.777
