              _             
             (_)            
   __ _ _ __  _ _ __   __ _ 
  / _` | '_ \| | '_ \ / _` |
 | (_| | | | | | | | | (_| |
  \__, |_| |_|_|_| |_|\__,_|
   __/ |                    
  |___/                     

gnina v1.3.1 master:5bd63bd   Built May 23 2025.
gnina is based on smina and AutoDock Vina.
Please cite appropriately.

Commandline: /usr/local/bin/gnina -r /nfs/home/jstempel/vina_inputs/prep/2WR6/receptor_no_ligand.pdb -l /lustre/isaac24/scratch/jstempel/gnina_full_cnn_rescore_exh8_cpu24/_tmp_2WR6_vf9O/ligand.sdf --center_x -15.243 --center_y -9.517 --center_z -0.259 --size_x 12.076 --size_y 17.390 --size_z 10.416 --exhaustiveness 8 --num_modes 20 --cpu 24 --cnn_scoring rescore --scoring vina --addH 0 --log /lustre/isaac24/scratch/jstempel/gnina_full_cnn_rescore_exh8_cpu24/logs/2WR6.log --out /lustre/isaac24/scratch/jstempel/gnina_full_cnn_rescore_exh8_cpu24/flat/2WR6.pdbqt --seed 0 --device 0
Using random seed: 0

mode |  affinity  |  intramol  |    CNN     |   CNN
     | (kcal/mol) | (kcal/mol) | pose score | affinity
-----+------------+------------+------------+----------
    1       -7.82       -1.44       0.9167      7.570
    2       -7.55       -0.91       0.9098      7.481
    3       -7.38       -1.74       0.8826      7.455
    4       -7.39       -0.74       0.8554      7.313
    5       -7.14       -1.52       0.8062      7.232
    6       -6.96       -1.55       0.6963      7.178
    7       -7.24       -0.69       0.6594      7.044
    8       -6.60       -1.02       0.6585      6.984
    9       -7.67       -2.22       0.6513      7.099
   10       -6.39       -1.64       0.4601      6.855
   11       -7.60       -1.30       0.4359      6.903
   12       -5.83       -0.92       0.3349      6.646
   13       -7.14       -1.57       0.3336      6.683
   14       -6.32       -0.68       0.2704      6.443
   15       -6.70       -1.03       0.2395      6.022
   16       -5.69       -1.29       0.2357      6.311
   17       -6.88       -1.53       0.2167      6.203
   18       -6.42       -0.59       0.2083      6.193
   19       -7.11       -1.63       0.2066      5.992
   20       -6.80       -1.35       0.1995      5.637
 18       -6.42       -0.59       0.2083      6.193
   19       -7.11       -1.63       0.2066      5.992
   20       -6.80       -1.35       0.1995      5.637
