              _             
             (_)            
   __ _ _ __  _ _ __   __ _ 
  / _` | '_ \| | '_ \ / _` |
 | (_| | | | | | | | | (_| |
  \__, |_| |_|_|_| |_|\__,_|
   __/ |                    
  |___/                     

gnina v1.3.1 master:5bd63bd   Built May 23 2025.
gnina is based on smina and AutoDock Vina.
Please cite appropriately.

Commandline: /usr/local/bin/gnina -r /nfs/home/jstempel/vina_inputs/prep/2Z9Z/receptor_no_ligand.pdb -l /lustre/isaac24/scratch/jstempel/gnina_full_cnn_rescore_exh8_cpu24/_tmp_2Z9Z_mRLB/ligand.sdf --center_x 0.904 --center_y 0.534 --center_z 19.897 --size_x 12.478 --size_y 12.315 --size_z 20.119 --exhaustiveness 8 --num_modes 20 --cpu 24 --cnn_scoring rescore --scoring vina --addH 0 --log /lustre/isaac24/scratch/jstempel/gnina_full_cnn_rescore_exh8_cpu24/logs/2Z9Z.log --out /lustre/isaac24/scratch/jstempel/gnina_full_cnn_rescore_exh8_cpu24/flat/2Z9Z.pdbqt --seed 0 --device 0
Using random seed: 0

mode |  affinity  |  intramol  |    CNN     |   CNN
     | (kcal/mol) | (kcal/mol) | pose score | affinity
-----+------------+------------+------------+----------
    1       -6.74       -1.58       0.7280      6.685
    2       -6.88       -1.42       0.6769      6.371
    3       -7.14       -1.26       0.6421      6.612
    4       -6.59       -2.04       0.5765      6.598
    5       -6.60       -0.95       0.5403      6.594
    6       -6.96       -2.37       0.5364      6.633
    7       -6.88       -1.71       0.5220      6.426
    8       -6.80       -2.11       0.4630      6.280
    9       -7.04       -1.74       0.4605      6.625
   10       -7.15       -1.70       0.4431      6.060
   11       -7.02       -1.34       0.4187      6.411
   12       -6.49       -1.88       0.3487      6.139
   13       -7.15       -1.85       0.3453      5.679
   14       -6.57       -1.70       0.3451      5.244
   15       -6.61       -1.95       0.3238      6.025
   16       -7.05       -1.72       0.3226      6.125
   17       -6.71       -1.62       0.3111      5.989
   18       -6.76       -2.24       0.3067      5.794
   19       -6.76       -1.98       0.2585      5.648
   20       -6.52       -1.11       0.2543      5.888
 18       -6.76       -2.24       0.3067      5.794
   19       -6.76       -1.98       0.2585      5.648
   20       -6.52       -1.11       0.2543      5.888
