              _             
             (_)            
   __ _ _ __  _ _ __   __ _ 
  / _` | '_ \| | '_ \ / _` |
 | (_| | | | | | | | | (_| |
  \__, |_| |_|_|_| |_|\__,_|
   __/ |                    
  |___/                     

gnina v1.3.1 master:5bd63bd   Built May 23 2025.
gnina is based on smina and AutoDock Vina.
Please cite appropriately.

Commandline: /usr/local/bin/gnina -r /nfs/home/jstempel/vina_inputs/prep/3AKN/receptor_no_ligand.pdb -l /lustre/isaac24/scratch/jstempel/gnina_full_cnn_rescore_exh8_cpu24/_tmp_3AKN_B9rn/ligand.sdf --center_x 20.299 --center_y -17.586 --center_z 5.715 --size_x 18.156 --size_y 11.655 --size_z 19.944 --exhaustiveness 8 --num_modes 20 --cpu 24 --cnn_scoring rescore --scoring vina --addH 0 --log /lustre/isaac24/scratch/jstempel/gnina_full_cnn_rescore_exh8_cpu24/logs/3AKN.log --out /lustre/isaac24/scratch/jstempel/gnina_full_cnn_rescore_exh8_cpu24/flat/3AKN.pdbqt --seed 0 --device 0
Using random seed: 0

mode |  affinity  |  intramol  |    CNN     |   CNN
     | (kcal/mol) | (kcal/mol) | pose score | affinity
-----+------------+------------+------------+----------
    1      -10.07        1.15       0.9721      7.051
    2       -7.93        1.88       0.8067      6.788
    3       -8.65       -0.58       0.7767      6.789
    4       -8.65       -0.10       0.7533      6.558
    5       -8.58       -0.45       0.7244      6.904
    6       -8.69       -0.01       0.6762      6.416
    7       -9.26       -0.82       0.6502      6.670
    8       -9.06       -0.32       0.5802      6.710
    9       -9.33       -0.93       0.5681      6.745
   10       -8.45        0.40       0.5524      6.623
   11       -7.79        0.30       0.4939      6.630
   12       -7.75       -0.97       0.4681      6.730
   13       -8.96       -0.93       0.4482      7.071
   14       -8.10        0.22       0.3805      6.474
   15       -8.35       -0.47       0.3437      6.451
   16       -8.20       -1.14       0.3338      6.348
   17       -8.56       -1.31       0.3138      6.691
   18       -8.67       -0.44       0.3121      5.997
   19       -8.42       -0.83       0.2894      6.277
   20       -7.93       -0.18       0.2879      6.367
 18       -8.67       -0.44       0.3121      5.997
   19       -8.42       -0.83       0.2894      6.277
   20       -7.93       -0.18       0.2879      6.367
