              _             
             (_)            
   __ _ _ __  _ _ __   __ _ 
  / _` | '_ \| | '_ \ / _` |
 | (_| | | | | | | | | (_| |
  \__, |_| |_|_|_| |_|\__,_|
   __/ |                    
  |___/                     

gnina v1.3.1 master:5bd63bd   Built May 23 2025.
gnina is based on smina and AutoDock Vina.
Please cite appropriately.

Commandline: /usr/local/bin/gnina -r /nfs/home/jstempel/vina_inputs/prep/3BFH/receptor_no_ligand.pdb -l /lustre/isaac24/scratch/jstempel/gnina_full_cnn_rescore_exh8_cpu24/_tmp_3BFH_duEc/ligand.sdf --center_x 16.062 --center_y 12.393 --center_z -1.025 --size_x 19.222 --size_y 12.197 --size_z 13.734 --exhaustiveness 8 --num_modes 20 --cpu 24 --cnn_scoring rescore --scoring vina --addH 0 --log /lustre/isaac24/scratch/jstempel/gnina_full_cnn_rescore_exh8_cpu24/logs/3BFH.log --out /lustre/isaac24/scratch/jstempel/gnina_full_cnn_rescore_exh8_cpu24/flat/3BFH.pdbqt --seed 0 --device 0
Using random seed: 0

mode |  affinity  |  intramol  |    CNN     |   CNN
     | (kcal/mol) | (kcal/mol) | pose score | affinity
-----+------------+------------+------------+----------
    1       -5.87       -0.66       0.8454      6.039
    2       -6.07       -0.65       0.8328      6.060
    3       -6.22       -0.66       0.7771      6.086
    4       -5.00       -0.24       0.7571      5.300
    5       -5.54       -0.83       0.7224      5.985
    6       -5.34       -0.85       0.7081      6.112
    7       -5.42       -0.86       0.7014      6.475
    8       -6.09       -0.35       0.6819      6.193
    9       -6.25       -0.55       0.5723      5.710
   10       -5.70       -0.73       0.5709      6.010
   11       -5.11       -0.90       0.5522      5.957
   12       -5.08       -0.89       0.5069      5.723
   13       -5.04       -0.84       0.5022      5.361
   14       -5.85       -0.64       0.5010      6.049
   15       -5.23       -0.97       0.4889      5.449
   16       -5.75       -0.85       0.4484      5.711
   17       -6.10       -0.69       0.3785      5.669
   18       -5.23       -0.94       0.3718      5.256
   19       -5.42       -1.14       0.3451      5.751
   20       -5.63       -0.89       0.3415      5.668
 18       -5.23       -0.94       0.3718      5.256
   19       -5.42       -1.14       0.3451      5.751
   20       -5.63       -0.89       0.3415      5.668
