              _             
             (_)            
   __ _ _ __  _ _ __   __ _ 
  / _` | '_ \| | '_ \ / _` |
 | (_| | | | | | | | | (_| |
  \__, |_| |_|_|_| |_|\__,_|
   __/ |                    
  |___/                     

gnina v1.3.1 master:5bd63bd   Built May 23 2025.
gnina is based on smina and AutoDock Vina.
Please cite appropriately.

Commandline: /usr/local/bin/gnina -r /nfs/home/jstempel/vina_inputs/prep/3BKR/receptor_no_ligand.pdb -l /lustre/isaac24/scratch/jstempel/gnina_full_cnn_rescore_exh8_cpu24/_tmp_3BKR_Obrh/ligand.sdf --center_x 31.871 --center_y -13.213 --center_z -6.465 --size_x 16.369 --size_y 11.973 --size_z 17.763 --exhaustiveness 8 --num_modes 20 --cpu 24 --cnn_scoring rescore --scoring vina --addH 0 --log /lustre/isaac24/scratch/jstempel/gnina_full_cnn_rescore_exh8_cpu24/logs/3BKR.log --out /lustre/isaac24/scratch/jstempel/gnina_full_cnn_rescore_exh8_cpu24/flat/3BKR.pdbqt --seed 0 --device 0
Using random seed: 0

mode |  affinity  |  intramol  |    CNN     |   CNN
     | (kcal/mol) | (kcal/mol) | pose score | affinity
-----+------------+------------+------------+----------
    1       -7.19       -1.18       0.8638      6.328
    2       -7.30       -0.66       0.8567      6.283
    3       -4.93       -0.75       0.8188      5.898
    4       -7.22       -0.99       0.8022      6.253
    5       -6.96       -0.81       0.7850      5.906
    6       -6.75       -0.47       0.7799      5.916
    7       -6.44       -0.77       0.7260      5.722
    8       -6.15       -0.84       0.6547      5.818
    9       -5.09       -0.91       0.6394      5.798
   10       -6.13       -0.92       0.5412      5.895
   11       -6.18       -1.12       0.5015      5.234
   12       -5.66       -0.77       0.4927      5.594
   13       -6.14       -0.24       0.4495      5.941
   14       -5.73       -0.57       0.4064      5.626
   15       -4.35        0.96       0.3390      4.639
   16       -5.76       -0.78       0.3014      5.166
   17       -5.95       -0.97       0.3004      5.078
   18       -3.01       -0.97       0.2955      4.410
   19       -7.20       -1.47       0.2625      5.988
   20       -6.93       -1.35       0.2364      5.479
 18       -3.01       -0.97       0.2955      4.410
   19       -7.20       -1.47       0.2625      5.988
   20       -6.93       -1.35       0.2364      5.479
