              _             
             (_)            
   __ _ _ __  _ _ __   __ _ 
  / _` | '_ \| | '_ \ / _` |
 | (_| | | | | | | | | (_| |
  \__, |_| |_|_|_| |_|\__,_|
   __/ |                    
  |___/                     

gnina v1.3.1 master:5bd63bd   Built May 23 2025.
gnina is based on smina and AutoDock Vina.
Please cite appropriately.

Commandline: /usr/local/bin/gnina -r /nfs/home/jstempel/vina_inputs/prep/3BKS/receptor_no_ligand.pdb -l /lustre/isaac24/scratch/jstempel/gnina_full_cnn_rescore_exh8_cpu24/_tmp_3BKS_Ef1y/ligand.sdf --center_x 32.006 --center_y 13.507 --center_z -5.130 --size_x 16.142 --size_y 11.736 --size_z 17.684 --exhaustiveness 8 --num_modes 20 --cpu 24 --cnn_scoring rescore --scoring vina --addH 0 --log /lustre/isaac24/scratch/jstempel/gnina_full_cnn_rescore_exh8_cpu24/logs/3BKS.log --out /lustre/isaac24/scratch/jstempel/gnina_full_cnn_rescore_exh8_cpu24/flat/3BKS.pdbqt --seed 0 --device 0
Using random seed: 0

mode |  affinity  |  intramol  |    CNN     |   CNN
     | (kcal/mol) | (kcal/mol) | pose score | affinity
-----+------------+------------+------------+----------
    1       -6.56       -0.61       0.8809      6.219
    2       -6.18       -0.66       0.8539      6.255
    3       -6.60       -1.07       0.8132      5.932
    4       -6.99       -1.17       0.8074      6.229
    5       -5.35       -0.85       0.7402      5.911
    6       -6.86       -1.11       0.7122      6.246
    7       -6.94       -1.23       0.6950      6.224
    8       -6.59        0.09       0.6828      5.970
    9       -7.01       -0.94       0.6617      6.261
   10       -5.61       -0.96       0.5964      5.637
   11       -5.31        2.00       0.5943      5.816
   12       -6.89       -1.26       0.5891      5.475
   13       -2.49       -0.38       0.5615      5.341
   14       -5.91       -0.86       0.4684      5.457
   15       -5.87       -1.22       0.3730      5.636
   16       -5.99       -0.38       0.3345      5.119
   17       -7.02       -1.40       0.3064      5.910
   18       -4.79       -0.80       0.2703      4.929
   19       -5.78       -0.95       0.2323      5.197
   20       -5.61       -1.14       0.2173      4.788
 18       -4.79       -0.80       0.2703      4.929
   19       -5.78       -0.95       0.2323      5.197
   20       -5.61       -1.14       0.2173      4.788
