              _             
             (_)            
   __ _ _ __  _ _ __   __ _ 
  / _` | '_ \| | '_ \ / _` |
 | (_| | | | | | | | | (_| |
  \__, |_| |_|_|_| |_|\__,_|
   __/ |                    
  |___/                     

gnina v1.3.1 master:5bd63bd   Built May 23 2025.
gnina is based on smina and AutoDock Vina.
Please cite appropriately.

Commandline: /usr/local/bin/gnina -r /nfs/home/jstempel/vina_inputs/prep/3FYS/receptor_no_ligand.pdb -l /lustre/isaac24/scratch/jstempel/gnina_full_cnn_rescore_exh8_cpu24/_tmp_3FYS_wtdE/ligand.sdf --center_x 7.120 --center_y -0.577 --center_z 17.830 --size_x 20.558 --size_y 14.061 --size_z 15.561 --exhaustiveness 8 --num_modes 20 --cpu 24 --cnn_scoring rescore --scoring vina --addH 0 --log /lustre/isaac24/scratch/jstempel/gnina_full_cnn_rescore_exh8_cpu24/logs/3FYS.log --out /lustre/isaac24/scratch/jstempel/gnina_full_cnn_rescore_exh8_cpu24/flat/3FYS.pdbqt --seed 0 --device 0
Using random seed: 0

mode |  affinity  |  intramol  |    CNN     |   CNN
     | (kcal/mol) | (kcal/mol) | pose score | affinity
-----+------------+------------+------------+----------
    1       -8.47       -0.27       0.9723      6.012
    2       -7.92       -0.35       0.9412      6.093
    3       -7.22       -0.46       0.9372      5.589
    4       -7.25       -0.42       0.9364      5.894
    5       -8.06       -0.27       0.8699      5.729
    6       -8.01       -0.46       0.8041      5.841
    7       -7.25       -0.37       0.7879      5.192
    8       -7.43       -0.11       0.7614      5.284
    9        4.13       -0.32       0.6306      6.411
   10       -5.65       -0.48       0.6239      4.560
   11        0.29       -0.17       0.5186      3.963
   12       -2.18        0.27       0.4774      4.909
   13       -4.85        0.38       0.4097      5.585
   14        1.08        0.06       0.2794      5.702
   15       -1.75        0.06       0.2762      4.470
   16        0.09        1.92       0.2517      4.496
   17        2.51        0.93       0.2444      4.520
   18       -1.79        0.32       0.2223      4.996
   19        5.35       -0.84       0.2194      4.827
   20       -3.71       -0.59       0.2031      4.993
  4.470
   16        0.09        1.92       0.2517      4.496
   17        2.51        0.93       0.2444      4.520
   18       -1.79        0.32       0.2223      4.996
   19        5.35       -0.84       0.2194      4.827
   20       -3.71       -0.59       0.2031      4.993
