              _             
             (_)            
   __ _ _ __  _ _ __   __ _ 
  / _` | '_ \| | '_ \ / _` |
 | (_| | | | | | | | | (_| |
  \__, |_| |_|_|_| |_|\__,_|
   __/ |                    
  |___/                     

gnina v1.3.1 master:5bd63bd   Built May 23 2025.
gnina is based on smina and AutoDock Vina.
Please cite appropriately.

Commandline: /usr/local/bin/gnina -r /nfs/home/jstempel/vina_inputs/prep/3GPE/receptor_no_ligand.pdb -l /lustre/isaac24/scratch/jstempel/gnina_full_cnn_rescore_exh8_cpu24/_tmp_3GPE_7EqV/ligand.sdf --center_x 32.337 --center_y -22.594 --center_z 18.477 --size_x 13.306 --size_y 11.168 --size_z 12.506 --exhaustiveness 8 --num_modes 20 --cpu 24 --cnn_scoring rescore --scoring vina --addH 0 --log /lustre/isaac24/scratch/jstempel/gnina_full_cnn_rescore_exh8_cpu24/logs/3GPE.log --out /lustre/isaac24/scratch/jstempel/gnina_full_cnn_rescore_exh8_cpu24/flat/3GPE.pdbqt --seed 0 --device 0
Using random seed: 0

mode |  affinity  |  intramol  |    CNN     |   CNN
     | (kcal/mol) | (kcal/mol) | pose score | affinity
-----+------------+------------+------------+----------
    1       -4.71       -1.16       0.8381      4.202
    2       -5.07        0.39       0.8346      4.296
    3       -4.99       -1.12       0.7047      4.236
    4       -4.42        0.51       0.5738      3.992
    5       -5.16       -1.00       0.5428      3.959
    6       -5.13        0.42       0.5220      4.188
    7       -4.24        0.42       0.5122      3.844
    8       -4.61        0.93       0.5065      3.765
    9       -4.45       -1.14       0.4810      4.213
   10       -4.91       -0.70       0.4505      4.035
   11       -4.37       -1.13       0.4369      3.952
   12       -4.29        0.04       0.4133      3.476
   13       -3.97        0.37       0.4101      4.176
   14       -4.40       -0.87       0.3938      3.661
   15       -4.04       -0.38       0.3936      4.100
   16       -4.13       -0.39       0.3929      3.664
   17       -4.37        0.40       0.3875      4.152
   18       -4.29       -1.43       0.3769      3.789
   19       -4.82        0.60       0.3755      3.897
   20       -4.72       -0.90       0.3747      4.124
 18       -4.29       -1.43       0.3769      3.789
   19       -4.82        0.60       0.3755      3.897
   20       -4.72       -0.90       0.3747      4.124
