              _             
             (_)            
   __ _ _ __  _ _ __   __ _ 
  / _` | '_ \| | '_ \ / _` |
 | (_| | | | | | | | | (_| |
  \__, |_| |_|_|_| |_|\__,_|
   __/ |                    
  |___/                     

gnina v1.3.1 master:5bd63bd   Built May 23 2025.
gnina is based on smina and AutoDock Vina.
Please cite appropriately.

Commandline: /usr/local/bin/gnina -r /nfs/home/jstempel/vina_inputs/prep/3LUP/receptor_no_ligand.pdb -l /lustre/isaac24/scratch/jstempel/gnina_full_cnn_rescore_exh8_cpu24/_tmp_3LUP_JZpR/ligand.sdf --center_x 2.321 --center_y 44.895 --center_z 32.528 --size_x 11.845 --size_y 24.074 --size_z 12.865 --exhaustiveness 8 --num_modes 20 --cpu 24 --cnn_scoring rescore --scoring vina --addH 0 --log /lustre/isaac24/scratch/jstempel/gnina_full_cnn_rescore_exh8_cpu24/logs/3LUP.log --out /lustre/isaac24/scratch/jstempel/gnina_full_cnn_rescore_exh8_cpu24/flat/3LUP.pdbqt --seed 0 --device 0
Using random seed: 0

mode |  affinity  |  intramol  |    CNN     |   CNN
     | (kcal/mol) | (kcal/mol) | pose score | affinity
-----+------------+------------+------------+----------
    1       -6.72       -0.77       0.9448      5.735
    2       -7.49       -0.76       0.9249      6.401
    3       -7.45       -0.73       0.8438      6.137
    4       -6.70       -0.45       0.8265      5.423
    5       -7.18       -0.95       0.7712      6.248
    6       -0.78       -0.82       0.6605      4.457
    7       -0.53        1.91       0.6415      4.588
    8       -7.07       -0.73       0.5634      5.771
    9       -2.02       -0.69       0.5182      4.545
   10       -0.95       -0.97       0.4792      4.557
   11       -2.71       -0.96       0.3315      4.656
   12        1.50        6.46       0.3009      5.491
   13        1.30       -0.33       0.2986      5.101
   14       -4.89       -0.91       0.2592      5.339
   15       -3.74       -0.24       0.2585      5.753
   16       -1.67       -0.91       0.2499      4.322
   17       -0.96       -0.30       0.2472      4.468
   18       -1.51       -1.01       0.2463      4.345
   19       -2.20       -1.08       0.2320      4.542
   20       -0.75        3.10       0.2150      4.524
 18       -1.51       -1.01       0.2463      4.345
   19       -2.20       -1.08       0.2320      4.542
   20       -0.75        3.10       0.2150      4.524
