              _             
             (_)            
   __ _ _ __  _ _ __   __ _ 
  / _` | '_ \| | '_ \ / _` |
 | (_| | | | | | | | | (_| |
  \__, |_| |_|_|_| |_|\__,_|
   __/ |                    
  |___/                     

gnina v1.3.1 master:5bd63bd   Built May 23 2025.
gnina is based on smina and AutoDock Vina.
Please cite appropriately.

Commandline: /usr/local/bin/gnina -r /nfs/home/jstempel/vina_inputs/prep/3PEG/receptor_no_ligand.pdb -l /lustre/isaac24/scratch/jstempel/gnina_full_cnn_rescore_exh8_cpu24/_tmp_3PEG_BOo5/ligand.sdf --center_x 82.750 --center_y -9.742 --center_z 28.877 --size_x 25.149 --size_y 16.394 --size_z 16.403 --exhaustiveness 8 --num_modes 20 --cpu 24 --cnn_scoring rescore --scoring vina --addH 0 --log /lustre/isaac24/scratch/jstempel/gnina_full_cnn_rescore_exh8_cpu24/logs/3PEG.log --out /lustre/isaac24/scratch/jstempel/gnina_full_cnn_rescore_exh8_cpu24/flat/3PEG.pdbqt --seed 0 --device 0
Using random seed: 0

mode |  affinity  |  intramol  |    CNN     |   CNN
     | (kcal/mol) | (kcal/mol) | pose score | affinity
-----+------------+------------+------------+----------
    1       -7.34       -4.52       0.5319      8.308
    2       -7.12       -3.94       0.4419      8.546
    3       -7.46       -4.64       0.4290      8.141
    4       -6.65       -4.29       0.4123      8.285
    5       -6.95       -3.23       0.4065      7.921
    6       -6.88       -3.90       0.3697      8.375
    7       -6.68       -3.96       0.3534      7.928
    8       -6.81       -4.98       0.3204      7.913
    9       -6.90       -3.43       0.3148      7.872
   10       -7.16       -4.80       0.2999      8.117
   11       -7.27       -4.17       0.2888      7.761
   12       -7.11       -3.21       0.2865      7.871
   13       -7.34       -4.50       0.2801      8.165
   14       -7.35       -3.71       0.2519      7.919
   15       -6.65       -4.15       0.2412      7.629
   16       -7.45       -3.52       0.2273      7.699
   17       -7.10       -3.56       0.2224      7.387
   18       -6.58       -4.88       0.2144      7.588
   19       -6.76       -5.73       0.2042      7.310
   20       -6.83       -4.87       0.2040      8.210
 18       -6.58       -4.88       0.2144      7.588
   19       -6.76       -5.73       0.2042      7.310
   20       -6.83       -4.87       0.2040      8.210
