              _             
             (_)            
   __ _ _ __  _ _ __   __ _ 
  / _` | '_ \| | '_ \ / _` |
 | (_| | | | | | | | | (_| |
  \__, |_| |_|_|_| |_|\__,_|
   __/ |                    
  |___/                     

gnina v1.3.1 master:5bd63bd   Built May 23 2025.
gnina is based on smina and AutoDock Vina.
Please cite appropriately.

Commandline: /usr/local/bin/gnina -r /nfs/home/jstempel/vina_inputs/prep/3PL5/receptor_no_ligand.pdb -l /lustre/isaac24/scratch/jstempel/gnina_full_cnn_rescore_exh8_cpu24/_tmp_3PL5_iIXP/ligand.sdf --center_x -6.962 --center_y 9.869 --center_z -7.301 --size_x 17.524 --size_y 13.528 --size_z 16.147 --exhaustiveness 8 --num_modes 20 --cpu 24 --cnn_scoring rescore --scoring vina --addH 0 --log /lustre/isaac24/scratch/jstempel/gnina_full_cnn_rescore_exh8_cpu24/logs/3PL5.log --out /lustre/isaac24/scratch/jstempel/gnina_full_cnn_rescore_exh8_cpu24/flat/3PL5.pdbqt --seed 0 --device 0
Using random seed: 0

mode |  affinity  |  intramol  |    CNN     |   CNN
     | (kcal/mol) | (kcal/mol) | pose score | affinity
-----+------------+------------+------------+----------
    1       -7.32       -0.66       0.9740      6.090
    2       -7.69       -0.88       0.9731      6.200
    3       -7.65       -0.80       0.9438      6.426
    4       -6.97       -0.70       0.8482      6.125
    5       -5.05       -0.84       0.8155      5.314
    6       -2.66        2.83       0.7633      5.735
    7       -4.96        0.06       0.7411      5.672
    8       -5.44       -0.61       0.7175      5.100
    9        3.14        4.39       0.5954      5.678
   10       -3.54       -0.56       0.5728      4.829
   11       -7.00       -0.83       0.5115      5.292
   12        3.38       -0.86       0.4762      5.281
   13       -7.19       -0.98       0.4330      5.345
   14       -6.32        0.21       0.4300      4.965
   15       -6.51       -0.95       0.3213      5.852
   16       17.35        2.39       0.3071      4.787
   17       -5.47       -0.73       0.2466      4.945
   18       -3.46       -0.59       0.2176      4.261
   19       -3.73        0.83       0.2155      4.768
   20       -0.89        0.11       0.2028      4.671
 18       -3.46       -0.59       0.2176      4.261
   19       -3.73        0.83       0.2155      4.768
   20       -0.89        0.11       0.2028      4.671
