              _             
             (_)            
   __ _ _ __  _ _ __   __ _ 
  / _` | '_ \| | '_ \ / _` |
 | (_| | | | | | | | | (_| |
  \__, |_| |_|_|_| |_|\__,_|
   __/ |                    
  |___/                     

gnina v1.3.1 master:5bd63bd   Built May 23 2025.
gnina is based on smina and AutoDock Vina.
Please cite appropriately.

Commandline: /usr/local/bin/gnina -r /nfs/home/jstempel/vina_inputs/prep/3PPT/receptor_no_ligand.pdb -l /lustre/isaac24/scratch/jstempel/gnina_full_cnn_rescore_exh8_cpu24/_tmp_3PPT_2jPn/ligand.sdf --center_x 11.748 --center_y 50.684 --center_z 4.125 --size_x 13.529 --size_y 12.883 --size_z 10.537 --exhaustiveness 8 --num_modes 20 --cpu 24 --cnn_scoring rescore --scoring vina --addH 0 --log /lustre/isaac24/scratch/jstempel/gnina_full_cnn_rescore_exh8_cpu24/logs/3PPT.log --out /lustre/isaac24/scratch/jstempel/gnina_full_cnn_rescore_exh8_cpu24/flat/3PPT.pdbqt --seed 0 --device 0
Using random seed: 0

mode |  affinity  |  intramol  |    CNN     |   CNN
     | (kcal/mol) | (kcal/mol) | pose score | affinity
-----+------------+------------+------------+----------
    1       -6.19       -1.07       0.8463      6.231
    2       -5.92       -1.02       0.7570      6.176
    3       -5.82       -1.41       0.6916      6.105
    4       -5.36       -1.16       0.6390      6.074
    5       -5.62       -1.27       0.6300      5.985
    6       -5.52       -1.63       0.6275      5.928
    7       -5.80       -0.91       0.6107      5.917
    8       -5.88       -0.93       0.6008      5.604
    9       -5.64       -1.75       0.5239      5.971
   10       -5.87       -1.11       0.5146      5.696
   11       -6.20       -1.04       0.5119      5.704
   12       -5.36       -1.14       0.5095      6.000
   13       -5.80       -1.45       0.4835      5.960
   14       -5.31       -1.26       0.4342      5.875
   15       -5.62       -1.32       0.4273      5.664
   16       -5.98       -1.63       0.4069      5.686
   17       -5.84       -1.16       0.4028      5.847
   18       -5.71       -1.52       0.3999      5.603
   19       -5.38       -1.67       0.3949      5.902
   20       -5.93       -0.86       0.3595      5.778
 18       -5.71       -1.52       0.3999      5.603
   19       -5.38       -1.67       0.3949      5.902
   20       -5.93       -0.86       0.3595      5.778
