              _             
             (_)            
   __ _ _ __  _ _ __   __ _ 
  / _` | '_ \| | '_ \ / _` |
 | (_| | | | | | | | | (_| |
  \__, |_| |_|_|_| |_|\__,_|
   __/ |                    
  |___/                     

gnina v1.3.1 master:5bd63bd   Built May 23 2025.
gnina is based on smina and AutoDock Vina.
Please cite appropriately.

Commandline: /usr/local/bin/gnina -r /nfs/home/jstempel/vina_inputs/prep/3S0K/receptor_no_ligand.pdb -l /lustre/isaac24/scratch/jstempel/gnina_full_cnn_rescore_exh8_cpu24/_tmp_3S0K_fgcq/ligand.sdf --center_x 25.435 --center_y 25.715 --center_z -2.090 --size_x 28.057 --size_y 17.055 --size_z 20.235 --exhaustiveness 8 --num_modes 20 --cpu 24 --cnn_scoring rescore --scoring vina --addH 0 --log /lustre/isaac24/scratch/jstempel/gnina_full_cnn_rescore_exh8_cpu24/logs/3S0K.log --out /lustre/isaac24/scratch/jstempel/gnina_full_cnn_rescore_exh8_cpu24/flat/3S0K.pdbqt --seed 0 --device 0
Using random seed: 0

mode |  affinity  |  intramol  |    CNN     |   CNN
     | (kcal/mol) | (kcal/mol) | pose score | affinity
-----+------------+------------+------------+----------
    1       -9.34       -3.19       0.9077      8.861
    2       -7.79       -2.62       0.5576      7.450
    3       -9.17       -3.76       0.4696      8.337
    4       -8.77       -5.03       0.4137      8.480
    5       -9.06       -4.74       0.3883      8.193
    6       -9.23       -4.25       0.3838      8.541
    7       -8.34       -2.80       0.3757      7.153
    8       -8.44       -3.41       0.3544      8.092
    9       -8.47       -3.01       0.3373      8.037
   10       -9.12       -4.01       0.3298      8.366
   11       -9.25       -3.97       0.3113      8.270
   12       -8.82       -4.08       0.3066      8.142
   13       -7.73       -2.30       0.3046      7.199
   14       -7.67       -1.82       0.2889      6.802
   15       -8.13       -4.27       0.2381      8.228
   16       -8.15       -3.88       0.2367      7.128
   17       -8.52       -3.68       0.2362      7.975
   18       -7.89       -1.42       0.2253      6.874
   19       -8.45       -2.55       0.2162      6.615
   20       -8.31       -2.89       0.2128      7.036
 18       -7.89       -1.42       0.2253      6.874
   19       -8.45       -2.55       0.2162      6.615
   20       -8.31       -2.89       0.2128      7.036
