              _             
             (_)            
   __ _ _ __  _ _ __   __ _ 
  / _` | '_ \| | '_ \ / _` |
 | (_| | | | | | | | | (_| |
  \__, |_| |_|_|_| |_|\__,_|
   __/ |                    
  |___/                     

gnina v1.3.1 master:5bd63bd   Built May 23 2025.
gnina is based on smina and AutoDock Vina.
Please cite appropriately.

Commandline: /usr/local/bin/gnina -r /nfs/home/jstempel/vina_inputs/prep/3STM/receptor_no_ligand.pdb -l /lustre/isaac24/scratch/jstempel/gnina_full_cnn_rescore_exh8_cpu24/_tmp_3STM_nzlh/ligand.sdf --center_x 6.377 --center_y -9.031 --center_z -13.748 --size_x 10.917 --size_y 14.460 --size_z 12.723 --exhaustiveness 8 --num_modes 20 --cpu 24 --cnn_scoring rescore --scoring vina --addH 0 --log /lustre/isaac24/scratch/jstempel/gnina_full_cnn_rescore_exh8_cpu24/logs/3STM.log --out /lustre/isaac24/scratch/jstempel/gnina_full_cnn_rescore_exh8_cpu24/flat/3STM.pdbqt --seed 0 --device 0
Using random seed: 0

mode |  affinity  |  intramol  |    CNN     |   CNN
     | (kcal/mol) | (kcal/mol) | pose score | affinity
-----+------------+------------+------------+----------
    1       -6.83       -0.83       0.8088      5.932
    2       -6.93       -0.76       0.8043      5.774
    3       -6.90       -0.83       0.7861      5.807
    4       -5.62       -1.15       0.6800      6.122
    5       -5.98       -0.95       0.6467      6.030
    6       -5.85       -0.76       0.6284      6.003
    7       -6.13       -1.49       0.6183      5.934
    8       -6.08       -0.78       0.5159      5.888
    9       -5.83       -0.77       0.5120      5.864
   10       -5.89       -1.10       0.4783      5.772
   11       -5.91       -0.98       0.4508      5.890
   12       -5.53       -0.00       0.4462      5.711
   13       -5.10       -0.69       0.4298      6.008
   14       -5.73       -0.86       0.4242      5.771
   15       -6.09       -1.45       0.3854      5.731
   16       -6.09       -1.05       0.3770      5.505
   17       -5.77       -1.56       0.3608      5.767
   18       -6.54       -0.94       0.3288      5.022
   19       -6.32       -0.98       0.3241      5.283
   20       -6.00       -1.63       0.2900      5.734
 18       -6.54       -0.94       0.3288      5.022
   19       -6.32       -0.98       0.3241      5.283
   20       -6.00       -1.63       0.2900      5.734
