              _             
             (_)            
   __ _ _ __  _ _ __   __ _ 
  / _` | '_ \| | '_ \ / _` |
 | (_| | | | | | | | | (_| |
  \__, |_| |_|_|_| |_|\__,_|
   __/ |                    
  |___/                     

gnina v1.3.1 master:5bd63bd   Built May 23 2025.
gnina is based on smina and AutoDock Vina.
Please cite appropriately.

Commandline: /usr/local/bin/gnina -r /nfs/home/jstempel/vina_inputs/prep/3W9K/receptor_no_ligand.pdb -l /lustre/isaac24/scratch/jstempel/gnina_full_cnn_rescore_exh8_cpu24/_tmp_3W9K_1ZXb/ligand.sdf --center_x -9.944 --center_y 12.292 --center_z -19.392 --size_x 16.338 --size_y 14.219 --size_z 14.853 --exhaustiveness 8 --num_modes 20 --cpu 24 --cnn_scoring rescore --scoring vina --addH 0 --log /lustre/isaac24/scratch/jstempel/gnina_full_cnn_rescore_exh8_cpu24/logs/3W9K.log --out /lustre/isaac24/scratch/jstempel/gnina_full_cnn_rescore_exh8_cpu24/flat/3W9K.pdbqt --seed 0 --device 0
Using random seed: 0

mode |  affinity  |  intramol  |    CNN     |   CNN
     | (kcal/mol) | (kcal/mol) | pose score | affinity
-----+------------+------------+------------+----------
    1       -6.37       -0.51       0.9152      5.930
    2       -5.74       -0.55       0.8889      6.145
    3       -6.85       -0.81       0.8843      5.717
    4       -5.88       -0.72       0.8637      5.935
    5       -6.34        1.47       0.8450      5.903
    6       -6.21       -0.63       0.8147      5.787
    7       -7.08       -0.95       0.8052      5.923
    8       -6.71       -0.71       0.7656      5.552
    9       -7.10       -0.84       0.7381      5.651
   10       -5.39       -0.65       0.6801      5.491
   11       -5.67        0.05       0.6479      5.754
   12       -6.07       -0.58       0.6217      5.153
   13       -5.92       -0.63       0.5693      5.427
   14       -5.21       -0.65       0.5186      5.050
   15       -7.01       -0.45       0.5010      5.930
   16       -5.01       -0.50       0.4060      4.724
   17       -2.83       -0.29       0.3594      5.128
   18       -5.48       -1.15       0.3366      5.335
   19       -5.59        0.11       0.3286      5.407
   20       -4.36       -0.83       0.2040      5.242
 18       -5.48       -1.15       0.3366      5.335
   19       -5.59        0.11       0.3286      5.407
   20       -4.36       -0.83       0.2040      5.242
