              _             
             (_)            
   __ _ _ __  _ _ __   __ _ 
  / _` | '_ \| | '_ \ / _` |
 | (_| | | | | | | | | (_| |
  \__, |_| |_|_|_| |_|\__,_|
   __/ |                    
  |___/                     

gnina v1.3.1 master:5bd63bd   Built May 23 2025.
gnina is based on smina and AutoDock Vina.
Please cite appropriately.

Commandline: /usr/local/bin/gnina -r /nfs/home/jstempel/vina_inputs/prep/3WEB/receptor_no_ligand.pdb -l /lustre/isaac24/scratch/jstempel/gnina_full_cnn_rescore_exh8_cpu24/_tmp_3WEB_vy0t/ligand.sdf --center_x 9.031 --center_y 10.072 --center_z 20.489 --size_x 13.186 --size_y 15.404 --size_z 15.134 --exhaustiveness 8 --num_modes 20 --cpu 24 --cnn_scoring rescore --scoring vina --addH 0 --log /lustre/isaac24/scratch/jstempel/gnina_full_cnn_rescore_exh8_cpu24/logs/3WEB.log --out /lustre/isaac24/scratch/jstempel/gnina_full_cnn_rescore_exh8_cpu24/flat/3WEB.pdbqt --seed 0 --device 0
Using random seed: 0

mode |  affinity  |  intramol  |    CNN     |   CNN
     | (kcal/mol) | (kcal/mol) | pose score | affinity
-----+------------+------------+------------+----------
    1       -6.91       -0.51       0.9133      6.834
    2       -6.80       -0.81       0.8370      6.786
    3       -6.88       -1.14       0.7986      6.977
    4       -6.41       -0.42       0.7922      6.810
    5       -6.68       -1.26       0.7442      6.786
    6       -6.78       -1.45       0.7317      6.731
    7       -5.60       -1.01       0.7184      6.363
    8       -6.32       -0.94       0.6887      6.659
    9       -5.58       -1.38       0.6465      6.682
   10       -5.84       -1.07       0.6284      6.309
   11       -6.39       -0.22       0.6260      6.563
   12       -5.98       -0.63       0.5662      6.429
   13       -6.57       -1.04       0.4702      6.190
   14       -5.97       -1.44       0.4366      6.265
   15       -5.99       -1.84       0.3896      6.096
   16       -5.96       -1.60       0.3840      6.136
   17       -6.19       -1.15       0.3536      6.048
   18       -5.86       -1.54       0.3430      5.828
   19       -5.78       -1.35       0.3280      6.008
   20       -5.33       -1.68       0.3117      5.843
 18       -5.86       -1.54       0.3430      5.828
   19       -5.78       -1.35       0.3280      6.008
   20       -5.33       -1.68       0.3117      5.843
