              _             
             (_)            
   __ _ _ __  _ _ __   __ _ 
  / _` | '_ \| | '_ \ / _` |
 | (_| | | | | | | | | (_| |
  \__, |_| |_|_|_| |_|\__,_|
   __/ |                    
  |___/                     

gnina v1.3.1 master:5bd63bd   Built May 23 2025.
gnina is based on smina and AutoDock Vina.
Please cite appropriately.

Commandline: /usr/local/bin/gnina -r /nfs/home/jstempel/vina_inputs/prep/4AZP/receptor_no_ligand.pdb -l /lustre/isaac24/scratch/jstempel/gnina_full_cnn_rescore_exh8_cpu24/_tmp_4AZP_2dkb/ligand.sdf --center_x 23.466 --center_y 13.702 --center_z -1.245 --size_x 10.037 --size_y 12.113 --size_z 18.052 --exhaustiveness 8 --num_modes 20 --cpu 24 --cnn_scoring rescore --scoring vina --addH 0 --log /lustre/isaac24/scratch/jstempel/gnina_full_cnn_rescore_exh8_cpu24/logs/4AZP.log --out /lustre/isaac24/scratch/jstempel/gnina_full_cnn_rescore_exh8_cpu24/flat/4AZP.pdbqt --seed 0 --device 0
Using random seed: 0

mode |  affinity  |  intramol  |    CNN     |   CNN
     | (kcal/mol) | (kcal/mol) | pose score | affinity
-----+------------+------------+------------+----------
    1       -6.96       -1.91       0.8483      7.100
    2       -6.31       -1.32       0.8319      6.729
    3       -6.16       -0.96       0.7838      7.106
    4       -6.90       -1.83       0.7781      6.961
    5       -6.23       -1.88       0.7107      6.669
    6       -6.65       -1.85       0.6950      6.956
    7       -6.15       -2.19       0.6575      6.791
    8       -7.12       -1.38       0.6532      6.299
    9       -6.52       -2.23       0.6407      6.971
   10       -6.53       -0.65       0.6402      6.752
   11       -6.63       -1.71       0.6181      6.594
   12       -6.60       -1.56       0.5897      6.401
   13       -6.84       -1.26       0.5205      6.544
   14       -6.56       -1.63       0.5201      6.587
   15       -6.16       -1.37       0.4976      6.188
   16       -6.07       -2.05       0.4846      6.678
   17       -5.97       -1.36       0.4511      6.691
   18       -6.47       -2.25       0.4474      6.266
   19       -7.16       -1.73       0.4384      6.175
   20       -5.98       -0.34       0.4266      5.975
 18       -6.47       -2.25       0.4474      6.266
   19       -7.16       -1.73       0.4384      6.175
   20       -5.98       -0.34       0.4266      5.975
