              _             
             (_)            
   __ _ _ __  _ _ __   __ _ 
  / _` | '_ \| | '_ \ / _` |
 | (_| | | | | | | | | (_| |
  \__, |_| |_|_|_| |_|\__,_|
   __/ |                    
  |___/                     

gnina v1.3.1 master:5bd63bd   Built May 23 2025.
gnina is based on smina and AutoDock Vina.
Please cite appropriately.

Commandline: /usr/local/bin/gnina -r /nfs/home/jstempel/vina_inputs/prep/4DOL/receptor_no_ligand.pdb -l /lustre/isaac24/scratch/jstempel/gnina_full_cnn_rescore_exh8_cpu24/_tmp_4DOL_BtMv/ligand.sdf --center_x 21.317 --center_y -1.079 --center_z -15.764 --size_x 12.448 --size_y 13.804 --size_z 10.805 --exhaustiveness 8 --num_modes 20 --cpu 24 --cnn_scoring rescore --scoring vina --addH 0 --log /lustre/isaac24/scratch/jstempel/gnina_full_cnn_rescore_exh8_cpu24/logs/4DOL.log --out /lustre/isaac24/scratch/jstempel/gnina_full_cnn_rescore_exh8_cpu24/flat/4DOL.pdbqt --seed 0 --device 0
Using random seed: 0

mode |  affinity  |  intramol  |    CNN     |   CNN
     | (kcal/mol) | (kcal/mol) | pose score | affinity
-----+------------+------------+------------+----------
    1       -6.26       -1.06       0.8359      6.287
    2       -6.28       -0.96       0.8178      6.172
    3       -6.47       -1.14       0.7737      6.121
    4       -6.15       -1.56       0.7470      6.227
    5       -5.41       -1.52       0.7339      6.226
    6       -5.90       -1.92       0.7065      6.104
    7       -5.33       -1.54       0.6429      6.288
    8       -5.62       -1.06       0.6033      6.035
    9       -6.25       -1.66       0.5858      6.184
   10       -4.97       -0.94       0.5775      6.068
   11       -6.43       -0.89       0.5638      5.699
   12       -5.65       -0.47       0.5578      5.951
   13       -6.02       -1.57       0.5457      6.252
   14       -5.69       -1.63       0.4789      6.169
   15       -6.22       -1.24       0.3297      5.734
   16       -6.30       -1.46       0.3105      5.654
   17       -5.62       -1.02       0.2465      5.538
   18       -6.28       -2.08       0.2009      5.455
   19       -5.30       -1.19       0.1907      5.217
   20       -6.39       -1.26       0.1761      4.832
 18       -6.28       -2.08       0.2009      5.455
   19       -5.30       -1.19       0.1907      5.217
   20       -6.39       -1.26       0.1761      4.832
