              _             
             (_)            
   __ _ _ __  _ _ __   __ _ 
  / _` | '_ \| | '_ \ / _` |
 | (_| | | | | | | | | (_| |
  \__, |_| |_|_|_| |_|\__,_|
   __/ |                    
  |___/                     

gnina v1.3.1 master:5bd63bd   Built May 23 2025.
gnina is based on smina and AutoDock Vina.
Please cite appropriately.

Commandline: /usr/local/bin/gnina -r /nfs/home/jstempel/vina_inputs/prep/4INQ/receptor_no_ligand.pdb -l /lustre/isaac24/scratch/jstempel/gnina_full_cnn_rescore_exh8_cpu24/_tmp_4INQ_Ch1Z/ligand.sdf --center_x -5.729 --center_y 11.070 --center_z -5.242 --size_x 14.640 --size_y 26.236 --size_z 13.896 --exhaustiveness 8 --num_modes 20 --cpu 24 --cnn_scoring rescore --scoring vina --addH 0 --log /lustre/isaac24/scratch/jstempel/gnina_full_cnn_rescore_exh8_cpu24/logs/4INQ.log --out /lustre/isaac24/scratch/jstempel/gnina_full_cnn_rescore_exh8_cpu24/flat/4INQ.pdbqt --seed 0 --device 0
Using random seed: 0

mode |  affinity  |  intramol  |    CNN     |   CNN
     | (kcal/mol) | (kcal/mol) | pose score | affinity
-----+------------+------------+------------+----------
    1       -8.67       -1.78       0.8489      5.931
    2       -8.48       -1.71       0.8006      5.637
    3       -8.59       -1.62       0.7184      5.558
    4       -8.50       -2.32       0.6904      5.781
    5       -7.29       -0.15       0.6623      5.645
    6       -8.45       -2.15       0.6149      5.797
    7       -7.71        0.87       0.6059      5.307
    8       -7.32       -1.87       0.6005      5.647
    9       -7.33       -1.32       0.5800      5.351
   10       -8.13        0.36       0.5795      5.713
   11       -7.66       -1.76       0.5760      5.132
   12       -7.31       -1.16       0.5704      5.535
   13       -7.84       -1.22       0.5656      5.454
   14       -7.94       -0.83       0.5644      5.484
   15       -7.30       -1.81       0.5590      5.465
   16       -7.56       -2.04       0.5484      5.868
   17       -8.46       -1.83       0.5291      5.360
   18       -8.30       -0.44       0.5286      5.486
   19       -7.47       -0.36       0.4838      5.432
   20       -7.57       -1.89       0.4709      5.501
 18       -8.30       -0.44       0.5286      5.486
   19       -7.47       -0.36       0.4838      5.432
   20       -7.57       -1.89       0.4709      5.501
