              _             
             (_)            
   __ _ _ __  _ _ __   __ _ 
  / _` | '_ \| | '_ \ / _` |
 | (_| | | | | | | | | (_| |
  \__, |_| |_|_|_| |_|\__,_|
   __/ |                    
  |___/                     

gnina v1.3.1 master:5bd63bd   Built May 23 2025.
gnina is based on smina and AutoDock Vina.
Please cite appropriately.

Commandline: /usr/local/bin/gnina -r /nfs/home/jstempel/vina_inputs/prep/4K80/receptor_no_ligand.pdb -l /lustre/isaac24/scratch/jstempel/gnina_full_cnn_rescore_exh8_cpu24/_tmp_4K80_8wZo/ligand.sdf --center_x 16.231 --center_y 27.454 --center_z 49.783 --size_x 20.358 --size_y 11.180 --size_z 22.049 --exhaustiveness 8 --num_modes 20 --cpu 24 --cnn_scoring rescore --scoring vina --addH 0 --log /lustre/isaac24/scratch/jstempel/gnina_full_cnn_rescore_exh8_cpu24/logs/4K80.log --out /lustre/isaac24/scratch/jstempel/gnina_full_cnn_rescore_exh8_cpu24/flat/4K80.pdbqt --seed 0 --device 0
Using random seed: 0

mode |  affinity  |  intramol  |    CNN     |   CNN
     | (kcal/mol) | (kcal/mol) | pose score | affinity
-----+------------+------------+------------+----------
    1       -6.25       -0.66       0.8259      6.561
    2       -7.15       -0.46       0.8038      6.889
    3       -6.96        0.03       0.7839      6.654
    4       -7.06       -1.16       0.7730      7.064
    5       -6.95       -0.58       0.7319      6.803
    6       -7.37       -0.62       0.7265      7.066
    7       -6.48       -0.79       0.7253      6.436
    8       -6.85       -0.90       0.6592      6.788
    9       -6.58       -0.97       0.6339      6.759
   10       -7.20       -0.81       0.6257      6.220
   11       -7.30       -1.16       0.6237      6.797
   12       -7.37       -1.08       0.5950      6.128
   13       -6.68       -0.69       0.5888      6.668
   14       -7.09       -1.30       0.5131      6.365
   15       -7.31       -0.80       0.5101      6.331
   16       -6.42       -1.37       0.4908      6.210
   17       -5.84       -1.66       0.4803      6.416
   18       -7.22       -1.13       0.4615      6.140
   19       -6.10        0.67       0.4576      6.270
   20       -6.62       -0.59       0.4460      6.622
 18       -7.22       -1.13       0.4615      6.140
   19       -6.10        0.67       0.4576      6.270
   20       -6.62       -0.59       0.4460      6.622
