              _             
             (_)            
   __ _ _ __  _ _ __   __ _ 
  / _` | '_ \| | '_ \ / _` |
 | (_| | | | | | | | | (_| |
  \__, |_| |_|_|_| |_|\__,_|
   __/ |                    
  |___/                     

gnina v1.3.1 master:5bd63bd   Built May 23 2025.
gnina is based on smina and AutoDock Vina.
Please cite appropriately.

Commandline: /usr/local/bin/gnina -r /nfs/home/jstempel/vina_inputs/prep/4NS0/receptor_no_ligand.pdb -l /lustre/isaac24/scratch/jstempel/gnina_full_cnn_rescore_exh8_cpu24/_tmp_4NS0_1LrU/ligand.sdf --center_x 15.572 --center_y 2.512 --center_z 39.816 --size_x 21.643 --size_y 12.094 --size_z 16.503 --exhaustiveness 8 --num_modes 20 --cpu 24 --cnn_scoring rescore --scoring vina --addH 0 --log /lustre/isaac24/scratch/jstempel/gnina_full_cnn_rescore_exh8_cpu24/logs/4NS0.log --out /lustre/isaac24/scratch/jstempel/gnina_full_cnn_rescore_exh8_cpu24/flat/4NS0.pdbqt --seed 0 --device 0
Using random seed: 0

mode |  affinity  |  intramol  |    CNN     |   CNN
     | (kcal/mol) | (kcal/mol) | pose score | affinity
-----+------------+------------+------------+----------
    1       -4.18       -1.22       0.6862      3.793
    2       -4.22       -1.12       0.4628      4.113
    3       -5.17       -0.21       0.4134      3.389
    4       -4.14       -1.76       0.4054      4.351
    5       -4.56       -0.25       0.4023      3.946
    6       -4.72       -0.11       0.3982      4.190
    7       -3.96       -1.32       0.3965      3.827
    8       -4.27       -2.29       0.3955      4.350
    9       -5.17       -1.40       0.3819      3.791
   10       -4.14       -2.12       0.3795      4.230
   11       -5.06       -1.07       0.3364      3.365
   12       -5.21       -0.84       0.3351      3.339
   13       -4.09       -0.58       0.3251      3.400
   14       -4.35       -1.19       0.3190      4.136
   15       -4.16       -0.60       0.2827      3.351
   16       -4.15       -1.18       0.2753      3.595
   17       -4.29       -1.77       0.2583      3.868
   18       -4.39       -0.03       0.2513      3.601
   19       -4.11       -0.48       0.2502      4.368
   20       -4.06       -0.98       0.2501      2.941
 18       -4.39       -0.03       0.2513      3.601
   19       -4.11       -0.48       0.2502      4.368
   20       -4.06       -0.98       0.2501      2.941
