              _             
             (_)            
   __ _ _ __  _ _ __   __ _ 
  / _` | '_ \| | '_ \ / _` |
 | (_| | | | | | | | | (_| |
  \__, |_| |_|_|_| |_|\__,_|
   __/ |                    
  |___/                     

gnina v1.3.1 master:5bd63bd   Built May 23 2025.
gnina is based on smina and AutoDock Vina.
Please cite appropriately.

Commandline: /usr/local/bin/gnina -r /nfs/home/jstempel/vina_inputs/prep/4QA8/receptor_no_ligand.pdb -l /lustre/isaac24/scratch/jstempel/gnina_full_cnn_rescore_exh8_cpu24/_tmp_4QA8_yU1t/ligand.sdf --center_x -5.509 --center_y 0.920 --center_z -14.483 --size_x 13.573 --size_y 17.313 --size_z 23.970 --exhaustiveness 8 --num_modes 20 --cpu 24 --cnn_scoring rescore --scoring vina --addH 0 --log /lustre/isaac24/scratch/jstempel/gnina_full_cnn_rescore_exh8_cpu24/logs/4QA8.log --out /lustre/isaac24/scratch/jstempel/gnina_full_cnn_rescore_exh8_cpu24/flat/4QA8.pdbqt --seed 0 --device 0
Using random seed: 0

mode |  affinity  |  intramol  |    CNN     |   CNN
     | (kcal/mol) | (kcal/mol) | pose score | affinity
-----+------------+------------+------------+----------
    1       -8.83       -2.09       0.6545      7.671
    2       -8.37       -2.47       0.5561      7.667
    3       -9.12       -2.51       0.5171      7.624
    4       -9.10       -2.26       0.5114      7.728
    5       -8.69       -1.95       0.5081      7.501
    6       -7.28       -1.78       0.4741      6.697
    7       -7.15       -1.25       0.4727      6.331
    8       -9.15       -2.26       0.4593      7.765
    9       -7.78       -1.66       0.4246      6.635
   10       -7.80       -1.24       0.4244      7.082
   11       -6.73       -1.31       0.4180      6.493
   12       -6.80       -1.27       0.3738      6.570
   13       -7.35       -1.11       0.3715      6.594
   14       -7.14       -1.65       0.3570      6.666
   15       -8.12       -2.64       0.3541      7.282
   16       -6.68       -1.18       0.3532      5.883
   17       -8.24       -2.94       0.3477      7.315
   18       -8.10       -1.19       0.3174      6.042
   19       -7.83       -1.65       0.2915      7.175
   20       -7.45       -1.22       0.2835      7.048
 18       -8.10       -1.19       0.3174      6.042
   19       -7.83       -1.65       0.2915      7.175
   20       -7.45       -1.22       0.2835      7.048
