              _             
             (_)            
   __ _ _ __  _ _ __   __ _ 
  / _` | '_ \| | '_ \ / _` |
 | (_| | | | | | | | | (_| |
  \__, |_| |_|_|_| |_|\__,_|
   __/ |                    
  |___/                     

gnina v1.3.1 master:5bd63bd   Built May 23 2025.
gnina is based on smina and AutoDock Vina.
Please cite appropriately.

Commandline: /usr/local/bin/gnina -r /nfs/home/jstempel/vina_inputs/prep/4TW3/receptor_no_ligand.pdb -l /lustre/isaac24/scratch/jstempel/gnina_full_cnn_rescore_exh8_cpu24/_tmp_4TW3_Hexy/ligand.sdf --center_x -21.430 --center_y -0.333 --center_z -15.886 --size_x 9.890 --size_y 17.271 --size_z 17.525 --exhaustiveness 8 --num_modes 20 --cpu 24 --cnn_scoring rescore --scoring vina --addH 0 --log /lustre/isaac24/scratch/jstempel/gnina_full_cnn_rescore_exh8_cpu24/logs/4TW3.log --out /lustre/isaac24/scratch/jstempel/gnina_full_cnn_rescore_exh8_cpu24/flat/4TW3.pdbqt --seed 0 --device 0
Using random seed: 0

mode |  affinity  |  intramol  |    CNN     |   CNN
     | (kcal/mol) | (kcal/mol) | pose score | affinity
-----+------------+------------+------------+----------
    1       -7.94       -0.83       0.9185      7.198
    2       -7.97       -0.98       0.8406      7.049
    3       -7.79       -0.96       0.7518      6.743
    4       -7.69       -0.78       0.7141      6.759
    5       -7.62       -0.76       0.6989      6.583
    6       -8.05       -0.84       0.6908      6.792
    7       -7.81       -1.24       0.4996      6.744
    8       -7.52       -1.27       0.4369      6.751
    9       -7.15       -0.47       0.3874      6.647
   10       -5.93       -1.24       0.3559      6.676
   11       -3.66       -0.64       0.2998      6.566
   12       -3.74       -0.76       0.2497      5.753
   13       -5.21       -1.09       0.2485      6.214
   14       -6.03       -0.98       0.2317      6.437
   15       -6.29       -1.33       0.2279      6.153
   16       -2.32        0.15       0.1869      5.648
   17       -5.09        1.33       0.1739      5.668
   18       -5.88       -0.82       0.1719      6.605
   19        3.14        5.87       0.1628      4.440
   20       -4.21        0.73       0.1467      5.488
0.2485      6.214
   14       -6.03       -0.98       0.2317      6.437
   15       -6.29       -1.33       0.2279      6.153
   16       -2.32        0.15       0.1869      5.648
   17       -5.09        1.33       0.1739      5.668
   18       -5.88       -0.82       0.1719      6.605
   19        3.14        5.87       0.1628      4.440
   20       -4.21        0.73       0.1467      5.488
