              _             
             (_)            
   __ _ _ __  _ _ __   __ _ 
  / _` | '_ \| | '_ \ / _` |
 | (_| | | | | | | | | (_| |
  \__, |_| |_|_|_| |_|\__,_|
   __/ |                    
  |___/                     

gnina v1.3.1 master:5bd63bd   Built May 23 2025.
gnina is based on smina and AutoDock Vina.
Please cite appropriately.

Commandline: /usr/local/bin/gnina -r /nfs/home/jstempel/vina_inputs/prep/4WBK/receptor_no_ligand.pdb -l /lustre/isaac24/scratch/jstempel/gnina_full_cnn_rescore_exh8_cpu24/_tmp_4WBK_adB2/ligand.sdf --center_x 6.846 --center_y -20.506 --center_z -2.212 --size_x 11.401 --size_y 14.974 --size_z 13.202 --exhaustiveness 8 --num_modes 20 --cpu 24 --cnn_scoring rescore --scoring vina --addH 0 --log /lustre/isaac24/scratch/jstempel/gnina_full_cnn_rescore_exh8_cpu24/logs/4WBK.log --out /lustre/isaac24/scratch/jstempel/gnina_full_cnn_rescore_exh8_cpu24/flat/4WBK.pdbqt --seed 0 --device 0
Using random seed: 0

mode |  affinity  |  intramol  |    CNN     |   CNN
     | (kcal/mol) | (kcal/mol) | pose score | affinity
-----+------------+------------+------------+----------
    1       -6.31       -0.84       0.8932      6.572
    2       -5.55       -2.01       0.7841      6.367
    3       -6.18       -1.55       0.7667      6.526
    4       -6.29       -1.40       0.7217      6.424
    5       -6.20       -1.35       0.6745      6.238
    6       -5.62       -1.90       0.5319      6.144
    7       -6.12       -1.10       0.5042      6.153
    8       -6.19       -1.31       0.4934      6.070
    9       -5.74       -0.99       0.4906      5.766
   10       -5.39       -2.15       0.4259      6.181
   11       -6.20       -1.33       0.4205      5.761
   12       -6.21       -1.39       0.3614      5.887
   13       -5.65       -1.47       0.3454      5.705
   14       -5.67       -1.08       0.2756      5.376
   15       -5.84       -1.42       0.2669      5.715
   16       -5.70       -1.23       0.2558      5.435
   17       -6.26       -1.60       0.2490      5.535
   18       -5.62       -1.83       0.2482      5.841
   19       -5.33       -1.42       0.2430      5.412
   20       -5.36       -2.09       0.2381      5.598
 18       -5.62       -1.83       0.2482      5.841
   19       -5.33       -1.42       0.2430      5.412
   20       -5.36       -2.09       0.2381      5.598
