              _             
             (_)            
   __ _ _ __  _ _ __   __ _ 
  / _` | '_ \| | '_ \ / _` |
 | (_| | | | | | | | | (_| |
  \__, |_| |_|_|_| |_|\__,_|
   __/ |                    
  |___/                     

gnina v1.3.1 master:5bd63bd   Built May 23 2025.
gnina is based on smina and AutoDock Vina.
Please cite appropriately.

Commandline: /usr/local/bin/gnina -r /nfs/home/jstempel/vina_inputs/prep/4X9X/receptor_no_ligand.pdb -l /lustre/isaac24/scratch/jstempel/gnina_full_cnn_rescore_exh8_cpu24/_tmp_4X9X_d8Op/ligand.sdf --center_x -30.018 --center_y 3.459 --center_z 18.013 --size_x 16.609 --size_y 13.277 --size_z 19.637 --exhaustiveness 8 --num_modes 20 --cpu 24 --cnn_scoring rescore --scoring vina --addH 0 --log /lustre/isaac24/scratch/jstempel/gnina_full_cnn_rescore_exh8_cpu24/logs/4X9X.log --out /lustre/isaac24/scratch/jstempel/gnina_full_cnn_rescore_exh8_cpu24/flat/4X9X.pdbqt --seed 0 --device 0
Using random seed: 0

mode |  affinity  |  intramol  |    CNN     |   CNN
     | (kcal/mol) | (kcal/mol) | pose score | affinity
-----+------------+------------+------------+----------
    1       -7.42       -0.63       0.9495      6.799
    2       -7.36       -0.41       0.9094      6.876
    3       -7.05       -0.85       0.9037      6.627
    4       -7.41       -0.91       0.8685      6.646
    5       -6.91       -1.29       0.6475      6.609
    6       -5.92       -0.10       0.6386      6.320
    7       -6.61       -1.26       0.4593      5.791
    8       -5.92       -1.00       0.4509      6.335
    9       -7.12       -1.23       0.4124      6.390
   10       -6.40       -1.04       0.2636      5.990
   11       -3.05       -0.74       0.2609      5.698
   12       -4.98       -0.08       0.2606      5.763
   13       -7.01       -0.52       0.2566      6.015
   14       -5.08       -0.83       0.2517      5.946
   15        0.08        0.15       0.2340      5.333
   16       -3.03       -0.16       0.2316      5.813
   17        2.26        3.09       0.2312      5.617
   18       -6.25       -0.42       0.2299      5.530
   19        9.61        2.55       0.2134      4.574
   20       -3.99        1.56       0.2069      5.548
  5.333
   16       -3.03       -0.16       0.2316      5.813
   17        2.26        3.09       0.2312      5.617
   18       -6.25       -0.42       0.2299      5.530
   19        9.61        2.55       0.2134      4.574
   20       -3.99        1.56       0.2069      5.548
