              _             
             (_)            
   __ _ _ __  _ _ __   __ _ 
  / _` | '_ \| | '_ \ / _` |
 | (_| | | | | | | | | (_| |
  \__, |_| |_|_|_| |_|\__,_|
   __/ |                    
  |___/                     

gnina v1.3.1 master:5bd63bd   Built May 23 2025.
gnina is based on smina and AutoDock Vina.
Please cite appropriately.

Commandline: /usr/local/bin/gnina -r /nfs/home/jstempel/vina_inputs/prep/5NU6/receptor_no_ligand.pdb -l /lustre/isaac24/scratch/jstempel/gnina_full_cnn_rescore_exh8_cpu24/_tmp_5NU6_3Idq/ligand.sdf --center_x 15.278 --center_y 8.850 --center_z 0.961 --size_x 14.986 --size_y 14.071 --size_z 9.836 --exhaustiveness 8 --num_modes 20 --cpu 24 --cnn_scoring rescore --scoring vina --addH 0 --log /lustre/isaac24/scratch/jstempel/gnina_full_cnn_rescore_exh8_cpu24/logs/5NU6.log --out /lustre/isaac24/scratch/jstempel/gnina_full_cnn_rescore_exh8_cpu24/flat/5NU6.pdbqt --seed 0 --device 0
Using random seed: 0

mode |  affinity  |  intramol  |    CNN     |   CNN
     | (kcal/mol) | (kcal/mol) | pose score | affinity
-----+------------+------------+------------+----------
    1       -6.88        0.10       0.9723      7.277
    2       -7.05       -0.95       0.9196      7.206
    3       -7.21       -1.39       0.9084      7.342
    4       -7.01       -1.16       0.9047      7.201
    5       -7.12       -1.20       0.8692      7.159
    6       -6.23       -1.20       0.6224      6.865
    7       -6.51       -1.32       0.5493      6.643
    8       -6.22       -1.39       0.4988      6.688
    9       -6.16       -1.63       0.4712      6.633
   10       -5.37       -1.17       0.4424      6.569
   11       -5.46       -1.62       0.3815      6.643
   12       -6.57       -1.04       0.3181      6.151
   13       -5.25       -1.73       0.3080      6.404
   14       -6.46       -1.34       0.2790      6.081
   15       -6.16       -1.07       0.2688      5.425
   16       -6.54       -1.98       0.2640      5.448
   17       -5.73       -1.42       0.2592      5.408
   18       -5.02       -0.67       0.2566      5.870
   19       -6.34       -1.77       0.2518      5.504
   20       -5.88       -0.86       0.2428      5.599
 18       -5.02       -0.67       0.2566      5.870
   19       -6.34       -1.77       0.2518      5.504
   20       -5.88       -0.86       0.2428      5.599
