              _             
             (_)            
   __ _ _ __  _ _ __   __ _ 
  / _` | '_ \| | '_ \ / _` |
 | (_| | | | | | | | | (_| |
  \__, |_| |_|_|_| |_|\__,_|
   __/ |                    
  |___/                     

gnina v1.3.1 master:5bd63bd   Built May 23 2025.
gnina is based on smina and AutoDock Vina.
Please cite appropriately.

Commandline: /usr/local/bin/gnina -r /nfs/home/jstempel/vina_inputs/prep/6C74/receptor_no_ligand.pdb -l /lustre/isaac24/scratch/jstempel/gnina_full_cnn_rescore_exh8_cpu24/_tmp_6C74_UPeG/ligand.sdf --center_x 5.746 --center_y 13.247 --center_z 2.355 --size_x 10.533 --size_y 11.280 --size_z 10.906 --exhaustiveness 8 --num_modes 20 --cpu 24 --cnn_scoring rescore --scoring vina --addH 0 --log /lustre/isaac24/scratch/jstempel/gnina_full_cnn_rescore_exh8_cpu24/logs/6C74.log --out /lustre/isaac24/scratch/jstempel/gnina_full_cnn_rescore_exh8_cpu24/flat/6C74.pdbqt --seed 0 --device 0
Using random seed: 0

mode |  affinity  |  intramol  |    CNN     |   CNN
     | (kcal/mol) | (kcal/mol) | pose score | affinity
-----+------------+------------+------------+----------
    1       -3.24       -0.01       0.7531      3.679
    2       -3.24       -0.01       0.7491      3.726
    3       -3.27       -0.01       0.7461      3.699
    4       -2.44       -0.04       0.6803      3.594
    5       -2.82       -0.07       0.6760      3.588
    6       -2.84       -0.01       0.6748      3.816
    7       -3.31       -0.01       0.6496      3.707
    8       -2.67       -0.07       0.6387      3.781
    9       -2.42       -0.07       0.6332      3.773
   10       -2.78       -0.04       0.6243      3.707
   11       -2.84       -0.04       0.6235      3.689
   12       -2.81       -0.07       0.6036      3.581
   13       -2.00       -0.03       0.5988      3.249
   14       -2.78       -0.04       0.5978      3.623
   15       -3.23       -0.04       0.5938      3.501
   16       -2.19       -0.07       0.5767      3.262
   17       -2.43       -0.05       0.5465      3.496
   18       -2.56       -0.02       0.5354      3.353
   19       -2.61       -0.05       0.5303      3.468
   20       -1.92       -0.04       0.5258      3.248
 18       -2.56       -0.02       0.5354      3.353
   19       -2.61       -0.05       0.5303      3.468
   20       -1.92       -0.04       0.5258      3.248
