              _             
             (_)            
   __ _ _ __  _ _ __   __ _ 
  / _` | '_ \| | '_ \ / _` |
 | (_| | | | | | | | | (_| |
  \__, |_| |_|_|_| |_|\__,_|
   __/ |                    
  |___/                     

gnina v1.3.1 master:5bd63bd   Built May 23 2025.
gnina is based on smina and AutoDock Vina.
Please cite appropriately.

Commandline: /usr/local/bin/gnina -r /nfs/home/jstempel/vina_inputs/prep/6DGG/receptor_no_ligand.pdb -l /lustre/isaac24/scratch/jstempel/gnina_full_cnn_rescore_exh8_cpu24/_tmp_6DGG_JqbS/ligand.sdf --center_x 9.021 --center_y 11.213 --center_z 8.559 --size_x 17.898 --size_y 10.735 --size_z 12.327 --exhaustiveness 8 --num_modes 20 --cpu 24 --cnn_scoring rescore --scoring vina --addH 0 --log /lustre/isaac24/scratch/jstempel/gnina_full_cnn_rescore_exh8_cpu24/logs/6DGG.log --out /lustre/isaac24/scratch/jstempel/gnina_full_cnn_rescore_exh8_cpu24/flat/6DGG.pdbqt --seed 0 --device 0
Using random seed: 0

mode |  affinity  |  intramol  |    CNN     |   CNN
     | (kcal/mol) | (kcal/mol) | pose score | affinity
-----+------------+------------+------------+----------
    1       -7.37       -0.30       0.9637      5.550
    2       -6.65       -0.48       0.9389      5.752
    3       -7.66       -0.62       0.6105      5.447
    4       -5.43       -0.32       0.5723      5.282
    5       -6.62       -0.34       0.3851      4.504
    6       -7.24       -0.56       0.2729      4.704
    7       -6.66       -0.16       0.2566      4.103
    8       -5.49       -0.58       0.1887      4.592
    9       -6.24       -0.72       0.1806      4.391
   10       -4.74       -0.49       0.1522      3.691
  8       -5.49       -0.58       0.1887      4.592
    9       -6.24       -0.72       0.1806      4.391
   10       -4.74       -0.49       0.1522      3.691
