              _             
             (_)            
   __ _ _ __  _ _ __   __ _ 
  / _` | '_ \| | '_ \ / _` |
 | (_| | | | | | | | | (_| |
  \__, |_| |_|_|_| |_|\__,_|
   __/ |                    
  |___/                     

gnina v1.3.1 master:5bd63bd   Built May 23 2025.
gnina is based on smina and AutoDock Vina.
Please cite appropriately.

Commandline: /usr/local/bin/gnina -r /nfs/home/jstempel/vina_inputs/prep/6DKE/receptor_no_ligand.pdb -l /lustre/isaac24/scratch/jstempel/gnina_full_cnn_rescore_exh8_cpu24/_tmp_6DKE_xfdI/ligand.sdf --center_x 10.632 --center_y -5.831 --center_z 10.684 --size_x 13.440 --size_y 21.323 --size_z 12.302 --exhaustiveness 8 --num_modes 20 --cpu 24 --cnn_scoring rescore --scoring vina --addH 0 --log /lustre/isaac24/scratch/jstempel/gnina_full_cnn_rescore_exh8_cpu24/logs/6DKE.log --out /lustre/isaac24/scratch/jstempel/gnina_full_cnn_rescore_exh8_cpu24/flat/6DKE.pdbqt --seed 0 --device 0
Using random seed: 0

mode |  affinity  |  intramol  |    CNN     |   CNN
     | (kcal/mol) | (kcal/mol) | pose score | affinity
-----+------------+------------+------------+----------
    1       -7.38       -0.40       0.9606      5.951
    2       -7.73       -0.64       0.9509      6.140
    3       -6.22       -0.40       0.9300      5.302
    4        3.55       -0.22       0.9048      5.260
    5       -6.29       -0.58       0.8784      5.533
    6       -5.28       -0.40       0.8463      5.283
    7       -7.35       -0.61       0.7806      5.581
    8        3.97       -0.46       0.7512      5.067
    9       -6.61       -0.44       0.7056      5.919
   10        4.54       -0.37       0.6971      4.578
   11        2.39        0.92       0.6304      5.421
   12       -6.92       -0.57       0.5979      5.381
   13        2.41       -0.56       0.5753      5.196
   14       -6.03       -0.70       0.5227      5.429
   15       -5.66       -0.37       0.4847      4.948
   16       -6.17       -0.44       0.4478      5.619
   17       -5.80       -0.28       0.4298      5.424
   18       -5.99       -0.52       0.3415      5.313
   19       -4.10       -0.68       0.3098      5.426
   20       -5.11       -0.60       0.2719      4.241
7      5.429
   15       -5.66       -0.37       0.4847      4.948
   16       -6.17       -0.44       0.4478      5.619
   17       -5.80       -0.28       0.4298      5.424
   18       -5.99       -0.52       0.3415      5.313
   19       -4.10       -0.68       0.3098      5.426
   20       -5.11       -0.60       0.2719      4.241
