              _             
             (_)            
   __ _ _ __  _ _ __   __ _ 
  / _` | '_ \| | '_ \ / _` |
 | (_| | | | | | | | | (_| |
  \__, |_| |_|_|_| |_|\__,_|
   __/ |                    
  |___/                     

gnina v1.3.1 master:5bd63bd   Built May 23 2025.
gnina is based on smina and AutoDock Vina.
Please cite appropriately.

Commandline: /usr/local/bin/gnina -r /nfs/home/jstempel/vina_inputs/prep/6E5F/receptor_no_ligand.pdb -l /lustre/isaac24/scratch/jstempel/gnina_full_cnn_rescore_exh8_cpu24/_tmp_6E5F_EkV7/ligand.sdf --center_x -27.342 --center_y -11.455 --center_z -2.035 --size_x 15.080 --size_y 14.829 --size_z 25.476 --exhaustiveness 8 --num_modes 20 --cpu 24 --cnn_scoring rescore --scoring vina --addH 0 --log /lustre/isaac24/scratch/jstempel/gnina_full_cnn_rescore_exh8_cpu24/logs/6E5F.log --out /lustre/isaac24/scratch/jstempel/gnina_full_cnn_rescore_exh8_cpu24/flat/6E5F.pdbqt --seed 0 --device 0
Using random seed: 0

mode |  affinity  |  intramol  |    CNN     |   CNN
     | (kcal/mol) | (kcal/mol) | pose score | affinity
-----+------------+------------+------------+----------
    1       -6.01       -0.95       0.8481      5.362
    2       -7.08       -1.57       0.8225      5.544
    3       -6.39       -0.69       0.7904      5.428
    4       -6.61       -1.98       0.7818      5.360
    5       -6.33       -1.78       0.7449      5.752
    6       -6.01       -1.55       0.6953      5.619
    7       -4.35       -1.72       0.6628      5.349
    8       -5.25       -2.30       0.6501      5.409
    9       -5.27       -1.80       0.6273      5.445
   10       -5.99       -0.51       0.5897      5.353
   11       -7.05       -1.71       0.5690      5.590
   12       -7.28       -1.39       0.5604      5.156
   13       -5.35       -1.94       0.5588      5.128
   14       -6.54        0.48       0.4590      5.240
   15       -6.49       -1.30       0.4179      5.179
   16       -5.51       -0.95       0.4174      5.216
   17       -4.69       -2.20       0.4159      5.485
   18       -4.84       -0.75       0.3966      4.690
   19       -4.53       -1.58       0.3141      4.464
   20       -4.75       -1.96       0.3016      4.888
 18       -4.84       -0.75       0.3966      4.690
   19       -4.53       -1.58       0.3141      4.464
   20       -4.75       -1.96       0.3016      4.888
