              _             
             (_)            
   __ _ _ __  _ _ __   __ _ 
  / _` | '_ \| | '_ \ / _` |
 | (_| | | | | | | | | (_| |
  \__, |_| |_|_|_| |_|\__,_|
   __/ |                    
  |___/                     

gnina v1.3.1 master:5bd63bd   Built May 23 2025.
gnina is based on smina and AutoDock Vina.
Please cite appropriately.

Commandline: /usr/local/bin/gnina -r /nfs/home/jstempel/vina_inputs/prep/6EW2/receptor_no_ligand.pdb -l /lustre/isaac24/scratch/jstempel/gnina_full_cnn_rescore_exh8_cpu24/_tmp_6EW2_Xsqx/ligand.sdf --center_x 69.825 --center_y 42.213 --center_z -1.411 --size_x 11.644 --size_y 15.661 --size_z 12.493 --exhaustiveness 8 --num_modes 20 --cpu 24 --cnn_scoring rescore --scoring vina --addH 0 --log /lustre/isaac24/scratch/jstempel/gnina_full_cnn_rescore_exh8_cpu24/logs/6EW2.log --out /lustre/isaac24/scratch/jstempel/gnina_full_cnn_rescore_exh8_cpu24/flat/6EW2.pdbqt --seed 0 --device 0
Using random seed: 0

mode |  affinity  |  intramol  |    CNN     |   CNN
     | (kcal/mol) | (kcal/mol) | pose score | affinity
-----+------------+------------+------------+----------
    1       -5.82       -0.79       0.9474      6.168
    2       -5.95       -0.61       0.9375      5.747
    3       -5.41       -0.89       0.8127      5.691
    4       -5.34       -1.33       0.7357      6.238
    5       -5.64       -0.83       0.7022      5.406
    6       -4.98       -1.45       0.6925      5.841
    7       -5.56       -0.74       0.6924      5.412
    8       -5.41        0.36       0.6392      5.822
    9       -5.30       -0.97       0.6099      5.402
   10       -5.19       -1.10       0.6088      5.645
   11       -5.17       -1.26       0.5777      5.895
   12       -5.15       -0.66       0.5759      5.798
   13       -4.77       -0.73       0.5614      5.321
   14       -4.96       -1.57       0.5587      6.045
   15       -5.49       -1.28       0.5565      5.452
   16       -5.42       -1.15       0.5459      5.674
   17       -5.14       -0.85       0.5066      5.414
   18       -5.25       -1.37       0.4788      5.598
   19       -4.97       -1.61       0.4597      5.571
   20       -5.84       -1.39       0.4572      5.386
 18       -5.25       -1.37       0.4788      5.598
   19       -4.97       -1.61       0.4597      5.571
   20       -5.84       -1.39       0.4572      5.386
