              _             
             (_)            
   __ _ _ __  _ _ __   __ _ 
  / _` | '_ \| | '_ \ / _` |
 | (_| | | | | | | | | (_| |
  \__, |_| |_|_|_| |_|\__,_|
   __/ |                    
  |___/                     

gnina v1.3.1 master:5bd63bd   Built May 23 2025.
gnina is based on smina and AutoDock Vina.
Please cite appropriately.

Commandline: /usr/local/bin/gnina -r /nfs/home/jstempel/vina_inputs/prep/6EW4/receptor_no_ligand.pdb -l /lustre/isaac24/scratch/jstempel/gnina_full_cnn_rescore_exh8_cpu24/_tmp_6EW4_ESKP/ligand.sdf --center_x -18.178 --center_y -2.390 --center_z 3.180 --size_x 12.445 --size_y 15.609 --size_z 9.142 --exhaustiveness 8 --num_modes 20 --cpu 24 --cnn_scoring rescore --scoring vina --addH 0 --log /lustre/isaac24/scratch/jstempel/gnina_full_cnn_rescore_exh8_cpu24/logs/6EW4.log --out /lustre/isaac24/scratch/jstempel/gnina_full_cnn_rescore_exh8_cpu24/flat/6EW4.pdbqt --seed 0 --device 0
Using random seed: 0

mode |  affinity  |  intramol  |    CNN     |   CNN
     | (kcal/mol) | (kcal/mol) | pose score | affinity
-----+------------+------------+------------+----------
    1       -5.69       -0.54       0.9127      6.030
    2       -5.64       -1.26       0.7609      5.975
    3       -5.33       -1.53       0.7250      5.800
    4       -5.50       -0.89       0.6754      5.862
    5       -5.36       -1.34       0.6300      5.580
    6       -5.16       -1.56       0.5704      5.685
    7       -5.22       -1.53       0.5496      5.693
    8       -5.02       -1.18       0.5480      5.694
    9       -5.16       -0.96       0.5207      5.437
   10       -5.53       -1.25       0.5051      5.464
   11       -5.27       -1.23       0.4468      5.365
   12       -5.65       -0.85       0.4363      5.150
   13       -5.04       -1.01       0.4357      5.344
   14       -5.91       -0.97       0.4321      5.171
   15       -5.73       -1.20       0.3992      5.270
   16       -4.91       -1.46       0.3642      5.145
   17       -5.54       -0.73       0.3340      5.288
   18       -5.53       -1.16       0.3336      4.968
   19       -5.57       -1.24       0.3325      5.330
   20       -5.02       -1.45       0.3115      5.301
 18       -5.53       -1.16       0.3336      4.968
   19       -5.57       -1.24       0.3325      5.330
   20       -5.02       -1.45       0.3115      5.301
