              _             
             (_)            
   __ _ _ __  _ _ __   __ _ 
  / _` | '_ \| | '_ \ / _` |
 | (_| | | | | | | | | (_| |
  \__, |_| |_|_|_| |_|\__,_|
   __/ |                    
  |___/                     

gnina v1.3.1 master:5bd63bd   Built May 23 2025.
gnina is based on smina and AutoDock Vina.
Please cite appropriately.

Commandline: /usr/local/bin/gnina -r /nfs/home/jstempel/vina_inputs/prep/6GE7/receptor_no_ligand.pdb -l /lustre/isaac24/scratch/jstempel/gnina_full_cnn_rescore_exh8_cpu24/_tmp_6GE7_SsrP/ligand.sdf --center_x 17.904 --center_y 49.611 --center_z 55.606 --size_x 24.131 --size_y 11.232 --size_z 11.754 --exhaustiveness 8 --num_modes 20 --cpu 24 --cnn_scoring rescore --scoring vina --addH 0 --log /lustre/isaac24/scratch/jstempel/gnina_full_cnn_rescore_exh8_cpu24/logs/6GE7.log --out /lustre/isaac24/scratch/jstempel/gnina_full_cnn_rescore_exh8_cpu24/flat/6GE7.pdbqt --seed 0 --device 0
Using random seed: 0

mode |  affinity  |  intramol  |    CNN     |   CNN
     | (kcal/mol) | (kcal/mol) | pose score | affinity
-----+------------+------------+------------+----------
    1       -6.44       -0.20       0.8762      6.376
    2       -5.92       -0.69       0.8589      6.179
    3       -6.09       -0.86       0.8571      6.285
    4       -6.66       -0.60       0.8378      6.487
    5       -5.65       -0.58       0.8362      6.330
    6       -5.69       -0.78       0.8328      6.431
    7       -5.66       -0.87       0.7887      6.263
    8       -5.15       -0.91       0.7791      6.238
    9       -5.41       -1.12       0.7503      6.363
   10       -5.61       -0.81       0.7353      6.150
   11       -6.20       -0.97       0.7254      6.320
   12       -5.85       -0.80       0.7221      6.353
   13       -6.24        0.70       0.7171      6.419
   14       -6.01       -1.09       0.7127      6.468
   15       -5.42       -1.00       0.7076      6.122
   16       -6.23       -1.02       0.7047      6.237
   17       -5.40       -0.83       0.7007      6.181
   18       -5.34       -0.72       0.6829      6.069
   19       -5.88       -0.78       0.6544      6.219
   20       -6.34       -0.57       0.6393      6.493
 18       -5.34       -0.72       0.6829      6.069
   19       -5.88       -0.78       0.6544      6.219
   20       -6.34       -0.57       0.6393      6.493
