              _             
             (_)            
   __ _ _ __  _ _ __   __ _ 
  / _` | '_ \| | '_ \ / _` |
 | (_| | | | | | | | | (_| |
  \__, |_| |_|_|_| |_|\__,_|
   __/ |                    
  |___/                     

gnina v1.3.1 master:5bd63bd   Built May 23 2025.
gnina is based on smina and AutoDock Vina.
Please cite appropriately.

Commandline: /usr/local/bin/gnina -r /nfs/home/jstempel/vina_inputs/prep/6GF9/receptor_no_ligand.pdb -l /lustre/isaac24/scratch/jstempel/gnina_full_cnn_rescore_exh8_cpu24/_tmp_6GF9_xZK9/ligand.sdf --center_x 9.726 --center_y -2.500 --center_z 55.878 --size_x 21.922 --size_y 11.265 --size_z 11.151 --exhaustiveness 8 --num_modes 20 --cpu 24 --cnn_scoring rescore --scoring vina --addH 0 --log /lustre/isaac24/scratch/jstempel/gnina_full_cnn_rescore_exh8_cpu24/logs/6GF9.log --out /lustre/isaac24/scratch/jstempel/gnina_full_cnn_rescore_exh8_cpu24/flat/6GF9.pdbqt --seed 0 --device 0
Using random seed: 0

mode |  affinity  |  intramol  |    CNN     |   CNN
     | (kcal/mol) | (kcal/mol) | pose score | affinity
-----+------------+------------+------------+----------
    1       -6.45       -0.69       0.8862      6.189
    2       -6.59       -0.71       0.8838      6.203
    3       -6.40       -0.86       0.8512      6.195
    4       -5.98       -0.69       0.8491      6.242
    5       -4.81       -0.66       0.8422      5.912
    6       -5.57       -0.83       0.8194      6.120
    7       -5.36       -0.81       0.7935      5.829
    8       -4.64       -0.80       0.7191      5.987
    9       -6.44       -1.02       0.6679      6.182
   10       -4.93       -0.60       0.6391      5.844
   11       -4.67       -0.73       0.6390      5.752
   12       -5.77       -0.80       0.6380      6.183
   13       -5.37       -0.80       0.6335      5.971
   14       -4.84       -0.85       0.6283      5.539
   15       -6.17       -1.08       0.6129      6.233
   16       -4.96       -0.85       0.6062      5.752
   17       -4.36       -0.72       0.5870      5.701
   18       -4.80       -0.33       0.5841      5.641
   19       -4.20       -0.74       0.5428      5.543
   20       -6.04       -0.54       0.5398      6.080
 18       -4.80       -0.33       0.5841      5.641
   19       -4.20       -0.74       0.5428      5.543
   20       -6.04       -0.54       0.5398      6.080
