              _             
             (_)            
   __ _ _ __  _ _ __   __ _ 
  / _` | '_ \| | '_ \ / _` |
 | (_| | | | | | | | | (_| |
  \__, |_| |_|_|_| |_|\__,_|
   __/ |                    
  |___/                     

gnina v1.3.1 master:5bd63bd   Built May 23 2025.
gnina is based on smina and AutoDock Vina.
Please cite appropriately.

Commandline: /usr/local/bin/gnina -r /nfs/home/jstempel/vina_inputs/prep/6GFS/receptor_no_ligand.pdb -l /lustre/isaac24/scratch/jstempel/gnina_full_cnn_rescore_exh8_cpu24/_tmp_6GFS_DMNb/ligand.sdf --center_x 9.383 --center_y -2.360 --center_z 55.819 --size_x 22.100 --size_y 11.464 --size_z 10.518 --exhaustiveness 8 --num_modes 20 --cpu 24 --cnn_scoring rescore --scoring vina --addH 0 --log /lustre/isaac24/scratch/jstempel/gnina_full_cnn_rescore_exh8_cpu24/logs/6GFS.log --out /lustre/isaac24/scratch/jstempel/gnina_full_cnn_rescore_exh8_cpu24/flat/6GFS.pdbqt --seed 0 --device 0
Using random seed: 0

mode |  affinity  |  intramol  |    CNN     |   CNN
     | (kcal/mol) | (kcal/mol) | pose score | affinity
-----+------------+------------+------------+----------
    1       -6.60       -0.75       0.8971      6.160
    2       -6.27       -0.75       0.8950      5.799
    3       -5.55       -0.44       0.8699      5.926
    4       -5.94       -0.62       0.8400      5.909
    5       -6.53       -0.76       0.8285      5.877
    6       -5.97       -0.70       0.8106      5.787
    7       -5.77       -0.61       0.7731      5.887
    8       -6.70       -0.88       0.7546      6.086
    9       -5.99       -0.66       0.7313      5.718
   10       -4.54       -0.81       0.6349      5.739
   11       -4.44       -0.41       0.6195      5.567
   12       -6.25       -0.59       0.6110      5.874
   13       -4.95       -0.50       0.5693      5.527
   14       -4.29       -0.83       0.5631      5.439
   15       -5.21       -0.47       0.5235      5.465
   16       -5.13       -0.78       0.5060      5.455
   17       -4.91       -0.94       0.4856      5.588
   18       -6.38       -0.70       0.4252      5.882
   19       -5.82       -0.79       0.4185      5.946
   20       -4.27       -0.91       0.4159      5.315
 18       -6.38       -0.70       0.4252      5.882
   19       -5.82       -0.79       0.4185      5.946
   20       -4.27       -0.91       0.4159      5.315
