              _             
             (_)            
   __ _ _ __  _ _ __   __ _ 
  / _` | '_ \| | '_ \ / _` |
 | (_| | | | | | | | | (_| |
  \__, |_| |_|_|_| |_|\__,_|
   __/ |                    
  |___/                     

gnina v1.3.1 master:5bd63bd   Built May 23 2025.
gnina is based on smina and AutoDock Vina.
Please cite appropriately.

Commandline: /usr/local/bin/gnina -r /nfs/home/jstempel/vina_inputs/prep/6IWP/receptor_no_ligand.pdb -l /lustre/isaac24/scratch/jstempel/gnina_full_cnn_rescore_exh8_cpu24/_tmp_6IWP_Dgtf/ligand.sdf --center_x 10.539 --center_y 22.399 --center_z -3.456 --size_x 9.410 --size_y 10.419 --size_z 19.353 --exhaustiveness 8 --num_modes 20 --cpu 24 --cnn_scoring rescore --scoring vina --addH 0 --log /lustre/isaac24/scratch/jstempel/gnina_full_cnn_rescore_exh8_cpu24/logs/6IWP.log --out /lustre/isaac24/scratch/jstempel/gnina_full_cnn_rescore_exh8_cpu24/flat/6IWP.pdbqt --seed 0 --device 0
Using random seed: 0

mode |  affinity  |  intramol  |    CNN     |   CNN
     | (kcal/mol) | (kcal/mol) | pose score | affinity
-----+------------+------------+------------+----------
    1       -6.02       -0.76       0.8684      5.824
    2       -6.29       -0.73       0.8148      5.679
    3       -5.99       -0.54       0.7619      5.566
    4       -6.04       -0.60       0.7230      5.223
    5       -5.86       -0.66       0.7104      5.303
    6       -6.28       -0.69       0.6858      5.410
    7       -5.55       -0.52       0.6762      5.338
    8       -6.35       -0.74       0.5960      5.481
    9       -5.17       -0.67       0.5521      4.962
   10       -5.47       -0.53       0.5306      4.930
   11       -1.88       -0.76       0.4904      4.640
   12       -5.92       -0.93       0.4725      5.263
   13       -6.12       -0.47       0.4719      5.081
   14       -5.64       -0.83       0.4706      5.149
   15       -4.88       -0.48       0.4672      4.560
   16       -6.31       -0.84       0.4560      5.198
   17       -5.07       -0.38       0.4151      5.259
   18       -4.63       -0.69       0.3791      4.914
   19       -5.04       -0.32       0.3313      5.077
   20        7.50        0.35       0.3262      4.185
7       -0.67       0.5521      4.962
   10       -5.47       -0.53       0.5306      4.930
   11       -1.88       -0.76       0.4904      4.640
   12       -5.92       -0.93       0.4725      5.263
   13       -6.12       -0.47       0.4719      5.081
   14       -5.64       -0.83       0.4706      5.149
   15       -4.88       -0.48       0.4672      4.560
   16       -6.31       -0.84       0.4560      5.198
   17       -5.07       -0.38       0.4151      5.259
   18       -4.63       -0.69       0.3791      4.914
   19       -5.04       -0.32       0.3313      5.077
   20        7.50        0.35       0.3262      4.185
