              _             
             (_)            
   __ _ _ __  _ _ __   __ _ 
  / _` | '_ \| | '_ \ / _` |
 | (_| | | | | | | | | (_| |
  \__, |_| |_|_|_| |_|\__,_|
   __/ |                    
  |___/                     

gnina v1.3.1 master:5bd63bd   Built May 23 2025.
gnina is based on smina and AutoDock Vina.
Please cite appropriately.

Commandline: /usr/local/bin/gnina -r /nfs/home/jstempel/vina_inputs/prep/6LX7/receptor_no_ligand.pdb -l /lustre/isaac24/scratch/jstempel/gnina_full_cnn_rescore_exh8_cpu24/_tmp_6LX7_Sk4c/ligand.sdf --center_x 11.713 --center_y 4.399 --center_z -6.936 --size_x 12.386 --size_y 16.400 --size_z 18.952 --exhaustiveness 8 --num_modes 20 --cpu 24 --cnn_scoring rescore --scoring vina --addH 0 --log /lustre/isaac24/scratch/jstempel/gnina_full_cnn_rescore_exh8_cpu24/logs/6LX7.log --out /lustre/isaac24/scratch/jstempel/gnina_full_cnn_rescore_exh8_cpu24/flat/6LX7.pdbqt --seed 0 --device 0
Using random seed: 0

mode |  affinity  |  intramol  |    CNN     |   CNN
     | (kcal/mol) | (kcal/mol) | pose score | affinity
-----+------------+------------+------------+----------
    1       -6.02       -0.76       0.9006      6.551
    2       -6.00       -0.40       0.8702      6.337
    3       -6.10       -0.47       0.8648      6.094
    4       -6.03       -0.98       0.8314      6.351
    5       -4.87       -0.71       0.7687      6.419
    6       -5.21       -1.06       0.7187      6.049
    7       -5.53       -0.90       0.6973      5.968
    8       -4.70       -0.75       0.6850      6.366
    9       -5.38       -0.83       0.6587      5.886
   10       -5.88       -0.68       0.6550      5.779
   11       -5.89       -0.86       0.6543      5.785
   12       -5.95       -0.82       0.6543      5.951
   13       -5.37       -0.81       0.6399      5.906
   14       -5.08       -0.30       0.6287      6.036
   15       -6.11       -0.97       0.6007      6.004
   16       -5.63       -0.87       0.5116      5.854
   17       -4.94       -0.66       0.5055      6.178
   18       -4.82       -0.21       0.4819      5.611
   19       -5.84       -1.04       0.4818      5.825
   20       -5.33       -0.86       0.4813      5.898
 18       -4.82       -0.21       0.4819      5.611
   19       -5.84       -1.04       0.4818      5.825
   20       -5.33       -0.86       0.4813      5.898
