              _             
             (_)            
   __ _ _ __  _ _ __   __ _ 
  / _` | '_ \| | '_ \ / _` |
 | (_| | | | | | | | | (_| |
  \__, |_| |_|_|_| |_|\__,_|
   __/ |                    
  |___/                     

gnina v1.3.1 master:5bd63bd   Built May 23 2025.
gnina is based on smina and AutoDock Vina.
Please cite appropriately.

Commandline: /usr/local/bin/gnina -r /nfs/home/jstempel/vina_inputs/prep/6NOK/receptor_no_ligand.pdb -l /lustre/isaac24/scratch/jstempel/gnina_full_cnn_rescore_exh8_cpu24/_tmp_6NOK_cyvl/ligand.sdf --center_x 10.090 --center_y -7.097 --center_z 12.418 --size_x 15.407 --size_y 17.672 --size_z 12.738 --exhaustiveness 8 --num_modes 20 --cpu 24 --cnn_scoring rescore --scoring vina --addH 0 --log /lustre/isaac24/scratch/jstempel/gnina_full_cnn_rescore_exh8_cpu24/logs/6NOK.log --out /lustre/isaac24/scratch/jstempel/gnina_full_cnn_rescore_exh8_cpu24/flat/6NOK.pdbqt --seed 0 --device 0
Using random seed: 0

mode |  affinity  |  intramol  |    CNN     |   CNN
     | (kcal/mol) | (kcal/mol) | pose score | affinity
-----+------------+------------+------------+----------
    1       -7.36       -0.50       0.9576      5.823
    2       -7.23       -0.39       0.9513      6.028
    3       -6.74       -0.73       0.9228      5.478
    4       -5.78       -0.56       0.9195      5.099
    5       -6.89       -0.32       0.8867      5.529
    6       -5.30       -0.57       0.7886      4.722
    7       -6.97       -0.44       0.7485      5.419
    8       -5.86        0.91       0.7309      5.021
    9       -6.78       -0.58       0.6779      5.774
   10       -4.40        0.73       0.5985      5.514
   11       -6.31       -0.42       0.5046      5.077
   12       -4.14        1.81       0.3896      5.140
   13       -4.52       -0.32       0.3510      5.412
   14       39.79       -0.67       0.3302      4.180
   15       -5.12       -0.36       0.3074      5.056
   16        7.44        0.02       0.2951      4.012
   17        4.97       -0.50       0.2661      3.347
   18       -4.90       -0.24       0.2543      4.771
   19       -3.77        0.99       0.2521      4.045
   20       -5.25       -0.59       0.2507      4.396
 18       -4.90       -0.24       0.2543      4.771
   19       -3.77        0.99       0.2521      4.045
   20       -5.25       -0.59       0.2507      4.396
