              _             
             (_)            
   __ _ _ __  _ _ __   __ _ 
  / _` | '_ \| | '_ \ / _` |
 | (_| | | | | | | | | (_| |
  \__, |_| |_|_|_| |_|\__,_|
   __/ |                    
  |___/                     

gnina v1.3.1 master:5bd63bd   Built May 23 2025.
gnina is based on smina and AutoDock Vina.
Please cite appropriately.

Commandline: /usr/local/bin/gnina -r /nfs/home/jstempel/vina_inputs/prep/6XU5/receptor_no_ligand.pdb -l /lustre/isaac24/scratch/jstempel/gnina_full_cnn_rescore_exh8_cpu24/_tmp_6XU5_x5nz/ligand.sdf --center_x -0.774 --center_y 23.167 --center_z -4.641 --size_x 11.662 --size_y 13.104 --size_z 15.073 --exhaustiveness 8 --num_modes 20 --cpu 24 --cnn_scoring rescore --scoring vina --addH 0 --log /lustre/isaac24/scratch/jstempel/gnina_full_cnn_rescore_exh8_cpu24/logs/6XU5.log --out /lustre/isaac24/scratch/jstempel/gnina_full_cnn_rescore_exh8_cpu24/flat/6XU5.pdbqt --seed 0 --device 0
Using random seed: 0

mode |  affinity  |  intramol  |    CNN     |   CNN
     | (kcal/mol) | (kcal/mol) | pose score | affinity
-----+------------+------------+------------+----------
    1       -5.87       -0.84       0.8716      5.994
    2       -5.80       -0.79       0.8076      5.909
    3       -5.51       -0.88       0.7917      5.835
    4       -5.31       -1.20       0.7892      5.913
    5       -5.74       -1.44       0.7776      5.991
    6       -4.98       -1.34       0.7080      5.988
    7       -5.13       -1.48       0.6949      5.649
    8       -5.41       -1.00       0.6807      5.860
    9       -5.21       -1.28       0.5408      5.237
   10       -5.83       -0.90       0.5019      5.611
   11       -5.28       -1.22       0.4960      5.421
   12       -5.84       -0.61       0.4789      5.468
   13       -5.57       -0.82       0.4262      5.165
   14       -5.74       -0.91       0.4128      5.252
   15       -5.73       -0.83       0.3582      5.424
   16       -5.09       -1.76       0.3211      5.293
   17       -5.55       -1.56       0.2814      5.246
   18       -4.95       -0.95       0.2732      4.817
   19       -5.40       -0.94       0.2628      5.225
   20       -4.92       -1.38       0.2591      4.969
 18       -4.95       -0.95       0.2732      4.817
   19       -5.40       -0.94       0.2628      5.225
   20       -4.92       -1.38       0.2591      4.969
