              _             
             (_)            
   __ _ _ __  _ _ __   __ _ 
  / _` | '_ \| | '_ \ / _` |
 | (_| | | | | | | | | (_| |
  \__, |_| |_|_|_| |_|\__,_|
   __/ |                    
  |___/                     

gnina v1.3.1 master:5bd63bd   Built May 23 2025.
gnina is based on smina and AutoDock Vina.
Please cite appropriately.

Commandline: /usr/local/bin/gnina -r /nfs/home/jstempel/vina_inputs/prep/7E25/receptor_no_ligand.pdb -l /lustre/isaac24/scratch/jstempel/gnina_full_cnn_rescore_exh8_cpu24/_tmp_7E25_ta9j/ligand.sdf --center_x 24.444 --center_y 5.174 --center_z 15.849 --size_x 11.632 --size_y 12.226 --size_z 14.101 --exhaustiveness 8 --num_modes 20 --cpu 24 --cnn_scoring rescore --scoring vina --addH 0 --log /lustre/isaac24/scratch/jstempel/gnina_full_cnn_rescore_exh8_cpu24/logs/7E25.log --out /lustre/isaac24/scratch/jstempel/gnina_full_cnn_rescore_exh8_cpu24/flat/7E25.pdbqt --seed 0 --device 0
Using random seed: 0

mode |  affinity  |  intramol  |    CNN     |   CNN
     | (kcal/mol) | (kcal/mol) | pose score | affinity
-----+------------+------------+------------+----------
    1       -6.39       -0.68       0.8992      6.219
    2       -6.00       -0.80       0.8602      6.318
    3       -6.07       -0.88       0.8290      6.262
    4       -5.80       -0.82       0.8232      6.194
    5       -5.52       -1.42       0.8205      6.412
    6       -5.88       -0.99       0.7864      6.261
    7       -5.76       -1.13       0.7381      6.064
    8       -6.11       -0.94       0.7017      6.073
    9       -5.72       -0.66       0.6201      5.826
   10       -5.45       -1.58       0.5667      6.153
   11       -6.00       -1.03       0.5457      5.705
   12       -5.06       -1.80       0.5434      5.981
   13       -5.50       -0.76       0.5402      5.967
   14       -6.21       -1.10       0.5347      5.693
   15       -5.50       -1.48       0.4836      5.938
   16       -5.51       -1.28       0.4531      5.783
   17       -5.27       -1.54       0.4298      6.063
   18       -5.29       -1.46       0.4071      5.751
   19       -6.00       -1.07       0.3950      5.396
   20       -5.33       -1.20       0.3360      5.898
 18       -5.29       -1.46       0.4071      5.751
   19       -6.00       -1.07       0.3950      5.396
   20       -5.33       -1.20       0.3360      5.898
