              _             
             (_)            
   __ _ _ __  _ _ __   __ _ 
  / _` | '_ \| | '_ \ / _` |
 | (_| | | | | | | | | (_| |
  \__, |_| |_|_|_| |_|\__,_|
   __/ |                    
  |___/                     

gnina v1.3.1 master:5bd63bd   Built May 23 2025.
gnina is based on smina and AutoDock Vina.
Please cite appropriately.

Commandline: /usr/local/bin/gnina -r /nfs/home/jstempel/vina_inputs/prep/7FXL/receptor_no_ligand.pdb -l /lustre/isaac24/scratch/jstempel/gnina_full_cnn_rescore_exh8_cpu24/_tmp_7FXL_Na7f/ligand.sdf --center_x 14.919 --center_y -5.288 --center_z -21.525 --size_x 13.628 --size_y 9.040 --size_z 14.602 --exhaustiveness 8 --num_modes 20 --cpu 24 --cnn_scoring rescore --scoring vina --addH 0 --log /lustre/isaac24/scratch/jstempel/gnina_full_cnn_rescore_exh8_cpu24/logs/7FXL.log --out /lustre/isaac24/scratch/jstempel/gnina_full_cnn_rescore_exh8_cpu24/flat/7FXL.pdbqt --seed 0 --device 0
Using random seed: 0

mode |  affinity  |  intramol  |    CNN     |   CNN
     | (kcal/mol) | (kcal/mol) | pose score | affinity
-----+------------+------------+------------+----------
    1       -5.66       -0.70       0.8029      5.366
    2       -4.91       -0.62       0.8003      5.714
    3       -5.17       -0.70       0.7805      5.657
    4       -4.90       -0.68       0.7701      5.841
    5       -5.21       -0.48       0.7131      5.228
    6       -5.16       -0.65       0.7033      5.395
    7       -5.53       -0.77       0.6235      5.301
    8       -5.02       -0.81       0.6042      5.340
    9       -5.08       -0.71       0.5736      5.265
   10       -5.04       -0.85       0.5712      5.271
   11       -5.43       -0.46       0.5692      5.069
   12       -4.94       -0.88       0.5263      5.147
   13       -5.64       -0.83       0.4684      5.244
   14       -4.55       -0.75       0.4409      5.086
   15       -5.04       -0.83       0.4382      4.948
   16       -5.16       -0.51       0.4347      5.043
   17       -5.00       -0.54       0.4297      5.259
   18       -4.86       -0.70       0.4144      5.229
   19       -5.10       -0.63       0.3867      4.993
   20       -5.00       -0.99       0.3676      4.813
 18       -4.86       -0.70       0.4144      5.229
   19       -5.10       -0.63       0.3867      4.993
   20       -5.00       -0.99       0.3676      4.813
