              _             
             (_)            
   __ _ _ __  _ _ __   __ _ 
  / _` | '_ \| | '_ \ / _` |
 | (_| | | | | | | | | (_| |
  \__, |_| |_|_|_| |_|\__,_|
   __/ |                    
  |___/                     

gnina v1.3.1 master:5bd63bd   Built May 23 2025.
gnina is based on smina and AutoDock Vina.
Please cite appropriately.

Commandline: /usr/local/bin/gnina -r /nfs/home/jstempel/vina_inputs/prep/7FY1/receptor_no_ligand.pdb -l /lustre/isaac24/scratch/jstempel/gnina_full_cnn_rescore_exh8_cpu24/_tmp_7FY1_Nhw9/ligand.sdf --center_x -52.468 --center_y 20.601 --center_z 0.796 --size_x 11.295 --size_y 14.266 --size_z 15.895 --exhaustiveness 8 --num_modes 20 --cpu 24 --cnn_scoring rescore --scoring vina --addH 0 --log /lustre/isaac24/scratch/jstempel/gnina_full_cnn_rescore_exh8_cpu24/logs/7FY1.log --out /lustre/isaac24/scratch/jstempel/gnina_full_cnn_rescore_exh8_cpu24/flat/7FY1.pdbqt --seed 0 --device 0
Using random seed: 0

mode |  affinity  |  intramol  |    CNN     |   CNN
     | (kcal/mol) | (kcal/mol) | pose score | affinity
-----+------------+------------+------------+----------
    1       -5.19       -0.50       0.9520      5.437
    2       -5.33       -0.37       0.9401      5.309
    3       -4.88       -0.68       0.9083      5.475
    4       -5.16       -0.39       0.9072      4.921
    5       -4.99       -0.70       0.8087      5.453
    6       -4.60       -0.77       0.8067      5.063
    7       -4.45       -0.80       0.8020      5.308
    8       -4.63       -0.54       0.7420      5.124
    9       -4.96       -0.97       0.7165      4.952
   10       -5.47       -0.77       0.7099      5.078
   11       -4.54       -0.69       0.7041      5.037
   12       -4.67       -0.35       0.6923      5.110
   13       -4.78       -0.70       0.6653      5.254
   14       -4.88       -0.82       0.5918      5.062
   15       -4.72       -1.10       0.5802      5.317
   16       -4.44       -1.37       0.5373      5.409
   17       -4.62       -1.19       0.5129      5.058
   18       -5.12       -0.68       0.5080      4.717
   19       -4.70       -0.65       0.4906      4.633
   20       -4.43       -0.78       0.4588      4.839
 18       -5.12       -0.68       0.5080      4.717
   19       -4.70       -0.65       0.4906      4.633
   20       -4.43       -0.78       0.4588      4.839
