              _             
             (_)            
   __ _ _ __  _ _ __   __ _ 
  / _` | '_ \| | '_ \ / _` |
 | (_| | | | | | | | | (_| |
  \__, |_| |_|_|_| |_|\__,_|
   __/ |                    
  |___/                     

gnina v1.3.1 master:5bd63bd   Built May 23 2025.
gnina is based on smina and AutoDock Vina.
Please cite appropriately.

Commandline: /usr/local/bin/gnina -r /nfs/home/jstempel/vina_inputs/prep/7FZK/receptor_no_ligand.pdb -l /lustre/isaac24/scratch/jstempel/gnina_full_cnn_rescore_exh8_cpu24/_tmp_7FZK_mLdg/ligand.sdf --center_x 13.854 --center_y 3.522 --center_z 0.804 --size_x 14.416 --size_y 9.123 --size_z 12.757 --exhaustiveness 8 --num_modes 20 --cpu 24 --cnn_scoring rescore --scoring vina --addH 0 --log /lustre/isaac24/scratch/jstempel/gnina_full_cnn_rescore_exh8_cpu24/logs/7FZK.log --out /lustre/isaac24/scratch/jstempel/gnina_full_cnn_rescore_exh8_cpu24/flat/7FZK.pdbqt --seed 0 --device 0
Using random seed: 0

mode |  affinity  |  intramol  |    CNN     |   CNN
     | (kcal/mol) | (kcal/mol) | pose score | affinity
-----+------------+------------+------------+----------
    1       -5.67       -0.99       0.8341      5.579
    2       -5.88       -1.05       0.7873      5.804
    3       -5.76       -0.87       0.7785      5.792
    4       -6.00       -0.15       0.7778      5.663
    5       -5.79       -0.74       0.7558      5.990
    6       -5.42       -0.61       0.7542      5.527
    7       -5.69       -0.94       0.6226      5.793
    8       -5.47       -1.44       0.5503      5.219
    9       -6.04       -0.72       0.5082      5.060
   10       -6.21       -0.84       0.5023      5.295
   11       -5.33       -1.20       0.4521      5.562
   12       -5.92       -0.71       0.4488      5.186
   13       -5.06       -1.30       0.4303      5.533
   14       -5.09       -0.92       0.4113      5.223
   15       -5.31       -0.93       0.4067      5.351
   16       -5.58       -0.55       0.4060      5.175
   17       -5.12       -1.07       0.3742      5.696
   18       -5.16       -1.56       0.3355      5.124
   19       -5.40       -1.20       0.3236      5.305
   20       -5.62       -1.33       0.2997      5.112
 18       -5.16       -1.56       0.3355      5.124
   19       -5.40       -1.20       0.3236      5.305
   20       -5.62       -1.33       0.2997      5.112
