              _             
             (_)            
   __ _ _ __  _ _ __   __ _ 
  / _` | '_ \| | '_ \ / _` |
 | (_| | | | | | | | | (_| |
  \__, |_| |_|_|_| |_|\__,_|
   __/ |                    
  |___/                     

gnina v1.3.1 master:5bd63bd   Built May 23 2025.
gnina is based on smina and AutoDock Vina.
Please cite appropriately.

Commandline: /usr/local/bin/gnina -r /nfs/home/jstempel/vina_inputs/prep/7JX2/receptor_no_ligand.pdb -l /lustre/isaac24/scratch/jstempel/gnina_full_cnn_rescore_exh8_cpu24/_tmp_7JX2_rgRM/ligand.sdf --center_x -0.309 --center_y -13.921 --center_z 15.090 --size_x 17.322 --size_y 15.561 --size_z 14.847 --exhaustiveness 8 --num_modes 20 --cpu 24 --cnn_scoring rescore --scoring vina --addH 0 --log /lustre/isaac24/scratch/jstempel/gnina_full_cnn_rescore_exh8_cpu24/logs/7JX2.log --out /lustre/isaac24/scratch/jstempel/gnina_full_cnn_rescore_exh8_cpu24/flat/7JX2.pdbqt --seed 0 --device 0
Using random seed: 0

mode |  affinity  |  intramol  |    CNN     |   CNN
     | (kcal/mol) | (kcal/mol) | pose score | affinity
-----+------------+------------+------------+----------
    1       -7.30        1.43       0.6696      6.179
    2       -6.97       -0.94       0.5733      5.915
    3       -6.29       -1.38       0.5505      6.033
    4       -6.85       -1.02       0.4815      5.911
    5       -7.15       -0.96       0.4684      5.698
    6       -6.58       -0.65       0.4669      6.111
    7       -6.51       -1.16       0.4323      5.772
    8       -6.00       -0.34       0.3981      5.923
    9       -6.92       -1.15       0.3752      5.442
   10       -6.35       -1.14       0.3651      6.062
   11       -7.51        1.97       0.3589      5.630
   12       -6.71       -0.72       0.3355      5.609
   13       -6.85       -1.41       0.3300      5.950
   14       -5.75       -0.58       0.3158      5.704
   15       -6.87       -1.45       0.3066      5.752
   16       -7.23       -1.26       0.3064      5.297
   17       -6.05       -0.47       0.3050      5.996
   18       -6.72       -1.50       0.3010      5.561
   19       -5.97       -0.94       0.2960      5.713
   20       -5.74       -0.46       0.2768      5.492
 18       -6.72       -1.50       0.3010      5.561
   19       -5.97       -0.94       0.2960      5.713
   20       -5.74       -0.46       0.2768      5.492
