              _             
             (_)            
   __ _ _ __  _ _ __   __ _ 
  / _` | '_ \| | '_ \ / _` |
 | (_| | | | | | | | | (_| |
  \__, |_| |_|_|_| |_|\__,_|
   __/ |                    
  |___/                     

gnina v1.3.1 master:5bd63bd   Built May 23 2025.
gnina is based on smina and AutoDock Vina.
Please cite appropriately.

Commandline: /usr/local/bin/gnina -r /nfs/home/jstempel/vina_inputs/prep/7K3I/receptor_no_ligand.pdb -l /lustre/isaac24/scratch/jstempel/gnina_full_cnn_rescore_exh8_cpu24/_tmp_7K3I_P4sP/ligand.sdf --center_x 1.073 --center_y 13.493 --center_z 15.614 --size_x 16.759 --size_y 14.750 --size_z 14.279 --exhaustiveness 8 --num_modes 20 --cpu 24 --cnn_scoring rescore --scoring vina --addH 0 --log /lustre/isaac24/scratch/jstempel/gnina_full_cnn_rescore_exh8_cpu24/logs/7K3I.log --out /lustre/isaac24/scratch/jstempel/gnina_full_cnn_rescore_exh8_cpu24/flat/7K3I.pdbqt --seed 0 --device 0
Using random seed: 0

mode |  affinity  |  intramol  |    CNN     |   CNN
     | (kcal/mol) | (kcal/mol) | pose score | affinity
-----+------------+------------+------------+----------
    1       -6.63       -0.35       0.7804      5.323
    2       -6.29       -0.90       0.7409      5.771
    3       -6.52       -0.71       0.7283      5.250
    4       -6.64       -0.85       0.7096      5.570
    5       -6.49        0.27       0.6860      5.596
    6       -6.00       -1.04       0.6577      5.660
    7       -5.70        0.12       0.6353      5.445
    8       -6.03       -0.82       0.6326      5.415
    9       -5.99       -0.81       0.5997      5.660
   10       -6.08       -1.15       0.5721      5.375
   11       -6.69        0.08       0.5533      5.377
   12       -5.70       -1.15       0.5470      5.440
   13       -6.66       -0.77       0.5419      5.597
   14       -6.16       -0.79       0.5283      5.213
   15       -5.66       -1.07       0.4137      5.470
   16       -6.17       -0.81       0.3925      5.147
   17       -6.76       -0.61       0.3555      4.791
   18       -5.60       -1.30       0.2875      5.073
   19       -5.42       -0.99       0.2803      5.058
   20       -6.42       -0.24       0.2783      4.630
 18       -5.60       -1.30       0.2875      5.073
   19       -5.42       -0.99       0.2803      5.058
   20       -6.42       -0.24       0.2783      4.630
