              _             
             (_)            
   __ _ _ __  _ _ __   __ _ 
  / _` | '_ \| | '_ \ / _` |
 | (_| | | | | | | | | (_| |
  \__, |_| |_|_|_| |_|\__,_|
   __/ |                    
  |___/                     

gnina v1.3.1 master:5bd63bd   Built May 23 2025.
gnina is based on smina and AutoDock Vina.
Please cite appropriately.

Commandline: /usr/local/bin/gnina -r /nfs/home/jstempel/vina_inputs/prep/7M6C/receptor_no_ligand.pdb -l /lustre/isaac24/scratch/jstempel/gnina_full_cnn_rescore_exh8_cpu24/_tmp_7M6C_sRXD/ligand.sdf --center_x 7.444 --center_y 22.446 --center_z 14.139 --size_x 11.455 --size_y 12.725 --size_z 16.109 --exhaustiveness 8 --num_modes 20 --cpu 24 --cnn_scoring rescore --scoring vina --addH 0 --log /lustre/isaac24/scratch/jstempel/gnina_full_cnn_rescore_exh8_cpu24/logs/7M6C.log --out /lustre/isaac24/scratch/jstempel/gnina_full_cnn_rescore_exh8_cpu24/flat/7M6C.pdbqt --seed 0 --device 0
Using random seed: 0

mode |  affinity  |  intramol  |    CNN     |   CNN
     | (kcal/mol) | (kcal/mol) | pose score | affinity
-----+------------+------------+------------+----------
    1       -3.91       -0.37       0.8412      5.595
    2       -4.39       -0.50       0.7887      6.094
    3       -3.86       -0.39       0.7736      6.280
    4       -4.55       -0.29       0.7646      5.534
    5       -3.90       -0.44       0.7605      5.719
    6       -5.13       -0.38       0.7436      5.585
    7       -5.21       -0.43       0.7401      5.612
    8       -4.17       -0.50       0.7075      5.665
    9       -4.98       -0.54       0.6971      5.581
   10       -4.04       -0.43       0.6816      5.709
   11       -4.25       -0.56       0.6604      5.614
   12       -4.08       -0.69       0.6539      5.888
   13       -4.72       -0.39       0.6518      5.530
   14       -4.32       -0.60       0.6204      5.781
   15       -5.12       -0.56       0.5770      5.082
   16       -3.78       -0.43       0.5730      5.768
   17       -4.69       -0.60       0.5232      5.705
   18       -5.05       -0.54       0.5083      5.257
   19       -4.02       -0.88       0.4957      4.924
   20       -4.17       -0.88       0.4859      5.598
 18       -5.05       -0.54       0.5083      5.257
   19       -4.02       -0.88       0.4957      4.924
   20       -4.17       -0.88       0.4859      5.598
