              _             
             (_)            
   __ _ _ __  _ _ __   __ _ 
  / _` | '_ \| | '_ \ / _` |
 | (_| | | | | | | | | (_| |
  \__, |_| |_|_|_| |_|\__,_|
   __/ |                    
  |___/                     

gnina v1.3.1 master:5bd63bd   Built May 23 2025.
gnina is based on smina and AutoDock Vina.
Please cite appropriately.

Commandline: /usr/local/bin/gnina -r /nfs/home/jstempel/vina_inputs/prep/7Q02/receptor_no_ligand.pdb -l /lustre/isaac24/scratch/jstempel/gnina_full_cnn_rescore_exh8_cpu24/_tmp_7Q02_8hct/ligand.sdf --center_x 7.654 --center_y 4.803 --center_z 20.684 --size_x 17.636 --size_y 10.766 --size_z 16.536 --exhaustiveness 8 --num_modes 20 --cpu 24 --cnn_scoring rescore --scoring vina --addH 0 --log /lustre/isaac24/scratch/jstempel/gnina_full_cnn_rescore_exh8_cpu24/logs/7Q02.log --out /lustre/isaac24/scratch/jstempel/gnina_full_cnn_rescore_exh8_cpu24/flat/7Q02.pdbqt --seed 0 --device 0
Using random seed: 0

mode |  affinity  |  intramol  |    CNN     |   CNN
     | (kcal/mol) | (kcal/mol) | pose score | affinity
-----+------------+------------+------------+----------
    1       -8.69       -0.70       0.9424      6.548
    2       -8.31       -0.65       0.9162      6.776
    3       -7.52       -0.69       0.8201      6.613
    4       -7.95       -0.61       0.8185      6.388
    5       -5.85       -0.60       0.7893      6.608
    6       -9.07       -0.65       0.7732      6.358
    7       -8.96       -0.77       0.7295      6.237
    8       -8.08       -0.64       0.6837      6.121
    9       -0.73       -0.47       0.5643      5.797
   10       -7.89       -0.76       0.5596      6.213
   11       -8.71       -1.11       0.4445      6.236
   12       -7.53       -0.68       0.3771      5.909
   13       -8.18       -0.02       0.3204      5.545
   14       -4.08        0.03       0.3020      5.707
   15       -7.69       -0.68       0.2868      5.527
   16       -6.51       -0.36       0.2491      5.614
   17       11.94        0.75       0.1888      5.378
   18       -2.03        1.80       0.1840      4.957
   19        0.74        3.08       0.1729      4.978
   20        5.90        1.15       0.1450      5.188
 18       -2.03        1.80       0.1840      4.957
   19        0.74        3.08       0.1729      4.978
   20        5.90        1.15       0.1450      5.188
