              _             
             (_)            
   __ _ _ __  _ _ __   __ _ 
  / _` | '_ \| | '_ \ / _` |
 | (_| | | | | | | | | (_| |
  \__, |_| |_|_|_| |_|\__,_|
   __/ |                    
  |___/                     

gnina v1.3.1 master:5bd63bd   Built May 23 2025.
gnina is based on smina and AutoDock Vina.
Please cite appropriately.

Commandline: /usr/local/bin/gnina -r /nfs/home/jstempel/vina_inputs/prep/7RJI/receptor_no_ligand.pdb -l /lustre/isaac24/scratch/jstempel/gnina_full_cnn_rescore_exh8_cpu24/_tmp_7RJI_HCl9/ligand.sdf --center_x 141.486 --center_y 47.862 --center_z 20.870 --size_x 12.312 --size_y 19.661 --size_z 17.572 --exhaustiveness 8 --num_modes 20 --cpu 24 --cnn_scoring rescore --scoring vina --addH 0 --log /lustre/isaac24/scratch/jstempel/gnina_full_cnn_rescore_exh8_cpu24/logs/7RJI.log --out /lustre/isaac24/scratch/jstempel/gnina_full_cnn_rescore_exh8_cpu24/flat/7RJI.pdbqt --seed 0 --device 0
Using random seed: 0

mode |  affinity  |  intramol  |    CNN     |   CNN
     | (kcal/mol) | (kcal/mol) | pose score | affinity
-----+------------+------------+------------+----------
    1       -5.36       -0.79       0.9347      6.857
    2       -5.44       -0.74       0.8674      6.606
    3       -5.09       -0.87       0.7677      6.373
    4       -4.27       -0.82       0.7564      6.197
    5       -4.48       -0.40       0.7531      6.101
    6       -4.52       -0.55       0.7077      6.168
    7       -4.37       -1.30       0.6651      6.061
    8       -4.33       -1.16       0.6614      6.120
    9       -4.93       -0.97       0.6380      6.262
   10       -5.35       -0.38       0.5907      5.675
   11       -5.33       -1.35       0.5631      6.082
   12       -4.40       -1.27       0.5328      5.996
   13       -4.40       -0.84       0.5255      6.010
   14       -5.05       -0.78       0.5141      5.736
   15       -4.36       -1.19       0.4736      5.789
   16       -4.54       -0.96       0.4713      5.654
   17       -4.55       -1.40       0.4696      5.870
   18       -5.15       -1.32       0.4642      6.164
   19       -4.51       -1.06       0.4587      5.734
   20       -5.37       -1.29       0.4349      5.976
 18       -5.15       -1.32       0.4642      6.164
   19       -4.51       -1.06       0.4587      5.734
   20       -5.37       -1.29       0.4349      5.976
