              _             
             (_)            
   __ _ _ __  _ _ __   __ _ 
  / _` | '_ \| | '_ \ / _` |
 | (_| | | | | | | | | (_| |
  \__, |_| |_|_|_| |_|\__,_|
   __/ |                    
  |___/                     

gnina v1.3.1 master:5bd63bd   Built May 23 2025.
gnina is based on smina and AutoDock Vina.
Please cite appropriately.

Commandline: /usr/local/bin/gnina -r /nfs/home/jstempel/vina_inputs/prep/7U9D/receptor_no_ligand.pdb -l /lustre/isaac24/scratch/jstempel/gnina_full_cnn_rescore_exh8_cpu24/_tmp_7U9D_cJqa/ligand.sdf --center_x 50.777 --center_y 48.729 --center_z 17.727 --size_x 16.696 --size_y 17.314 --size_z 20.163 --exhaustiveness 8 --num_modes 20 --cpu 24 --cnn_scoring rescore --scoring vina --addH 0 --log /lustre/isaac24/scratch/jstempel/gnina_full_cnn_rescore_exh8_cpu24/logs/7U9D.log --out /lustre/isaac24/scratch/jstempel/gnina_full_cnn_rescore_exh8_cpu24/flat/7U9D.pdbqt --seed 0 --device 0
Using random seed: 0

mode |  affinity  |  intramol  |    CNN     |   CNN
     | (kcal/mol) | (kcal/mol) | pose score | affinity
-----+------------+------------+------------+----------
    1       -8.12       -5.25       0.7806      8.609
    2       -8.14       -5.36       0.7070      8.843
    3       -8.03       -4.67       0.6952      8.705
    4       -8.38       -4.78       0.6290      8.749
    5       -7.84       -4.03       0.6118      8.355
    6       -7.84       -5.00       0.5725      8.654
    7       -7.95       -5.73       0.5201      8.260
    8       -8.09       -7.02       0.4981      8.146
    9       -7.72       -5.59       0.4803      8.455
   10       -8.26       -2.48       0.4704      8.031
   11       -8.26       -6.57       0.4636      8.213
   12       -7.84       -4.97       0.4619      7.943
   13       -7.83       -4.97       0.4485      8.527
   14       -7.65       -2.16       0.4235      8.104
   15       -8.21       -3.94       0.3949      8.114
   16       -7.73       -4.10       0.3812      7.878
   17       -8.32       -4.59       0.3706      8.027
   18       -7.75       -4.42       0.3394      8.207
   19       -7.68       -4.28       0.3282      7.730
   20       -7.80       -4.16       0.3277      8.101
 18       -7.75       -4.42       0.3394      8.207
   19       -7.68       -4.28       0.3282      7.730
   20       -7.80       -4.16       0.3277      8.101
