              _             
             (_)            
   __ _ _ __  _ _ __   __ _ 
  / _` | '_ \| | '_ \ / _` |
 | (_| | | | | | | | | (_| |
  \__, |_| |_|_|_| |_|\__,_|
   __/ |                    
  |___/                     

gnina v1.3.1 master:5bd63bd   Built May 23 2025.
gnina is based on smina and AutoDock Vina.
Please cite appropriately.

Commandline: /usr/local/bin/gnina -r /nfs/home/jstempel/vina_inputs/prep/7VR6/receptor_no_ligand.pdb -l /lustre/isaac24/scratch/jstempel/gnina_full_cnn_rescore_exh8_cpu24/_tmp_7VR6_P6b0/ligand.sdf --center_x 7.973 --center_y 24.401 --center_z 3.637 --size_x 16.914 --size_y 18.736 --size_z 20.399 --exhaustiveness 8 --num_modes 20 --cpu 24 --cnn_scoring rescore --scoring vina --addH 0 --log /lustre/isaac24/scratch/jstempel/gnina_full_cnn_rescore_exh8_cpu24/logs/7VR6.log --out /lustre/isaac24/scratch/jstempel/gnina_full_cnn_rescore_exh8_cpu24/flat/7VR6.pdbqt --seed 0 --device 0
Using random seed: 0

mode |  affinity  |  intramol  |    CNN     |   CNN
     | (kcal/mol) | (kcal/mol) | pose score | affinity
-----+------------+------------+------------+----------
    1       -7.34       -1.68       0.9023      8.308
    2       -6.97       -2.27       0.8806      8.493
    3       -7.14       -2.78       0.8691      8.296
    4       -7.25       -2.64       0.8505      8.339
    5       -7.26       -3.09       0.7816      8.164
    6       -6.70       -2.61       0.7779      7.833
    7       -7.00       -2.00       0.7775      8.144
    8       -6.83       -1.83       0.7581      8.229
    9       -7.16       -2.40       0.7547      8.337
   10       -6.55       -2.72       0.7524      8.095
   11       -7.26       -1.99       0.7445      8.336
   12       -6.75       -2.85       0.7150      7.926
   13       -7.28       -2.77       0.6936      8.595
   14       -7.07       -3.55       0.6751      7.846
   15       -7.18       -2.61       0.6694      8.333
   16       -6.49       -2.71       0.6672      7.666
   17       -7.08       -2.44       0.6646      8.421
   18       -6.62       -2.76       0.6608      8.066
   19       -6.57       -2.92       0.6557      8.176
   20       -6.96       -2.40       0.6527      8.214
 18       -6.62       -2.76       0.6608      8.066
   19       -6.57       -2.92       0.6557      8.176
   20       -6.96       -2.40       0.6527      8.214
