              _             
             (_)            
   __ _ _ __  _ _ __   __ _ 
  / _` | '_ \| | '_ \ / _` |
 | (_| | | | | | | | | (_| |
  \__, |_| |_|_|_| |_|\__,_|
   __/ |                    
  |___/                     

gnina v1.3.1 master:5bd63bd   Built May 23 2025.
gnina is based on smina and AutoDock Vina.
Please cite appropriately.

Commandline: /usr/local/bin/gnina -r /nfs/home/jstempel/vina_inputs/prep/7WVT/receptor_no_ligand.pdb -l /lustre/isaac24/scratch/jstempel/gnina_full_cnn_rescore_exh8_cpu24/_tmp_7WVT_egRI/ligand.sdf --center_x -23.985 --center_y 32.635 --center_z -17.500 --size_x 16.649 --size_y 24.675 --size_z 25.262 --exhaustiveness 8 --num_modes 20 --cpu 24 --cnn_scoring rescore --scoring vina --addH 0 --log /lustre/isaac24/scratch/jstempel/gnina_full_cnn_rescore_exh8_cpu24/logs/7WVT.log --out /lustre/isaac24/scratch/jstempel/gnina_full_cnn_rescore_exh8_cpu24/flat/7WVT.pdbqt --seed 0 --device 0
Using random seed: 0

mode |  affinity  |  intramol  |    CNN     |   CNN
     | (kcal/mol) | (kcal/mol) | pose score | affinity
-----+------------+------------+------------+----------
    1      -10.51       -2.91       0.9185      8.895
    2      -10.59       -2.77       0.8890      9.047
    3      -10.58       -2.97       0.8746      9.072
    4      -10.12       -2.69       0.5647      8.516
    5       -9.51       -2.16       0.4059      8.554
    6       -9.56       -2.60       0.3495      8.752
    7       -9.26       -1.91       0.2879      8.497
    8       -9.47        0.06       0.2593      8.463
    9       -9.57       -3.38       0.2420      8.441
   10       -8.96       -3.62       0.2366      8.544
   11       -9.01       -5.20       0.2130      8.546
   12       -8.63       -0.40       0.1810      8.525
   13       -8.70       -3.24       0.1722      6.152
   14       -7.99       -1.21       0.1506      6.660
   15       -8.98       -2.21       0.1498      6.309
   16       -8.10       -3.33       0.1316      6.190
   17       -8.58       -1.65       0.1306      5.933
   18       -8.55       -0.35       0.1297      8.277
   19       -9.09       -3.80       0.1233      6.546
   20       -8.38       -3.31       0.1229      6.175
 18       -8.55       -0.35       0.1297      8.277
   19       -9.09       -3.80       0.1233      6.546
   20       -8.38       -3.31       0.1229      6.175
