              _             
             (_)            
   __ _ _ __  _ _ __   __ _ 
  / _` | '_ \| | '_ \ / _` |
 | (_| | | | | | | | | (_| |
  \__, |_| |_|_|_| |_|\__,_|
   __/ |                    
  |___/                     

gnina v1.3.1 master:5bd63bd   Built May 23 2025.
gnina is based on smina and AutoDock Vina.
Please cite appropriately.

Commandline: /usr/local/bin/gnina -r /nfs/home/jstempel/vina_inputs/prep/7YF1/receptor_no_ligand.pdb -l /lustre/isaac24/scratch/jstempel/gnina_full_cnn_rescore_exh8_cpu24/_tmp_7YF1_7SBF/ligand.sdf --center_x 20.698 --center_y 9.046 --center_z 13.320 --size_x 14.004 --size_y 11.177 --size_z 13.148 --exhaustiveness 8 --num_modes 20 --cpu 24 --cnn_scoring rescore --scoring vina --addH 0 --log /lustre/isaac24/scratch/jstempel/gnina_full_cnn_rescore_exh8_cpu24/logs/7YF1.log --out /lustre/isaac24/scratch/jstempel/gnina_full_cnn_rescore_exh8_cpu24/flat/7YF1.pdbqt --seed 0 --device 0
Using random seed: 0

mode |  affinity  |  intramol  |    CNN     |   CNN
     | (kcal/mol) | (kcal/mol) | pose score | affinity
-----+------------+------------+------------+----------
    1       -5.96       -0.73       0.9077      6.020
    2       -6.12       -0.91       0.8643      6.058
    3       -5.34       -1.26       0.7076      5.937
    4       -5.35       -0.99       0.5266      5.707
    5       -5.65       -0.86       0.4359      5.641
    6       -5.89       -0.96       0.4325      5.266
    7       -5.74       -0.96       0.3964      5.571
    8       -6.00       -0.75       0.3655      5.428
    9       -5.63       -1.05       0.3634      5.455
   10       -5.42       -1.55       0.3449      5.534
   11       -5.22       -1.31       0.3380      5.350
   12       -6.11       -1.08       0.3335      5.332
   13       -5.49       -1.69       0.3328      5.525
   14       -5.47       -1.13       0.2970      5.305
   15       -5.73       -1.19       0.2966      5.309
   16       -5.27       -1.36       0.2914      5.412
   17       -5.33       -1.32       0.2857      5.125
   18       -5.27       -1.49       0.2848      5.087
   19       -5.35       -1.01       0.2759      4.971
   20       -5.18       -1.41       0.2597      5.108
 18       -5.27       -1.49       0.2848      5.087
   19       -5.35       -1.01       0.2759      4.971
   20       -5.18       -1.41       0.2597      5.108
