              _             
             (_)            
   __ _ _ __  _ _ __   __ _ 
  / _` | '_ \| | '_ \ / _` |
 | (_| | | | | | | | | (_| |
  \__, |_| |_|_|_| |_|\__,_|
   __/ |                    
  |___/                     

gnina v1.3.1 master:5bd63bd   Built May 23 2025.
gnina is based on smina and AutoDock Vina.
Please cite appropriately.

Commandline: /usr/local/bin/gnina -r /nfs/home/jstempel/vina_inputs/prep/7Z6W/receptor_no_ligand.pdb -l /lustre/isaac24/scratch/jstempel/gnina_full_cnn_rescore_exh8_cpu24/_tmp_7Z6W_j2aN/ligand.sdf --center_x 8.605 --center_y 20.908 --center_z -0.310 --size_x 16.100 --size_y 20.571 --size_z 23.218 --exhaustiveness 8 --num_modes 20 --cpu 24 --cnn_scoring rescore --scoring vina --addH 0 --log /lustre/isaac24/scratch/jstempel/gnina_full_cnn_rescore_exh8_cpu24/logs/7Z6W.log --out /lustre/isaac24/scratch/jstempel/gnina_full_cnn_rescore_exh8_cpu24/flat/7Z6W.pdbqt --seed 0 --device 0
Using random seed: 0

mode |  affinity  |  intramol  |    CNN     |   CNN
     | (kcal/mol) | (kcal/mol) | pose score | affinity
-----+------------+------------+------------+----------
    1       -7.28       -7.16       0.5857      9.963
    2       -7.21       -8.99       0.5118     10.003
    3       -7.33       -6.05       0.4312      9.518
    4       -7.26       -9.39       0.4277      9.659
    5       -7.17       -7.14       0.4123      9.671
    6       -6.86       -7.21       0.4097      9.417
    7       -6.95       -8.36       0.3672      9.579
    8       -7.27       -7.91       0.3562      9.373
    9       -6.97       -6.24       0.3458      9.447
   10       -6.67      -10.03       0.3134      9.768
   11       -7.05       -7.60       0.2976      9.594
   12       -7.00       -7.18       0.2963      9.532
   13       -6.85       -7.34       0.2596      9.395
   14       -7.28       -6.75       0.2353      9.641
   15       -6.87       -3.86       0.2312      9.315
   16       -6.44       -6.33       0.2201      9.151
   17       -7.20       -7.52       0.2186      9.236
   18       -6.48       -6.34       0.2143      8.604
   19       -7.46       -6.98       0.2071      8.835
   20       -6.72       -7.67       0.1998      9.437
 18       -6.48       -6.34       0.2143      8.604
   19       -7.46       -6.98       0.2071      8.835
   20       -6.72       -7.67       0.1998      9.437
