              _             
             (_)            
   __ _ _ __  _ _ __   __ _ 
  / _` | '_ \| | '_ \ / _` |
 | (_| | | | | | | | | (_| |
  \__, |_| |_|_|_| |_|\__,_|
   __/ |                    
  |___/                     

gnina v1.3.1 master:5bd63bd   Built May 23 2025.
gnina is based on smina and AutoDock Vina.
Please cite appropriately.

Commandline: /usr/local/bin/gnina -r /nfs/home/jstempel/vina_inputs/prep/8GOT/receptor_no_ligand.pdb -l /lustre/isaac24/scratch/jstempel/gnina_full_cnn_rescore_exh8_cpu24/_tmp_8GOT_Ejuf/ligand.sdf --center_x 3.788 --center_y 11.332 --center_z -28.489 --size_x 40.706 --size_y 36.756 --size_z 25.366 --exhaustiveness 8 --num_modes 20 --cpu 24 --cnn_scoring rescore --scoring vina --addH 0 --log /lustre/isaac24/scratch/jstempel/gnina_full_cnn_rescore_exh8_cpu24/logs/8GOT.log --out /lustre/isaac24/scratch/jstempel/gnina_full_cnn_rescore_exh8_cpu24/flat/8GOT.pdbqt --seed 0 --device 0
Using random seed: 0

mode |  affinity  |  intramol  |    CNN     |   CNN
     | (kcal/mol) | (kcal/mol) | pose score | affinity
-----+------------+------------+------------+----------
    1       -5.36       -4.52       0.2569      6.099
    2       -4.77       -5.69       0.2456      5.544
    3       -4.65       -6.21       0.2450      5.887
    4       -5.22       -7.35       0.2400      6.479
    5       -4.94       -8.27       0.2296      6.500
    6       -5.13       -9.37       0.2295      6.201
    7       -5.10       -8.21       0.2239      7.080
    8       -5.23       -9.20       0.2226      7.299
    9       -4.73       -9.34       0.2194      5.923
   10       -5.02       -8.81       0.2078      5.973
   11       -5.06      -11.51       0.2053      6.326
   12       -5.21       -6.71       0.2036      6.274
   13       -5.28       -8.89       0.1998      5.951
   14       -4.92       -8.79       0.1982      5.926
   15       -5.19       -6.60       0.1970      6.473
   16       -5.20       -5.77       0.1921      5.949
   17       -5.06       -6.99       0.1918      6.331
   18       -5.43       -6.74       0.1823      6.048
   19       -4.66       -9.52       0.1532      6.330
   20       -4.86       -7.20       0.1506      6.283
 18       -5.43       -6.74       0.1823      6.048
   19       -4.66       -9.52       0.1532      6.330
   20       -4.86       -7.20       0.1506      6.283
