              _             
             (_)            
   __ _ _ __  _ _ __   __ _ 
  / _` | '_ \| | '_ \ / _` |
 | (_| | | | | | | | | (_| |
  \__, |_| |_|_|_| |_|\__,_|
   __/ |                    
  |___/                     

gnina v1.3.1 master:5bd63bd   Built May 23 2025.
gnina is based on smina and AutoDock Vina.
Please cite appropriately.

Commandline: /usr/local/bin/gnina -r /nfs/home/jstempel/vina_inputs/prep/8GYN/receptor_no_ligand.pdb -l /lustre/isaac24/scratch/jstempel/gnina_full_cnn_rescore_exh8_cpu24/_tmp_8GYN_9bFe/ligand.sdf --center_x -12.101 --center_y -0.768 --center_z -15.838 --size_x 14.785 --size_y 15.023 --size_z 27.826 --exhaustiveness 8 --num_modes 20 --cpu 24 --cnn_scoring rescore --scoring vina --addH 0 --log /lustre/isaac24/scratch/jstempel/gnina_full_cnn_rescore_exh8_cpu24/logs/8GYN.log --out /lustre/isaac24/scratch/jstempel/gnina_full_cnn_rescore_exh8_cpu24/flat/8GYN.pdbqt --seed 0 --device 0
Using random seed: 0

mode |  affinity  |  intramol  |    CNN     |   CNN
     | (kcal/mol) | (kcal/mol) | pose score | affinity
-----+------------+------------+------------+----------
    1       -6.47       -3.67       0.7568      8.357
    2       -5.90       -5.72       0.6994      8.260
    3       -6.08       -4.92       0.6802      7.977
    4       -5.98       -5.63       0.6408      8.151
    5       -6.98       -3.36       0.6353      8.261
    6       -6.35       -4.16       0.6203      8.282
    7       -6.59       -4.21       0.6073      8.172
    8       -6.56       -5.22       0.6042      8.388
    9       -5.92       -5.26       0.5926      8.170
   10       -5.92       -4.47       0.5926      8.149
   11       -6.62       -4.27       0.5846      8.078
   12       -7.05       -3.92       0.5676      8.397
   13       -6.49       -5.12       0.5438      8.295
   14       -6.44       -4.53       0.5210      8.038
   15       -6.87       -4.07       0.5208      8.515
   16       -6.35       -1.87       0.5093      7.975
   17       -6.86       -4.24       0.5000      8.104
   18       -6.80       -4.65       0.4963      8.102
   19       -6.58       -3.87       0.4927      8.171
   20       -6.65       -5.26       0.4850      8.173
 18       -6.80       -4.65       0.4963      8.102
   19       -6.58       -3.87       0.4927      8.171
   20       -6.65       -5.26       0.4850      8.173
