              _             
             (_)            
   __ _ _ __  _ _ __   __ _ 
  / _` | '_ \| | '_ \ / _` |
 | (_| | | | | | | | | (_| |
  \__, |_| |_|_|_| |_|\__,_|
   __/ |                    
  |___/                     

gnina v1.3.1 master:5bd63bd   Built May 23 2025.
gnina is based on smina and AutoDock Vina.
Please cite appropriately.

Commandline: /usr/local/bin/gnina -r /nfs/home/jstempel/vina_inputs/prep/8IVL/receptor_no_ligand.pdb -l /lustre/isaac24/scratch/jstempel/gnina_full_cnn_rescore_exh8_cpu24/_tmp_8IVL_tbuI/ligand.sdf --center_x -0.678 --center_y -9.147 --center_z -9.206 --size_x 10.508 --size_y 14.443 --size_z 14.453 --exhaustiveness 8 --num_modes 20 --cpu 24 --cnn_scoring rescore --scoring vina --addH 0 --log /lustre/isaac24/scratch/jstempel/gnina_full_cnn_rescore_exh8_cpu24/logs/8IVL.log --out /lustre/isaac24/scratch/jstempel/gnina_full_cnn_rescore_exh8_cpu24/flat/8IVL.pdbqt --seed 0 --device 0
Using random seed: 0

mode |  affinity  |  intramol  |    CNN     |   CNN
     | (kcal/mol) | (kcal/mol) | pose score | affinity
-----+------------+------------+------------+----------
    1       -8.24        1.27       0.7000      7.222
    2       -8.91        0.79       0.5987      7.199
    3       -9.24        0.76       0.5698      7.163
    4      -10.21        0.99       0.4869      6.758
    5       -8.55        1.11       0.4511      6.827
    6       -9.62        1.16       0.4289      6.704
    7       -9.59        0.83       0.3000      6.600
    8       -7.26       -0.99       0.2634      6.612
    9        3.25        6.01       0.2577      6.026
   10       -8.89        0.81       0.2532      6.615
   11       -7.55       -0.23       0.2235      6.394
   12       -8.25        1.06       0.2133      6.276
   13       -5.60        1.19       0.2079      6.538
   14       -8.35       -0.86       0.1959      6.362
   15       -9.22        0.80       0.1721      6.106
   16       -8.08        0.92       0.1574      6.091
   17       -9.01        2.93       0.1442      5.919
   18       -4.65        1.47       0.1416      5.956
   19       -8.87        0.84       0.1414      5.923
   20       -8.41        0.47       0.1390      6.172
9      6.362
   15       -9.22        0.80       0.1721      6.106
   16       -8.08        0.92       0.1574      6.091
   17       -9.01        2.93       0.1442      5.919
   18       -4.65        1.47       0.1416      5.956
   19       -8.87        0.84       0.1414      5.923
   20       -8.41        0.47       0.1390      6.172
