              _             
             (_)            
   __ _ _ __  _ _ __   __ _ 
  / _` | '_ \| | '_ \ / _` |
 | (_| | | | | | | | | (_| |
  \__, |_| |_|_|_| |_|\__,_|
   __/ |                    
  |___/                     

gnina v1.3.1 master:5bd63bd   Built May 23 2025.
gnina is based on smina and AutoDock Vina.
Please cite appropriately.

Commandline: /usr/local/bin/gnina -r /nfs/home/jstempel/vina_inputs/prep/8QJZ/receptor_no_ligand.pdb -l /lustre/isaac24/scratch/jstempel/gnina_full_cnn_rescore_exh8_cpu24/_tmp_8QJZ_yVxk/ligand.sdf --center_x 45.240 --center_y 8.253 --center_z 21.313 --size_x 23.751 --size_y 19.606 --size_z 16.519 --exhaustiveness 8 --num_modes 20 --cpu 24 --cnn_scoring rescore --scoring vina --addH 0 --log /lustre/isaac24/scratch/jstempel/gnina_full_cnn_rescore_exh8_cpu24/logs/8QJZ.log --out /lustre/isaac24/scratch/jstempel/gnina_full_cnn_rescore_exh8_cpu24/flat/8QJZ.pdbqt --seed 0 --device 0
Using random seed: 0

mode |  affinity  |  intramol  |    CNN     |   CNN
     | (kcal/mol) | (kcal/mol) | pose score | affinity
-----+------------+------------+------------+----------
    1       -9.51       -3.13       0.9204      8.042
    2       -8.92       -3.57       0.9120      7.944
    3       -9.32       -3.29       0.8475      7.907
    4       -8.98       -3.83       0.8179      7.972
    5       -9.12       -3.67       0.7818      7.898
    6       -8.34       -3.38       0.6897      7.506
    7       -9.31       -4.15       0.5809      7.532
    8       -8.43       -4.89       0.5589      7.751
    9       -8.51       -2.97       0.5445      7.466
   10       -7.72       -2.16       0.4870      7.637
   11       -7.09       -3.22       0.4473      7.420
   12       -8.06       -2.03       0.4175      7.154
   13       -7.44       -2.41       0.4140      7.721
   14       -7.18       -1.10       0.3452      6.993
   15       -8.19       -1.34       0.3178      6.874
   16       -5.93       -3.26       0.2976      7.270
   17       -8.24       -3.05       0.2836      7.080
   18       -7.73       -2.14       0.2720      7.308
   19       -5.99       -1.85       0.2652      6.434
   20       -8.54       -3.38       0.2601      7.015
 18       -7.73       -2.14       0.2720      7.308
   19       -5.99       -1.85       0.2652      6.434
   20       -8.54       -3.38       0.2601      7.015
