              _             
             (_)            
   __ _ _ __  _ _ __   __ _ 
  / _` | '_ \| | '_ \ / _` |
 | (_| | | | | | | | | (_| |
  \__, |_| |_|_|_| |_|\__,_|
   __/ |                    
  |___/                     

gnina v1.3.1 master:5bd63bd   Built May 23 2025.
gnina is based on smina and AutoDock Vina.
Please cite appropriately.

Commandline: /usr/local/bin/gnina -r /nfs/home/jstempel/vina_inputs/prep/8T5T/receptor_no_ligand.pdb -l /lustre/isaac24/scratch/jstempel/gnina_full_cnn_rescore_exh8_cpu24/_tmp_8T5T_NfQL/ligand.sdf --center_x 47.388 --center_y 3.662 --center_z 44.542 --size_x 14.715 --size_y 14.440 --size_z 12.681 --exhaustiveness 8 --num_modes 20 --cpu 24 --cnn_scoring rescore --scoring vina --addH 0 --log /lustre/isaac24/scratch/jstempel/gnina_full_cnn_rescore_exh8_cpu24/logs/8T5T.log --out /lustre/isaac24/scratch/jstempel/gnina_full_cnn_rescore_exh8_cpu24/flat/8T5T.pdbqt --seed 0 --device 0
Using random seed: 0

mode |  affinity  |  intramol  |    CNN     |   CNN
     | (kcal/mol) | (kcal/mol) | pose score | affinity
-----+------------+------------+------------+----------
    1       -7.40       -0.67       0.8654      6.991
    2       -7.01       -0.81       0.7905      6.827
    3       -6.89       -1.11       0.7473      6.885
    4       -6.69       -0.86       0.6679      6.716
    5       -6.20       -1.12       0.6161      6.669
    6       -6.99       -0.95       0.5244      6.462
    7       -6.83       -0.99       0.5223      6.496
    8       -6.90       -1.10       0.4739      6.348
    9       -5.94       -1.45       0.4517      6.544
   10       -6.25       -0.93       0.4514      6.631
   11       -6.54       -1.81       0.4299      6.475
   12       -6.17       -1.71       0.4272      6.322
   13       -6.11       -1.48       0.4004      6.227
   14       -6.17       -1.07       0.3902      6.424
   15       -6.11       -1.77       0.3793      6.325
   16       -6.39       -1.13       0.3615      6.428
   17       -5.85       -0.92       0.3367      6.272
   18       -6.21       -1.04       0.3141      6.371
   19       -6.55       -2.02       0.3060      6.522
   20       -6.09       -1.98       0.3044      6.321
 18       -6.21       -1.04       0.3141      6.371
   19       -6.55       -2.02       0.3060      6.522
   20       -6.09       -1.98       0.3044      6.321
