              _             
             (_)            
   __ _ _ __  _ _ __   __ _ 
  / _` | '_ \| | '_ \ / _` |
 | (_| | | | | | | | | (_| |
  \__, |_| |_|_|_| |_|\__,_|
   __/ |                    
  |___/                     

gnina v1.3.1 master:5bd63bd   Built May 23 2025.
gnina is based on smina and AutoDock Vina.
Please cite appropriately.

Commandline: /usr/local/bin/gnina -r /nfs/home/jstempel/vina_inputs/prep/1B56/receptor_no_ligand.pdb -l /lustre/isaac24/scratch/jstempel/gnina_full_no_cnn_exh8_cpu24/_tmp_1B56_q7OY/ligand.sdf --center_x 46.640 --center_y 25.340 --center_z 28.736 --size_x 11.424 --size_y 12.463 --size_z 14.634 --exhaustiveness 8 --num_modes 20 --cpu 24 --cnn_scoring none --scoring vina --addH 0 --log /lustre/isaac24/scratch/jstempel/gnina_full_no_cnn_exh8_cpu24/logs/1B56.log --out /lustre/isaac24/scratch/jstempel/gnina_full_no_cnn_exh8_cpu24/flat/1B56.pdbqt --seed 0 --device 0
Using random seed: 0

mode |  affinity  |  intramol  |    CNN     |   CNN
     | (kcal/mol) | (kcal/mol) | pose score | affinity
-----+------------+------------+------------+----------
    1       -5.95       -1.14      -1.0000      0.000
    2       -5.94       -0.96      -1.0000      0.000
    3       -5.88       -1.06      -1.0000      0.000
    4       -5.63       -1.23      -1.0000      0.000
    5       -5.55       -0.78      -1.0000      0.000
    6       -5.37       -1.28      -1.0000      0.000
    7       -5.36       -1.23      -1.0000      0.000
    8       -5.32       -1.73      -1.0000      0.000
    9       -5.30       -0.76      -1.0000      0.000
   10       -5.27       -1.27      -1.0000      0.000
   11       -5.21       -1.32      -1.0000      0.000
   12       -5.19       -1.31      -1.0000      0.000
   13       -5.18       -1.13      -1.0000      0.000
   14       -5.16       -1.39      -1.0000      0.000
   15       -5.13       -1.80      -1.0000      0.000
   16       -5.12       -1.86      -1.0000      0.000
   17       -5.11       -1.36      -1.0000      0.000
   18       -5.10       -1.07      -1.0000      0.000
   19       -5.09       -1.75      -1.0000      0.000
   20       -5.07       -0.93      -1.0000      0.000
 18       -5.10       -1.07      -1.0000      0.000
   19       -5.09       -1.75      -1.0000      0.000
   20       -5.07       -0.93      -1.0000      0.000
