              _             
             (_)            
   __ _ _ __  _ _ __   __ _ 
  / _` | '_ \| | '_ \ / _` |
 | (_| | | | | | | | | (_| |
  \__, |_| |_|_|_| |_|\__,_|
   __/ |                    
  |___/                     

gnina v1.3.1 master:5bd63bd   Built May 23 2025.
gnina is based on smina and AutoDock Vina.
Please cite appropriately.

Commandline: /usr/local/bin/gnina -r /nfs/home/jstempel/vina_inputs/prep/1DSY/receptor_no_ligand.pdb -l /lustre/isaac24/scratch/jstempel/gnina_full_no_cnn_exh8_cpu24/_tmp_1DSY_l1ev/ligand.sdf --center_x 17.564 --center_y 26.399 --center_z 9.380 --size_x 11.223 --size_y 17.213 --size_z 13.057 --exhaustiveness 8 --num_modes 20 --cpu 24 --cnn_scoring none --scoring vina --addH 0 --log /lustre/isaac24/scratch/jstempel/gnina_full_no_cnn_exh8_cpu24/logs/1DSY.log --out /lustre/isaac24/scratch/jstempel/gnina_full_no_cnn_exh8_cpu24/flat/1DSY.pdbqt --seed 0 --device 0
Using random seed: 0

mode |  affinity  |  intramol  |    CNN     |   CNN
     | (kcal/mol) | (kcal/mol) | pose score | affinity
-----+------------+------------+------------+----------
    1       -6.00       -0.21      -1.0000      0.000
    2       -5.99       -0.94      -1.0000      0.000
    3       -5.90       -0.99      -1.0000      0.000
    4       -5.80       -1.21      -1.0000      0.000
    5       -5.68       -0.67      -1.0000      0.000
    6       -5.68       -1.22      -1.0000      0.000
    7       -5.63       -0.42      -1.0000      0.000
    8       -5.53       -0.93      -1.0000      0.000
    9       -5.53        0.09      -1.0000      0.000
   10       -5.53       -1.28      -1.0000      0.000
   11       -5.47       -0.24      -1.0000      0.000
   12       -5.44       -0.26      -1.0000      0.000
   13       -5.42       -0.69      -1.0000      0.000
   14       -5.31        0.20      -1.0000      0.000
   15       -5.30       -1.05      -1.0000      0.000
   16       -5.25       -1.04      -1.0000      0.000
   17       -5.22       -1.48      -1.0000      0.000
   18       -5.21       -1.52      -1.0000      0.000
   19       -5.20       -1.01      -1.0000      0.000
   20       -5.19       -1.56      -1.0000      0.000
 18       -5.21       -1.52      -1.0000      0.000
   19       -5.20       -1.01      -1.0000      0.000
   20       -5.19       -1.56      -1.0000      0.000
