              _             
             (_)            
   __ _ _ __  _ _ __   __ _ 
  / _` | '_ \| | '_ \ / _` |
 | (_| | | | | | | | | (_| |
  \__, |_| |_|_|_| |_|\__,_|
   __/ |                    
  |___/                     

gnina v1.3.1 master:5bd63bd   Built May 23 2025.
gnina is based on smina and AutoDock Vina.
Please cite appropriately.

Commandline: /usr/local/bin/gnina -r /nfs/home/jstempel/vina_inputs/prep/1FE3/receptor_no_ligand.pdb -l /lustre/isaac24/scratch/jstempel/gnina_full_no_cnn_exh8_cpu24/_tmp_1FE3_YJKB/ligand.sdf --center_x 96.897 --center_y 74.458 --center_z -41.916 --size_x 12.873 --size_y 12.980 --size_z 12.866 --exhaustiveness 8 --num_modes 20 --cpu 24 --cnn_scoring none --scoring vina --addH 0 --log /lustre/isaac24/scratch/jstempel/gnina_full_no_cnn_exh8_cpu24/logs/1FE3.log --out /lustre/isaac24/scratch/jstempel/gnina_full_no_cnn_exh8_cpu24/flat/1FE3.pdbqt --seed 0 --device 0
Using random seed: 0

mode |  affinity  |  intramol  |    CNN     |   CNN
     | (kcal/mol) | (kcal/mol) | pose score | affinity
-----+------------+------------+------------+----------
    1       -6.41       -1.03      -1.0000      0.000
    2       -6.39       -0.79      -1.0000      0.000
    3       -6.20       -0.93      -1.0000      0.000
    4       -6.16       -1.13      -1.0000      0.000
    5       -6.12       -1.10      -1.0000      0.000
    6       -6.12       -1.04      -1.0000      0.000
    7       -5.94       -0.94      -1.0000      0.000
    8       -5.86       -1.63      -1.0000      0.000
    9       -5.80       -1.05      -1.0000      0.000
   10       -5.80       -1.33      -1.0000      0.000
   11       -5.80       -1.21      -1.0000      0.000
   12       -5.77       -1.45      -1.0000      0.000
   13       -5.73       -1.41      -1.0000      0.000
   14       -5.72       -2.31      -1.0000      0.000
   15       -5.72       -1.54      -1.0000      0.000
   16       -5.65       -1.28      -1.0000      0.000
   17       -5.63       -1.95      -1.0000      0.000
   18       -5.58       -1.87      -1.0000      0.000
   19       -5.54       -1.84      -1.0000      0.000
   20       -5.53       -1.36      -1.0000      0.000
 18       -5.58       -1.87      -1.0000      0.000
   19       -5.54       -1.84      -1.0000      0.000
   20       -5.53       -1.36      -1.0000      0.000
