              _             
             (_)            
   __ _ _ __  _ _ __   __ _ 
  / _` | '_ \| | '_ \ / _` |
 | (_| | | | | | | | | (_| |
  \__, |_| |_|_|_| |_|\__,_|
   __/ |                    
  |___/                     

gnina v1.3.1 master:5bd63bd   Built May 23 2025.
gnina is based on smina and AutoDock Vina.
Please cite appropriately.

Commandline: /usr/local/bin/gnina -r /nfs/home/jstempel/vina_inputs/prep/1FK1/receptor_no_ligand.pdb -l /lustre/isaac24/scratch/jstempel/gnina_full_no_cnn_exh8_cpu24/_tmp_1FK1_Ntfj/ligand.sdf --center_x 23.512 --center_y 36.576 --center_z 23.387 --size_x 8.710 --size_y 16.370 --size_z 15.101 --exhaustiveness 8 --num_modes 20 --cpu 24 --cnn_scoring none --scoring vina --addH 0 --log /lustre/isaac24/scratch/jstempel/gnina_full_no_cnn_exh8_cpu24/logs/1FK1.log --out /lustre/isaac24/scratch/jstempel/gnina_full_no_cnn_exh8_cpu24/flat/1FK1.pdbqt --seed 0 --device 0
Using random seed: 0

mode |  affinity  |  intramol  |    CNN     |   CNN
     | (kcal/mol) | (kcal/mol) | pose score | affinity
-----+------------+------------+------------+----------
    1       -5.84       -0.50      -1.0000      0.000
    2       -5.76       -0.40      -1.0000      0.000
    3       -5.70       -0.49      -1.0000      0.000
    4       -5.66       -0.57      -1.0000      0.000
    5       -5.64       -0.44      -1.0000      0.000
    6       -5.63       -0.45      -1.0000      0.000
    7       -5.62       -0.29      -1.0000      0.000
    8       -5.59       -0.42      -1.0000      0.000
    9       -5.47       -0.54      -1.0000      0.000
   10       -5.44       -0.60      -1.0000      0.000
   11       -5.41       -0.49      -1.0000      0.000
   12       -5.41       -0.58      -1.0000      0.000
   13       -5.39       -0.37      -1.0000      0.000
   14       -5.38       -0.73      -1.0000      0.000
   15       -5.32       -0.55      -1.0000      0.000
   16       -5.30       -0.43      -1.0000      0.000
   17       -5.21       -0.54      -1.0000      0.000
   18       -5.16       -0.68      -1.0000      0.000
   19       -5.12       -0.79      -1.0000      0.000
   20       -5.10       -0.59      -1.0000      0.000
00
   17       -5.21       -0.54      -1.0000      0.000
   18       -5.16       -0.68      -1.0000      0.000
   19       -5.12       -0.79      -1.0000      0.000
   20       -5.10       -0.59      -1.0000      0.000
