              _             
             (_)            
   __ _ _ __  _ _ __   __ _ 
  / _` | '_ \| | '_ \ / _` |
 | (_| | | | | | | | | (_| |
  \__, |_| |_|_|_| |_|\__,_|
   __/ |                    
  |___/                     

gnina v1.3.1 master:5bd63bd   Built May 23 2025.
gnina is based on smina and AutoDock Vina.
Please cite appropriately.

Commandline: /usr/local/bin/gnina -r /nfs/home/jstempel/vina_inputs/prep/1FK4/receptor_no_ligand.pdb -l /lustre/isaac24/scratch/jstempel/gnina_full_no_cnn_exh8_cpu24/_tmp_1FK4_LMBZ/ligand.sdf --center_x 23.774 --center_y 36.633 --center_z 24.883 --size_x 8.466 --size_y 18.054 --size_z 15.955 --exhaustiveness 8 --num_modes 20 --cpu 24 --cnn_scoring none --scoring vina --addH 0 --log /lustre/isaac24/scratch/jstempel/gnina_full_no_cnn_exh8_cpu24/logs/1FK4.log --out /lustre/isaac24/scratch/jstempel/gnina_full_no_cnn_exh8_cpu24/flat/1FK4.pdbqt --seed 0 --device 0
Using random seed: 0

mode |  affinity  |  intramol  |    CNN     |   CNN
     | (kcal/mol) | (kcal/mol) | pose score | affinity
-----+------------+------------+------------+----------
    1       -6.70       -0.89      -1.0000      0.000
    2       -6.59       -1.23      -1.0000      0.000
    3       -6.56       -1.06      -1.0000      0.000
    4       -6.45       -1.07      -1.0000      0.000
    5       -6.39       -0.65      -1.0000      0.000
    6       -6.37       -0.95      -1.0000      0.000
    7       -6.36       -0.83      -1.0000      0.000
    8       -6.32       -1.48      -1.0000      0.000
    9       -6.31       -1.13      -1.0000      0.000
   10       -6.29       -1.21      -1.0000      0.000
   11       -6.22       -1.26      -1.0000      0.000
   12       -6.21       -0.84      -1.0000      0.000
   13       -6.17       -0.78      -1.0000      0.000
   14       -6.12       -0.98      -1.0000      0.000
   15       -6.12       -0.96      -1.0000      0.000
   16       -6.05       -1.07      -1.0000      0.000
   17       -6.04       -1.49      -1.0000      0.000
   18       -6.01       -1.22      -1.0000      0.000
   19       -6.01       -1.59      -1.0000      0.000
   20       -6.00       -1.12      -1.0000      0.000
 18       -6.01       -1.22      -1.0000      0.000
   19       -6.01       -1.59      -1.0000      0.000
   20       -6.00       -1.12      -1.0000      0.000
