              _             
             (_)            
   __ _ _ __  _ _ __   __ _ 
  / _` | '_ \| | '_ \ / _` |
 | (_| | | | | | | | | (_| |
  \__, |_| |_|_|_| |_|\__,_|
   __/ |                    
  |___/                     

gnina v1.3.1 master:5bd63bd   Built May 23 2025.
gnina is based on smina and AutoDock Vina.
Please cite appropriately.

Commandline: /usr/local/bin/gnina -r /nfs/home/jstempel/vina_inputs/prep/1H6H/receptor_no_ligand.pdb -l /lustre/isaac24/scratch/jstempel/gnina_full_no_cnn_exh8_cpu24/_tmp_1H6H_cxes/ligand.sdf --center_x 10.879 --center_y 22.978 --center_z 5.327 --size_x 12.353 --size_y 23.764 --size_z 12.439 --exhaustiveness 8 --num_modes 20 --cpu 24 --cnn_scoring none --scoring vina --addH 0 --log /lustre/isaac24/scratch/jstempel/gnina_full_no_cnn_exh8_cpu24/logs/1H6H.log --out /lustre/isaac24/scratch/jstempel/gnina_full_no_cnn_exh8_cpu24/flat/1H6H.pdbqt --seed 0 --device 0
Using random seed: 0

mode |  affinity  |  intramol  |    CNN     |   CNN
     | (kcal/mol) | (kcal/mol) | pose score | affinity
-----+------------+------------+------------+----------
    1       -7.14       -1.17      -1.0000      0.000
    2       -7.06       -2.31      -1.0000      0.000
    3       -6.99       -0.06      -1.0000      0.000
    4       -6.92       -1.95      -1.0000      0.000
    5       -6.79        0.76      -1.0000      0.000
    6       -6.78       -0.52      -1.0000      0.000
    7       -6.70       -0.44      -1.0000      0.000
    8       -6.63       -1.72      -1.0000      0.000
    9       -6.60       -1.53      -1.0000      0.000
   10       -6.53       -0.96      -1.0000      0.000
   11       -6.52       -0.36      -1.0000      0.000
   12       -6.43       -0.65      -1.0000      0.000
   13       -6.41       -0.90      -1.0000      0.000
   14       -6.33       -0.85      -1.0000      0.000
   15       -6.32       -0.26      -1.0000      0.000
   16       -6.31       -0.84      -1.0000      0.000
   17       -6.28       -1.69      -1.0000      0.000
   18       -6.17       -0.55      -1.0000      0.000
   19       -6.09       -0.95      -1.0000      0.000
   20       -6.07       -2.30      -1.0000      0.000
 18       -6.17       -0.55      -1.0000      0.000
   19       -6.09       -0.95      -1.0000      0.000
   20       -6.07       -2.30      -1.0000      0.000
