              _             
             (_)            
   __ _ _ __  _ _ __   __ _ 
  / _` | '_ \| | '_ \ / _` |
 | (_| | | | | | | | | (_| |
  \__, |_| |_|_|_| |_|\__,_|
   __/ |                    
  |___/                     

gnina v1.3.1 master:5bd63bd   Built May 23 2025.
gnina is based on smina and AutoDock Vina.
Please cite appropriately.

Commandline: /usr/local/bin/gnina -r /nfs/home/jstempel/vina_inputs/prep/1HMR/receptor_no_ligand.pdb -l /lustre/isaac24/scratch/jstempel/gnina_full_no_cnn_exh8_cpu24/_tmp_1HMR_YL8l/ligand.sdf --center_x 19.778 --center_y 34.789 --center_z 56.516 --size_x 13.737 --size_y 11.875 --size_z 14.919 --exhaustiveness 8 --num_modes 20 --cpu 24 --cnn_scoring none --scoring vina --addH 0 --log /lustre/isaac24/scratch/jstempel/gnina_full_no_cnn_exh8_cpu24/logs/1HMR.log --out /lustre/isaac24/scratch/jstempel/gnina_full_no_cnn_exh8_cpu24/flat/1HMR.pdbqt --seed 0 --device 0
Using random seed: 0

mode |  affinity  |  intramol  |    CNN     |   CNN
     | (kcal/mol) | (kcal/mol) | pose score | affinity
-----+------------+------------+------------+----------
    1       -6.46       -0.87      -1.0000      0.000
    2       -6.34       -1.58      -1.0000      0.000
    3       -6.19       -0.97      -1.0000      0.000
    4       -6.09       -1.13      -1.0000      0.000
    5       -6.05       -1.29      -1.0000      0.000
    6       -6.02       -1.09      -1.0000      0.000
    7       -5.99       -1.23      -1.0000      0.000
    8       -5.98       -1.12      -1.0000      0.000
    9       -5.97       -1.19      -1.0000      0.000
   10       -5.92       -1.12      -1.0000      0.000
   11       -5.87       -1.26      -1.0000      0.000
   12       -5.82       -1.70      -1.0000      0.000
   13       -5.81       -1.18      -1.0000      0.000
   14       -5.80       -1.29      -1.0000      0.000
   15       -5.71       -1.49      -1.0000      0.000
   16       -5.69       -1.64      -1.0000      0.000
   17       -5.61       -1.74      -1.0000      0.000
   18       -5.60       -2.00      -1.0000      0.000
   19       -5.58       -1.24      -1.0000      0.000
   20       -5.56       -1.60      -1.0000      0.000
 18       -5.60       -2.00      -1.0000      0.000
   19       -5.58       -1.24      -1.0000      0.000
   20       -5.56       -1.60      -1.0000      0.000
