              _             
             (_)            
   __ _ _ __  _ _ __   __ _ 
  / _` | '_ \| | '_ \ / _` |
 | (_| | | | | | | | | (_| |
  \__, |_| |_|_|_| |_|\__,_|
   __/ |                    
  |___/                     

gnina v1.3.1 master:5bd63bd   Built May 23 2025.
gnina is based on smina and AutoDock Vina.
Please cite appropriately.

Commandline: /usr/local/bin/gnina -r /nfs/home/jstempel/vina_inputs/prep/1HMT/receptor_no_ligand.pdb -l /lustre/isaac24/scratch/jstempel/gnina_full_no_cnn_exh8_cpu24/_tmp_1HMT_pshb/ligand.sdf --center_x 19.741 --center_y 34.605 --center_z 56.459 --size_x 13.435 --size_y 11.692 --size_z 15.171 --exhaustiveness 8 --num_modes 20 --cpu 24 --cnn_scoring none --scoring vina --addH 0 --log /lustre/isaac24/scratch/jstempel/gnina_full_no_cnn_exh8_cpu24/logs/1HMT.log --out /lustre/isaac24/scratch/jstempel/gnina_full_no_cnn_exh8_cpu24/flat/1HMT.pdbqt --seed 0 --device 0
Using random seed: 0

mode |  affinity  |  intramol  |    CNN     |   CNN
     | (kcal/mol) | (kcal/mol) | pose score | affinity
-----+------------+------------+------------+----------
    1       -6.40       -1.24      -1.0000      0.000
    2       -6.34       -1.21      -1.0000      0.000
    3       -6.32       -1.13      -1.0000      0.000
    4       -6.28       -1.01      -1.0000      0.000
    5       -6.27       -0.85      -1.0000      0.000
    6       -6.02       -1.11      -1.0000      0.000
    7       -5.99       -1.03      -1.0000      0.000
    8       -5.91       -0.92      -1.0000      0.000
    9       -5.89       -1.57      -1.0000      0.000
   10       -5.86       -1.17      -1.0000      0.000
   11       -5.85       -1.66      -1.0000      0.000
   12       -5.85       -1.38      -1.0000      0.000
   13       -5.83       -1.94      -1.0000      0.000
   14       -5.82       -1.57      -1.0000      0.000
   15       -5.81       -1.94      -1.0000      0.000
   16       -5.78       -1.34      -1.0000      0.000
   17       -5.73       -2.31      -1.0000      0.000
   18       -5.71       -1.62      -1.0000      0.000
   19       -5.67       -1.59      -1.0000      0.000
   20       -5.64       -1.57      -1.0000      0.000
 18       -5.71       -1.62      -1.0000      0.000
   19       -5.67       -1.59      -1.0000      0.000
   20       -5.64       -1.57      -1.0000      0.000
