              _             
             (_)            
   __ _ _ __  _ _ __   __ _ 
  / _` | '_ \| | '_ \ / _` |
 | (_| | | | | | | | | (_| |
  \__, |_| |_|_|_| |_|\__,_|
   __/ |                    
  |___/                     

gnina v1.3.1 master:5bd63bd   Built May 23 2025.
gnina is based on smina and AutoDock Vina.
Please cite appropriately.

Commandline: /usr/local/bin/gnina -r /nfs/home/jstempel/vina_inputs/prep/1ICM/receptor_no_ligand.pdb -l /lustre/isaac24/scratch/jstempel/gnina_full_no_cnn_exh8_cpu24/_tmp_1ICM_stE8/ligand.sdf --center_x 11.745 --center_y 0.514 --center_z 6.736 --size_x 16.958 --size_y 13.319 --size_z 12.815 --exhaustiveness 8 --num_modes 20 --cpu 24 --cnn_scoring none --scoring vina --addH 0 --log /lustre/isaac24/scratch/jstempel/gnina_full_no_cnn_exh8_cpu24/logs/1ICM.log --out /lustre/isaac24/scratch/jstempel/gnina_full_no_cnn_exh8_cpu24/flat/1ICM.pdbqt --seed 0 --device 0
Using random seed: 0

mode |  affinity  |  intramol  |    CNN     |   CNN
     | (kcal/mol) | (kcal/mol) | pose score | affinity
-----+------------+------------+------------+----------
    1       -6.86       -0.59      -1.0000      0.000
    2       -6.82       -0.49      -1.0000      0.000
    3       -6.73       -0.45      -1.0000      0.000
    4       -6.70       -0.69      -1.0000      0.000
    5       -6.54       -0.60      -1.0000      0.000
    6       -6.37       -0.85      -1.0000      0.000
    7       -6.30       -0.54      -1.0000      0.000
    8       -6.29       -0.48      -1.0000      0.000
    9       -6.17       -1.09      -1.0000      0.000
   10       -6.16       -0.52      -1.0000      0.000
   11       -6.16       -0.64      -1.0000      0.000
   12       -6.09       -0.58      -1.0000      0.000
   13       -6.02       -0.86      -1.0000      0.000
   14       -6.01       -0.61      -1.0000      0.000
   15       -5.90       -0.66      -1.0000      0.000
   16       -5.89       -0.53      -1.0000      0.000
   17       -5.82       -0.82      -1.0000      0.000
   18       -5.74       -0.77      -1.0000      0.000
   19       -5.69       -0.51      -1.0000      0.000
   20       -5.68       -0.52      -1.0000      0.000
 18       -5.74       -0.77      -1.0000      0.000
   19       -5.69       -0.51      -1.0000      0.000
   20       -5.68       -0.52      -1.0000      0.000
