              _             
             (_)            
   __ _ _ __  _ _ __   __ _ 
  / _` | '_ \| | '_ \ / _` |
 | (_| | | | | | | | | (_| |
  \__, |_| |_|_|_| |_|\__,_|
   __/ |                    
  |___/                     

gnina v1.3.1 master:5bd63bd   Built May 23 2025.
gnina is based on smina and AutoDock Vina.
Please cite appropriately.

Commandline: /usr/local/bin/gnina -r /nfs/home/jstempel/vina_inputs/prep/1IKT/receptor_no_ligand.pdb -l /lustre/isaac24/scratch/jstempel/gnina_full_no_cnn_exh8_cpu24/_tmp_1IKT_vRc7/ligand.sdf --center_x 31.481 --center_y 34.256 --center_z 15.595 --size_x 11.073 --size_y 21.254 --size_z 11.971 --exhaustiveness 8 --num_modes 20 --cpu 24 --cnn_scoring none --scoring vina --addH 0 --log /lustre/isaac24/scratch/jstempel/gnina_full_no_cnn_exh8_cpu24/logs/1IKT.log --out /lustre/isaac24/scratch/jstempel/gnina_full_no_cnn_exh8_cpu24/flat/1IKT.pdbqt --seed 0 --device 0
Using random seed: 0

mode |  affinity  |  intramol  |    CNN     |   CNN
     | (kcal/mol) | (kcal/mol) | pose score | affinity
-----+------------+------------+------------+----------
    1       -7.54       -1.19      -1.0000      0.000
    2       -7.33       -0.55      -1.0000      0.000
    3       -7.18       -0.88      -1.0000      0.000
    4       -7.14       -1.30      -1.0000      0.000
    5       -6.78       -1.29      -1.0000      0.000
    6       -6.72       -0.54      -1.0000      0.000
    7       -6.62       -0.90      -1.0000      0.000
    8       -6.49       -0.67      -1.0000      0.000
    9       -6.42       -0.56      -1.0000      0.000
   10       -6.23       -0.45      -1.0000      0.000
   11       -6.19       -1.12      -1.0000      0.000
   12       -6.16       -0.87      -1.0000      0.000
   13       -6.12       -0.91      -1.0000      0.000
   14       -6.10       -0.57      -1.0000      0.000
   15       -6.07       -0.81      -1.0000      0.000
   16       -6.03       -0.59      -1.0000      0.000
   17       -6.01       -0.55      -1.0000      0.000
   18       -6.00       -0.99      -1.0000      0.000
   19       -5.94       -1.00      -1.0000      0.000
   20       -5.93       -0.87      -1.0000      0.000
-6.23       -0.45      -1.0000      0.000
   11       -6.19       -1.12      -1.0000      0.000
   12       -6.16       -0.87      -1.0000      0.000
   13       -6.12       -0.91      -1.0000      0.000
   14       -6.10       -0.57      -1.0000      0.000
   15       -6.07       -0.81      -1.0000      0.000
   16       -6.03       -0.59      -1.0000      0.000
   17       -6.01       -0.55      -1.0000      0.000
   18       -6.00       -0.99      -1.0000      0.000
   19       -5.94       -1.00      -1.0000      0.000
   20       -5.93       -0.87      -1.0000      0.000
