              _             
             (_)            
   __ _ _ __  _ _ __   __ _ 
  / _` | '_ \| | '_ \ / _` |
 | (_| | | | | | | | | (_| |
  \__, |_| |_|_|_| |_|\__,_|
   __/ |                    
  |___/                     

gnina v1.3.1 master:5bd63bd   Built May 23 2025.
gnina is based on smina and AutoDock Vina.
Please cite appropriately.

Commandline: /usr/local/bin/gnina -r /nfs/home/jstempel/vina_inputs/prep/1LID/receptor_no_ligand.pdb -l /lustre/isaac24/scratch/jstempel/gnina_full_no_cnn_exh8_cpu24/_tmp_1LID_Xmdo/ligand.sdf --center_x -49.025 --center_y 70.377 --center_z -9.160 --size_x 16.222 --size_y 13.424 --size_z 16.707 --exhaustiveness 8 --num_modes 20 --cpu 24 --cnn_scoring none --scoring vina --addH 0 --log /lustre/isaac24/scratch/jstempel/gnina_full_no_cnn_exh8_cpu24/logs/1LID.log --out /lustre/isaac24/scratch/jstempel/gnina_full_no_cnn_exh8_cpu24/flat/1LID.pdbqt --seed 0 --device 0
Using random seed: 0

mode |  affinity  |  intramol  |    CNN     |   CNN
     | (kcal/mol) | (kcal/mol) | pose score | affinity
-----+------------+------------+------------+----------
    1       -6.21       -1.46      -1.0000      0.000
    2       -6.06       -0.67      -1.0000      0.000
    3       -5.76       -1.81      -1.0000      0.000
    4       -5.75       -1.78      -1.0000      0.000
    5       -5.74       -1.33      -1.0000      0.000
    6       -5.72       -1.06      -1.0000      0.000
    7       -5.66       -0.79      -1.0000      0.000
    8       -5.65       -0.83      -1.0000      0.000
    9       -5.63       -1.19      -1.0000      0.000
   10       -5.62       -1.34      -1.0000      0.000
   11       -5.62       -1.72      -1.0000      0.000
   12       -5.60       -1.44      -1.0000      0.000
   13       -5.50       -1.08      -1.0000      0.000
   14       -5.46       -1.12      -1.0000      0.000
   15       -5.41       -1.14      -1.0000      0.000
   16       -5.40       -1.52      -1.0000      0.000
   17       -5.35       -1.20      -1.0000      0.000
   18       -5.34       -1.41      -1.0000      0.000
   19       -5.34       -1.67      -1.0000      0.000
   20       -5.32       -1.04      -1.0000      0.000
 18       -5.34       -1.41      -1.0000      0.000
   19       -5.34       -1.67      -1.0000      0.000
   20       -5.32       -1.04      -1.0000      0.000
