              _             
             (_)            
   __ _ _ __  _ _ __   __ _ 
  / _` | '_ \| | '_ \ / _` |
 | (_| | | | | | | | | (_| |
  \__, |_| |_|_|_| |_|\__,_|
   __/ |                    
  |___/                     

gnina v1.3.1 master:5bd63bd   Built May 23 2025.
gnina is based on smina and AutoDock Vina.
Please cite appropriately.

Commandline: /usr/local/bin/gnina -r /nfs/home/jstempel/vina_inputs/prep/1LN1/receptor_no_ligand.pdb -l /lustre/isaac24/scratch/jstempel/gnina_full_no_cnn_exh8_cpu24/_tmp_1LN1_Xd1c/ligand.sdf --center_x 50.991 --center_y 48.373 --center_z 18.007 --size_x 17.365 --size_y 19.027 --size_z 20.242 --exhaustiveness 8 --num_modes 20 --cpu 24 --cnn_scoring none --scoring vina --addH 0 --log /lustre/isaac24/scratch/jstempel/gnina_full_no_cnn_exh8_cpu24/logs/1LN1.log --out /lustre/isaac24/scratch/jstempel/gnina_full_no_cnn_exh8_cpu24/flat/1LN1.pdbqt --seed 0 --device 0
Using random seed: 0

mode |  affinity  |  intramol  |    CNN     |   CNN
     | (kcal/mol) | (kcal/mol) | pose score | affinity
-----+------------+------------+------------+----------
    1       -8.45       -3.57      -1.0000      0.000
    2       -8.25       -4.66      -1.0000      0.000
    3       -8.25       -4.84      -1.0000      0.000
    4       -8.23       -5.33      -1.0000      0.000
    5       -8.18       -4.23      -1.0000      0.000
    6       -8.17       -5.36      -1.0000      0.000
    7       -8.10       -3.90      -1.0000      0.000
    8       -8.10       -4.71      -1.0000      0.000
    9       -8.09       -3.92      -1.0000      0.000
   10       -8.08       -4.17      -1.0000      0.000
   11       -8.06       -5.36      -1.0000      0.000
   12       -8.03       -4.27      -1.0000      0.000
   13       -7.98       -5.33      -1.0000      0.000
   14       -7.96       -3.73      -1.0000      0.000
   15       -7.96       -4.90      -1.0000      0.000
   16       -7.93       -4.49      -1.0000      0.000
   17       -7.89       -6.33      -1.0000      0.000
   18       -7.89       -4.23      -1.0000      0.000
   19       -7.84       -4.22      -1.0000      0.000
   20       -7.82       -5.03      -1.0000      0.000
 18       -7.89       -4.23      -1.0000      0.000
   19       -7.84       -4.22      -1.0000      0.000
   20       -7.82       -5.03      -1.0000      0.000
