              _             
             (_)            
   __ _ _ __  _ _ __   __ _ 
  / _` | '_ \| | '_ \ / _` |
 | (_| | | | | | | | | (_| |
  \__, |_| |_|_|_| |_|\__,_|
   __/ |                    
  |___/                     

gnina v1.3.1 master:5bd63bd   Built May 23 2025.
gnina is based on smina and AutoDock Vina.
Please cite appropriately.

Commandline: /usr/local/bin/gnina -r /nfs/home/jstempel/vina_inputs/prep/1LRI/receptor_no_ligand.pdb -l /lustre/isaac24/scratch/jstempel/gnina_full_no_cnn_exh8_cpu24/_tmp_1LRI_gjBO/ligand.sdf --center_x 4.725 --center_y 10.836 --center_z 6.650 --size_x 12.059 --size_y 11.400 --size_z 22.191 --exhaustiveness 8 --num_modes 20 --cpu 24 --cnn_scoring none --scoring vina --addH 0 --log /lustre/isaac24/scratch/jstempel/gnina_full_no_cnn_exh8_cpu24/logs/1LRI.log --out /lustre/isaac24/scratch/jstempel/gnina_full_no_cnn_exh8_cpu24/flat/1LRI.pdbqt --seed 0 --device 0
Using random seed: 0

mode |  affinity  |  intramol  |    CNN     |   CNN
     | (kcal/mol) | (kcal/mol) | pose score | affinity
-----+------------+------------+------------+----------
    1      -10.83       -0.83      -1.0000      0.000
    2      -10.75       -0.37      -1.0000      0.000
    3      -10.51        0.42      -1.0000      0.000
    4      -10.12       -0.92      -1.0000      0.000
    5      -10.09       -0.49      -1.0000      0.000
    6      -10.08       -0.60      -1.0000      0.000
    7      -10.01       -0.85      -1.0000      0.000
    8       -9.90       -0.07      -1.0000      0.000
    9       -9.89        0.32      -1.0000      0.000
   10       -9.86       -0.24      -1.0000      0.000
   11       -9.76       -0.95      -1.0000      0.000
   12       -9.71       -1.26      -1.0000      0.000
   13       -9.62       -0.93      -1.0000      0.000
   14       -9.59        1.22      -1.0000      0.000
   15       -9.47       -0.23      -1.0000      0.000
   16       -9.26       -0.80      -1.0000      0.000
   17       -9.23       -1.60      -1.0000      0.000
   18       -9.08       -1.05      -1.0000      0.000
   19       -8.76       -1.28      -1.0000      0.000
   20       -8.75       -0.44      -1.0000      0.000
00
   17       -9.23       -1.60      -1.0000      0.000
   18       -9.08       -1.05      -1.0000      0.000
   19       -8.76       -1.28      -1.0000      0.000
   20       -8.75       -0.44      -1.0000      0.000
