              _             
             (_)            
   __ _ _ __  _ _ __   __ _ 
  / _` | '_ \| | '_ \ / _` |
 | (_| | | | | | | | | (_| |
  \__, |_| |_|_|_| |_|\__,_|
   __/ |                    
  |___/                     

gnina v1.3.1 master:5bd63bd   Built May 23 2025.
gnina is based on smina and AutoDock Vina.
Please cite appropriately.

Commandline: /usr/local/bin/gnina -r /nfs/home/jstempel/vina_inputs/prep/1LV2/receptor_no_ligand.pdb -l /lustre/isaac24/scratch/jstempel/gnina_full_no_cnn_exh8_cpu24/_tmp_1LV2_hvNw/ligand.sdf --center_x 56.342 --center_y 73.246 --center_z 41.398 --size_x 17.680 --size_y 14.132 --size_z 13.110 --exhaustiveness 8 --num_modes 20 --cpu 24 --cnn_scoring none --scoring vina --addH 0 --log /lustre/isaac24/scratch/jstempel/gnina_full_no_cnn_exh8_cpu24/logs/1LV2.log --out /lustre/isaac24/scratch/jstempel/gnina_full_no_cnn_exh8_cpu24/flat/1LV2.pdbqt --seed 0 --device 0
Using random seed: 0

mode |  affinity  |  intramol  |    CNN     |   CNN
     | (kcal/mol) | (kcal/mol) | pose score | affinity
-----+------------+------------+------------+----------
    1       -6.22       -0.64      -1.0000      0.000
    2       -6.10       -0.63      -1.0000      0.000
    3       -6.07       -0.68      -1.0000      0.000
    4       -6.01       -0.73      -1.0000      0.000
    5       -5.93       -0.69      -1.0000      0.000
    6       -5.79       -1.17      -1.0000      0.000
    7       -5.75       -0.67      -1.0000      0.000
    8       -5.72       -0.97      -1.0000      0.000
    9       -5.71       -0.85      -1.0000      0.000
   10       -5.68       -1.18      -1.0000      0.000
   11       -5.60       -0.97      -1.0000      0.000
   12       -5.55       -0.55      -1.0000      0.000
   13       -5.53       -0.78      -1.0000      0.000
   14       -5.42       -1.34      -1.0000      0.000
   15       -5.39       -1.20      -1.0000      0.000
   16       -5.32       -0.75      -1.0000      0.000
   17       -5.26       -1.18      -1.0000      0.000
   18       -5.11       -0.91      -1.0000      0.000
   19       -5.08       -0.75      -1.0000      0.000
   20       -4.97       -1.05      -1.0000      0.000
 18       -5.11       -0.91      -1.0000      0.000
   19       -5.08       -0.75      -1.0000      0.000
   20       -4.97       -1.05      -1.0000      0.000
