              _             
             (_)            
   __ _ _ __  _ _ __   __ _ 
  / _` | '_ \| | '_ \ / _` |
 | (_| | | | | | | | | (_| |
  \__, |_| |_|_|_| |_|\__,_|
   __/ |                    
  |___/                     

gnina v1.3.1 master:5bd63bd   Built May 23 2025.
gnina is based on smina and AutoDock Vina.
Please cite appropriately.

Commandline: /usr/local/bin/gnina -r /nfs/home/jstempel/vina_inputs/prep/1MZM/receptor_no_ligand.pdb -l /lustre/isaac24/scratch/jstempel/gnina_full_no_cnn_exh8_cpu24/_tmp_1MZM_d6ET/ligand.sdf --center_x 23.708 --center_y 36.975 --center_z 23.945 --size_x 8.913 --size_y 18.560 --size_z 15.715 --exhaustiveness 8 --num_modes 20 --cpu 24 --cnn_scoring none --scoring vina --addH 0 --log /lustre/isaac24/scratch/jstempel/gnina_full_no_cnn_exh8_cpu24/logs/1MZM.log --out /lustre/isaac24/scratch/jstempel/gnina_full_no_cnn_exh8_cpu24/flat/1MZM.pdbqt --seed 0 --device 0
Using random seed: 0

mode |  affinity  |  intramol  |    CNN     |   CNN
     | (kcal/mol) | (kcal/mol) | pose score | affinity
-----+------------+------------+------------+----------
    1       -6.22       -1.05      -1.0000      0.000
    2       -6.21       -0.74      -1.0000      0.000
    3       -6.20       -0.62      -1.0000      0.000
    4       -6.14       -0.83      -1.0000      0.000
    5       -6.10       -0.72      -1.0000      0.000
    6       -6.05       -1.24      -1.0000      0.000
    7       -6.02       -0.99      -1.0000      0.000
    8       -6.01       -0.88      -1.0000      0.000
    9       -5.97       -0.93      -1.0000      0.000
   10       -5.93       -1.01      -1.0000      0.000
   11       -5.90       -1.23      -1.0000      0.000
   12       -5.85       -0.75      -1.0000      0.000
   13       -5.84       -0.79      -1.0000      0.000
   14       -5.84       -0.92      -1.0000      0.000
   15       -5.78       -0.93      -1.0000      0.000
   16       -5.70       -0.75      -1.0000      0.000
   17       -5.67       -0.84      -1.0000      0.000
   18       -5.66       -1.25      -1.0000      0.000
   19       -5.63       -0.68      -1.0000      0.000
   20       -5.58       -1.13      -1.0000      0.000
  0.000
   16       -5.70       -0.75      -1.0000      0.000
   17       -5.67       -0.84      -1.0000      0.000
   18       -5.66       -1.25      -1.0000      0.000
   19       -5.63       -0.68      -1.0000      0.000
   20       -5.58       -1.13      -1.0000      0.000
