              _             
             (_)            
   __ _ _ __  _ _ __   __ _ 
  / _` | '_ \| | '_ \ / _` |
 | (_| | | | | | | | | (_| |
  \__, |_| |_|_|_| |_|\__,_|
   __/ |                    
  |___/                     

gnina v1.3.1 master:5bd63bd   Built May 23 2025.
gnina is based on smina and AutoDock Vina.
Please cite appropriately.

Commandline: /usr/local/bin/gnina -r /nfs/home/jstempel/vina_inputs/prep/1N83/receptor_no_ligand.pdb -l /lustre/isaac24/scratch/jstempel/gnina_full_no_cnn_exh8_cpu24/_tmp_1N83_ehTm/ligand.sdf --center_x 22.252 --center_y 25.123 --center_z 17.616 --size_x 21.925 --size_y 12.602 --size_z 9.447 --exhaustiveness 8 --num_modes 20 --cpu 24 --cnn_scoring none --scoring vina --addH 0 --log /lustre/isaac24/scratch/jstempel/gnina_full_no_cnn_exh8_cpu24/logs/1N83.log --out /lustre/isaac24/scratch/jstempel/gnina_full_no_cnn_exh8_cpu24/flat/1N83.pdbqt --seed 0 --device 0
Using random seed: 0

mode |  affinity  |  intramol  |    CNN     |   CNN
     | (kcal/mol) | (kcal/mol) | pose score | affinity
-----+------------+------------+------------+----------
    1      -11.74       -0.56      -1.0000      0.000
    2      -11.46        0.03      -1.0000      0.000
    3      -11.43        0.05      -1.0000      0.000
    4      -11.02       -0.23      -1.0000      0.000
    5      -10.83        0.17      -1.0000      0.000
    6      -10.78       -0.02      -1.0000      0.000
    7      -10.62        0.51      -1.0000      0.000
    8      -10.61       -0.32      -1.0000      0.000
    9      -10.61        0.41      -1.0000      0.000
   10      -10.61       -0.53      -1.0000      0.000
   11      -10.31       -0.21      -1.0000      0.000
   12      -10.27       -1.04      -1.0000      0.000
   13      -10.24        0.69      -1.0000      0.000
   14      -10.23       -1.20      -1.0000      0.000
   15      -10.21       -0.73      -1.0000      0.000
   16      -10.17       -0.75      -1.0000      0.000
   17      -10.16       -0.69      -1.0000      0.000
   18      -10.11       -0.63      -1.0000      0.000
   19      -10.10       -1.09      -1.0000      0.000
   20      -10.08       -0.65      -1.0000      0.000
00
   17      -10.16       -0.69      -1.0000      0.000
   18      -10.11       -0.63      -1.0000      0.000
   19      -10.10       -1.09      -1.0000      0.000
   20      -10.08       -0.65      -1.0000      0.000
