              _             
             (_)            
   __ _ _ __  _ _ __   __ _ 
  / _` | '_ \| | '_ \ / _` |
 | (_| | | | | | | | | (_| |
  \__, |_| |_|_|_| |_|\__,_|
   __/ |                    
  |___/                     

gnina v1.3.1 master:5bd63bd   Built May 23 2025.
gnina is based on smina and AutoDock Vina.
Please cite appropriately.

Commandline: /usr/local/bin/gnina -r /nfs/home/jstempel/vina_inputs/prep/1O8V/receptor_no_ligand.pdb -l /lustre/isaac24/scratch/jstempel/gnina_full_no_cnn_exh8_cpu24/_tmp_1O8V_UbYX/ligand.sdf --center_x 4.546 --center_y -5.709 --center_z 8.547 --size_x 11.456 --size_y 15.249 --size_z 13.644 --exhaustiveness 8 --num_modes 20 --cpu 24 --cnn_scoring none --scoring vina --addH 0 --log /lustre/isaac24/scratch/jstempel/gnina_full_no_cnn_exh8_cpu24/logs/1O8V.log --out /lustre/isaac24/scratch/jstempel/gnina_full_no_cnn_exh8_cpu24/flat/1O8V.pdbqt --seed 0 --device 0
Using random seed: 0

mode |  affinity  |  intramol  |    CNN     |   CNN
     | (kcal/mol) | (kcal/mol) | pose score | affinity
-----+------------+------------+------------+----------
    1       -6.38       -0.75      -1.0000      0.000
    2       -6.25       -0.80      -1.0000      0.000
    3       -6.16       -0.98      -1.0000      0.000
    4       -6.15       -0.70      -1.0000      0.000
    5       -6.05       -0.60      -1.0000      0.000
    6       -5.93       -1.12      -1.0000      0.000
    7       -5.76       -1.20      -1.0000      0.000
    8       -5.66       -1.14      -1.0000      0.000
    9       -5.63       -1.19      -1.0000      0.000
   10       -5.60       -1.26      -1.0000      0.000
   11       -5.60       -0.60      -1.0000      0.000
   12       -5.45       -0.97      -1.0000      0.000
   13       -5.44       -1.32      -1.0000      0.000
   14       -5.43       -1.19      -1.0000      0.000
   15       -5.36       -0.97      -1.0000      0.000
   16       -5.35       -1.17      -1.0000      0.000
   17       -5.34       -1.52      -1.0000      0.000
   18       -5.34       -0.72      -1.0000      0.000
   19       -5.34       -1.27      -1.0000      0.000
   20       -5.32       -1.28      -1.0000      0.000
00
   17       -5.34       -1.52      -1.0000      0.000
   18       -5.34       -0.72      -1.0000      0.000
   19       -5.34       -1.27      -1.0000      0.000
   20       -5.32       -1.28      -1.0000      0.000
