              _             
             (_)            
   __ _ _ __  _ _ __   __ _ 
  / _` | '_ \| | '_ \ / _` |
 | (_| | | | | | | | | (_| |
  \__, |_| |_|_|_| |_|\__,_|
   __/ |                    
  |___/                     

gnina v1.3.1 master:5bd63bd   Built May 23 2025.
gnina is based on smina and AutoDock Vina.
Please cite appropriately.

Commandline: /usr/local/bin/gnina -r /nfs/home/jstempel/vina_inputs/prep/1P6E/receptor_no_ligand.pdb -l /lustre/isaac24/scratch/jstempel/gnina_full_no_cnn_exh8_cpu24/_tmp_1P6E_hLY0/ligand.sdf --center_x 40.218 --center_y 23.084 --center_z 1.313 --size_x 12.749 --size_y 14.228 --size_z 18.269 --exhaustiveness 8 --num_modes 20 --cpu 24 --cnn_scoring none --scoring vina --addH 0 --log /lustre/isaac24/scratch/jstempel/gnina_full_no_cnn_exh8_cpu24/logs/1P6E.log --out /lustre/isaac24/scratch/jstempel/gnina_full_no_cnn_exh8_cpu24/flat/1P6E.pdbqt --seed 0 --device 0
Using random seed: 0

mode |  affinity  |  intramol  |    CNN     |   CNN
     | (kcal/mol) | (kcal/mol) | pose score | affinity
-----+------------+------------+------------+----------
    1       -6.86        0.01      -1.0000      0.000
    2       -6.58        0.10      -1.0000      0.000
    3       -6.55       -0.24      -1.0000      0.000
    4       -6.45       -0.31      -1.0000      0.000
    5       -6.33       -0.80      -1.0000      0.000
    6       -6.22       -0.41      -1.0000      0.000
    7       -5.81       -0.62      -1.0000      0.000
    8       -5.79       -0.75      -1.0000      0.000
    9       -5.68       -0.49      -1.0000      0.000
   10       -5.66       -0.53      -1.0000      0.000
   11       -5.64       -0.50      -1.0000      0.000
   12       -5.58       -0.60      -1.0000      0.000
   13       -5.50       -0.69      -1.0000      0.000
   14       -5.47       -0.69      -1.0000      0.000
   15       -5.46       -0.26      -1.0000      0.000
   16       -5.46        0.36      -1.0000      0.000
   17       -5.43       -0.72      -1.0000      0.000
   18       -5.39       -1.17      -1.0000      0.000
   19       -5.39       -0.69      -1.0000      0.000
   20       -5.32       -0.46      -1.0000      0.000
 18       -5.39       -1.17      -1.0000      0.000
   19       -5.39       -0.69      -1.0000      0.000
   20       -5.32       -0.46      -1.0000      0.000
