              _             
             (_)            
   __ _ _ __  _ _ __   __ _ 
  / _` | '_ \| | '_ \ / _` |
 | (_| | | | | | | | | (_| |
  \__, |_| |_|_|_| |_|\__,_|
   __/ |                    
  |___/                     

gnina v1.3.1 master:5bd63bd   Built May 23 2025.
gnina is based on smina and AutoDock Vina.
Please cite appropriately.

Commandline: /usr/local/bin/gnina -r /nfs/home/jstempel/vina_inputs/prep/1PUB/receptor_no_ligand.pdb -l /lustre/isaac24/scratch/jstempel/gnina_full_no_cnn_exh8_cpu24/_tmp_1PUB_BDfr/ligand.sdf --center_x 27.335 --center_y -5.326 --center_z 14.922 --size_x 16.340 --size_y 13.783 --size_z 29.775 --exhaustiveness 8 --num_modes 20 --cpu 24 --cnn_scoring none --scoring vina --addH 0 --log /lustre/isaac24/scratch/jstempel/gnina_full_no_cnn_exh8_cpu24/logs/1PUB.log --out /lustre/isaac24/scratch/jstempel/gnina_full_no_cnn_exh8_cpu24/flat/1PUB.pdbqt --seed 0 --device 0
Using random seed: 0

mode |  affinity  |  intramol  |    CNN     |   CNN
     | (kcal/mol) | (kcal/mol) | pose score | affinity
-----+------------+------------+------------+----------
    1       -6.70       -2.46      -1.0000      0.000
    2       -6.60       -3.46      -1.0000      0.000
    3       -6.59       -0.89      -1.0000      0.000
    4       -6.59       -3.51      -1.0000      0.000
    5       -6.58       -4.02      -1.0000      0.000
    6       -6.58       -3.12      -1.0000      0.000
    7       -6.56       -2.82      -1.0000      0.000
    8       -6.49       -3.74      -1.0000      0.000
    9       -6.47       -3.70      -1.0000      0.000
   10       -6.46       -4.19      -1.0000      0.000
   11       -6.41       -4.10      -1.0000      0.000
   12       -6.36       -4.55      -1.0000      0.000
   13       -6.35       -2.63      -1.0000      0.000
   14       -6.33       -3.70      -1.0000      0.000
   15       -6.32       -2.38      -1.0000      0.000
   16       -6.31       -2.94      -1.0000      0.000
   17       -6.30       -3.75      -1.0000      0.000
   18       -6.27       -3.82      -1.0000      0.000
   19       -6.22       -4.08      -1.0000      0.000
   20       -6.21       -5.32      -1.0000      0.000
 18       -6.27       -3.82      -1.0000      0.000
   19       -6.22       -4.08      -1.0000      0.000
   20       -6.21       -5.32      -1.0000      0.000
