              _             
             (_)            
   __ _ _ __  _ _ __   __ _ 
  / _` | '_ \| | '_ \ / _` |
 | (_| | | | | | | | | (_| |
  \__, |_| |_|_|_| |_|\__,_|
   __/ |                    
  |___/                     

gnina v1.3.1 master:5bd63bd   Built May 23 2025.
gnina is based on smina and AutoDock Vina.
Please cite appropriately.

Commandline: /usr/local/bin/gnina -r /nfs/home/jstempel/vina_inputs/prep/1PZ4/receptor_no_ligand.pdb -l /lustre/isaac24/scratch/jstempel/gnina_full_no_cnn_exh8_cpu24/_tmp_1PZ4_zAJi/ligand.sdf --center_x 25.188 --center_y 29.746 --center_z 54.911 --size_x 13.460 --size_y 13.900 --size_z 18.598 --exhaustiveness 8 --num_modes 20 --cpu 24 --cnn_scoring none --scoring vina --addH 0 --log /lustre/isaac24/scratch/jstempel/gnina_full_no_cnn_exh8_cpu24/logs/1PZ4.log --out /lustre/isaac24/scratch/jstempel/gnina_full_no_cnn_exh8_cpu24/flat/1PZ4.pdbqt --seed 0 --device 0
Using random seed: 0

mode |  affinity  |  intramol  |    CNN     |   CNN
     | (kcal/mol) | (kcal/mol) | pose score | affinity
-----+------------+------------+------------+----------
    1       -6.88       -0.72      -1.0000      0.000
    2       -6.79       -0.99      -1.0000      0.000
    3       -6.75       -1.39      -1.0000      0.000
    4       -6.66       -0.85      -1.0000      0.000
    5       -6.48       -0.80      -1.0000      0.000
    6       -6.41       -1.12      -1.0000      0.000
    7       -6.35       -0.71      -1.0000      0.000
    8       -6.32       -0.95      -1.0000      0.000
    9       -6.31       -1.15      -1.0000      0.000
   10       -6.26       -0.82      -1.0000      0.000
   11       -6.24       -0.62      -1.0000      0.000
   12       -6.21       -0.95      -1.0000      0.000
   13       -6.18       -0.99      -1.0000      0.000
   14       -6.07       -1.02      -1.0000      0.000
   15       -5.91       -0.94      -1.0000      0.000
   16       -5.89       -1.29      -1.0000      0.000
   17       -5.81       -0.76      -1.0000      0.000
   18       -5.73       -0.46      -1.0000      0.000
   19       -3.73       -0.76      -1.0000      0.000
 17       -5.81       -0.76      -1.0000      0.000
   18       -5.73       -0.46      -1.0000      0.000
   19       -3.73       -0.76      -1.0000      0.000
