              _             
             (_)            
   __ _ _ __  _ _ __   __ _ 
  / _` | '_ \| | '_ \ / _` |
 | (_| | | | | | | | | (_| |
  \__, |_| |_|_|_| |_|\__,_|
   __/ |                    
  |___/                     

gnina v1.3.1 master:5bd63bd   Built May 23 2025.
gnina is based on smina and AutoDock Vina.
Please cite appropriately.

Commandline: /usr/local/bin/gnina -r /nfs/home/jstempel/vina_inputs/prep/1S8G/receptor_no_ligand.pdb -l /lustre/isaac24/scratch/jstempel/gnina_full_no_cnn_exh8_cpu24/_tmp_1S8G_0p2j/ligand.sdf --center_x 22.895 --center_y 34.977 --center_z -0.774 --size_x 9.012 --size_y 9.156 --size_z 17.783 --exhaustiveness 8 --num_modes 20 --cpu 24 --cnn_scoring none --scoring vina --addH 0 --log /lustre/isaac24/scratch/jstempel/gnina_full_no_cnn_exh8_cpu24/logs/1S8G.log --out /lustre/isaac24/scratch/jstempel/gnina_full_no_cnn_exh8_cpu24/flat/1S8G.pdbqt --seed 0 --device 0
Using random seed: 0

mode |  affinity  |  intramol  |    CNN     |   CNN
     | (kcal/mol) | (kcal/mol) | pose score | affinity
-----+------------+------------+------------+----------
    1       -5.24       -0.47      -1.0000      0.000
    2       -5.24       -0.64      -1.0000      0.000
    3       -5.10       -0.46      -1.0000      0.000
    4       -5.00       -0.50      -1.0000      0.000
    5       -4.95       -0.73      -1.0000      0.000
    6       -4.80       -0.77      -1.0000      0.000
    7       -4.80       -0.48      -1.0000      0.000
    8       -4.77       -1.04      -1.0000      0.000
    9       -4.76       -0.70      -1.0000      0.000
   10       -4.71       -0.57      -1.0000      0.000
   11       -4.70       -0.61      -1.0000      0.000
   12       -4.62       -0.64      -1.0000      0.000
   13       -4.58       -0.69      -1.0000      0.000
   14       -4.53       -0.69      -1.0000      0.000
   15       -4.52       -0.54      -1.0000      0.000
   16       -4.47       -0.46      -1.0000      0.000
   17       -4.44       -0.56      -1.0000      0.000
   18       -4.44       -0.47      -1.0000      0.000
   19       -4.44       -1.00      -1.0000      0.000
   20       -4.42       -0.63      -1.0000      0.000
 18       -4.44       -0.47      -1.0000      0.000
   19       -4.44       -1.00      -1.0000      0.000
   20       -4.42       -0.63      -1.0000      0.000
