              _             
             (_)            
   __ _ _ __  _ _ __   __ _ 
  / _` | '_ \| | '_ \ / _` |
 | (_| | | | | | | | | (_| |
  \__, |_| |_|_|_| |_|\__,_|
   __/ |                    
  |___/                     

gnina v1.3.1 master:5bd63bd   Built May 23 2025.
gnina is based on smina and AutoDock Vina.
Please cite appropriately.

Commandline: /usr/local/bin/gnina -r /nfs/home/jstempel/vina_inputs/prep/1T27/receptor_no_ligand.pdb -l /lustre/isaac24/scratch/jstempel/gnina_full_no_cnn_exh8_cpu24/_tmp_1T27_BYdj/ligand.sdf --center_x 8.757 --center_y 17.965 --center_z 7.236 --size_x 24.221 --size_y 24.858 --size_z 18.330 --exhaustiveness 8 --num_modes 20 --cpu 24 --cnn_scoring none --scoring vina --addH 0 --log /lustre/isaac24/scratch/jstempel/gnina_full_no_cnn_exh8_cpu24/logs/1T27.log --out /lustre/isaac24/scratch/jstempel/gnina_full_no_cnn_exh8_cpu24/flat/1T27.pdbqt --seed 0 --device 0
Using random seed: 0

mode |  affinity  |  intramol  |    CNN     |   CNN
     | (kcal/mol) | (kcal/mol) | pose score | affinity
-----+------------+------------+------------+----------
    1       -7.67       -3.26      -1.0000      0.000
    2       -7.65       -3.62      -1.0000      0.000
    3       -7.62       -4.26      -1.0000      0.000
    4       -7.61       -3.59      -1.0000      0.000
    5       -7.60       -4.24      -1.0000      0.000
    6       -7.58       -2.96      -1.0000      0.000
    7       -7.50       -3.61      -1.0000      0.000
    8       -7.48       -2.84      -1.0000      0.000
    9       -7.48       -2.54      -1.0000      0.000
   10       -7.46       -2.75      -1.0000      0.000
   11       -7.41       -3.37      -1.0000      0.000
   12       -7.39       -2.93      -1.0000      0.000
   13       -7.38        0.33      -1.0000      0.000
   14       -7.37       -4.86      -1.0000      0.000
   15       -7.36       -3.80      -1.0000      0.000
   16       -7.35       -3.48      -1.0000      0.000
   17       -7.34       -3.75      -1.0000      0.000
   18       -7.34       -2.20      -1.0000      0.000
   19       -7.32       -3.38      -1.0000      0.000
   20       -7.28       -3.24      -1.0000      0.000
 18       -7.34       -2.20      -1.0000      0.000
   19       -7.32       -3.38      -1.0000      0.000
   20       -7.28       -3.24      -1.0000      0.000
