              _             
             (_)            
   __ _ _ __  _ _ __   __ _ 
  / _` | '_ \| | '_ \ / _` |
 | (_| | | | | | | | | (_| |
  \__, |_| |_|_|_| |_|\__,_|
   __/ |                    
  |___/                     

gnina v1.3.1 master:5bd63bd   Built May 23 2025.
gnina is based on smina and AutoDock Vina.
Please cite appropriately.

Commandline: /usr/local/bin/gnina -r /nfs/home/jstempel/vina_inputs/prep/1TC8/receptor_no_ligand.pdb -l /lustre/isaac24/scratch/jstempel/gnina_full_no_cnn_exh8_cpu24/_tmp_1TC8_FGRP/ligand.sdf --center_x -0.778 --center_y 26.949 --center_z -2.212 --size_x 9.230 --size_y 11.710 --size_z 16.974 --exhaustiveness 8 --num_modes 20 --cpu 24 --cnn_scoring none --scoring vina --addH 0 --log /lustre/isaac24/scratch/jstempel/gnina_full_no_cnn_exh8_cpu24/logs/1TC8.log --out /lustre/isaac24/scratch/jstempel/gnina_full_no_cnn_exh8_cpu24/flat/1TC8.pdbqt --seed 0 --device 0
Using random seed: 0

mode |  affinity  |  intramol  |    CNN     |   CNN
     | (kcal/mol) | (kcal/mol) | pose score | affinity
-----+------------+------------+------------+----------
    1       -6.30       -1.19      -1.0000      0.000
    2       -6.14       -1.19      -1.0000      0.000
    3       -5.97       -0.69      -1.0000      0.000
    4       -5.91       -0.90      -1.0000      0.000
    5       -5.84       -0.89      -1.0000      0.000
    6       -5.66       -0.65      -1.0000      0.000
    7       -5.58       -0.87      -1.0000      0.000
    8       -5.40       -0.83      -1.0000      0.000
    9       -5.37       -0.82      -1.0000      0.000
   10       -5.33       -0.44      -1.0000      0.000
   11       -5.32       -0.81      -1.0000      0.000
   12       -5.27       -0.93      -1.0000      0.000
   13       -5.20       -1.22      -1.0000      0.000
   14       -5.12       -1.07      -1.0000      0.000
   15       -5.11       -1.36      -1.0000      0.000
   16       -5.07       -0.40      -1.0000      0.000
   17       -4.94       -0.80      -1.0000      0.000
   18       -4.85       -0.73      -1.0000      0.000
   19       -4.84       -1.03      -1.0000      0.000
   20       -4.78       -0.89      -1.0000      0.000
 18       -4.85       -0.73      -1.0000      0.000
   19       -4.84       -1.03      -1.0000      0.000
   20       -4.78       -0.89      -1.0000      0.000
