              _             
             (_)            
   __ _ _ __  _ _ __   __ _ 
  / _` | '_ \| | '_ \ / _` |
 | (_| | | | | | | | | (_| |
  \__, |_| |_|_|_| |_|\__,_|
   __/ |                    
  |___/                     

gnina v1.3.1 master:5bd63bd   Built May 23 2025.
gnina is based on smina and AutoDock Vina.
Please cite appropriately.

Commandline: /usr/local/bin/gnina -r /nfs/home/jstempel/vina_inputs/prep/2A1L/receptor_no_ligand.pdb -l /lustre/isaac24/scratch/jstempel/gnina_full_no_cnn_exh8_cpu24/_tmp_2A1L_qdvg/ligand.sdf --center_x 1.627 --center_y 8.969 --center_z 50.356 --size_x 19.181 --size_y 30.523 --size_z 14.424 --exhaustiveness 8 --num_modes 20 --cpu 24 --cnn_scoring none --scoring vina --addH 0 --log /lustre/isaac24/scratch/jstempel/gnina_full_no_cnn_exh8_cpu24/logs/2A1L.log --out /lustre/isaac24/scratch/jstempel/gnina_full_no_cnn_exh8_cpu24/flat/2A1L.pdbqt --seed 0 --device 0
Using random seed: 0

mode |  affinity  |  intramol  |    CNN     |   CNN
     | (kcal/mol) | (kcal/mol) | pose score | affinity
-----+------------+------------+------------+----------
    1       -8.56       -3.81      -1.0000      0.000
    2       -8.52       -4.19      -1.0000      0.000
    3       -8.44       -3.49      -1.0000      0.000
    4       -8.43       -3.80      -1.0000      0.000
    5       -8.25       -4.95      -1.0000      0.000
    6       -8.24       -3.55      -1.0000      0.000
    7       -8.18       -3.70      -1.0000      0.000
    8       -8.17       -3.19      -1.0000      0.000
    9       -8.13       -5.07      -1.0000      0.000
   10       -8.12       -3.49      -1.0000      0.000
   11       -8.11       -3.65      -1.0000      0.000
   12       -8.04       -4.00      -1.0000      0.000
   13       -8.03       -2.93      -1.0000      0.000
   14       -7.98       -3.15      -1.0000      0.000
   15       -7.92       -3.76      -1.0000      0.000
   16       -7.89       -3.53      -1.0000      0.000
   17       -7.82       -3.83      -1.0000      0.000
   18       -7.80       -4.85      -1.0000      0.000
   19       -7.78       -4.45      -1.0000      0.000
   20       -7.75       -3.14      -1.0000      0.000
 18       -7.80       -4.85      -1.0000      0.000
   19       -7.78       -4.45      -1.0000      0.000
   20       -7.75       -3.14      -1.0000      0.000
