              _             
             (_)            
   __ _ _ __  _ _ __   __ _ 
  / _` | '_ \| | '_ \ / _` |
 | (_| | | | | | | | | (_| |
  \__, |_| |_|_|_| |_|\__,_|
   __/ |                    
  |___/                     

gnina v1.3.1 master:5bd63bd   Built May 23 2025.
gnina is based on smina and AutoDock Vina.
Please cite appropriately.

Commandline: /usr/local/bin/gnina -r /nfs/home/jstempel/vina_inputs/prep/2BV7/receptor_no_ligand.pdb -l /lustre/isaac24/scratch/jstempel/gnina_full_no_cnn_exh8_cpu24/_tmp_2BV7_dPPX/ligand.sdf --center_x 5.730 --center_y -7.172 --center_z 13.305 --size_x 27.235 --size_y 27.911 --size_z 18.323 --exhaustiveness 8 --num_modes 20 --cpu 24 --cnn_scoring none --scoring vina --addH 0 --log /lustre/isaac24/scratch/jstempel/gnina_full_no_cnn_exh8_cpu24/logs/2BV7.log --out /lustre/isaac24/scratch/jstempel/gnina_full_no_cnn_exh8_cpu24/flat/2BV7.pdbqt --seed 0 --device 0
Using random seed: 0

mode |  affinity  |  intramol  |    CNN     |   CNN
     | (kcal/mol) | (kcal/mol) | pose score | affinity
-----+------------+------------+------------+----------
    1       -8.86       -1.58      -1.0000      0.000
    2       -8.33       -2.35      -1.0000      0.000
    3       -8.24       -1.18      -1.0000      0.000
    4       -8.18       -2.45      -1.0000      0.000
    5       -8.17       -0.78      -1.0000      0.000
    6       -8.17       -1.62      -1.0000      0.000
    7       -8.16        0.21      -1.0000      0.000
    8       -8.11       -0.41      -1.0000      0.000
    9       -8.07       -1.90      -1.0000      0.000
   10       -8.00       -0.53      -1.0000      0.000
   11       -7.84       -2.69      -1.0000      0.000
   12       -7.81       -0.48      -1.0000      0.000
   13       -7.78       -1.66      -1.0000      0.000
   14       -7.69       -1.65      -1.0000      0.000
   15       -7.61        0.29      -1.0000      0.000
   16       -7.60       -1.64      -1.0000      0.000
   17       -7.53       -3.48      -1.0000      0.000
   18       -7.49       -0.87      -1.0000      0.000
   19       -7.43       -2.55      -1.0000      0.000
   20       -7.40       -2.32      -1.0000      0.000
1.0000      0.000
   14       -7.69       -1.65      -1.0000      0.000
   15       -7.61        0.29      -1.0000      0.000
   16       -7.60       -1.64      -1.0000      0.000
   17       -7.53       -3.48      -1.0000      0.000
   18       -7.49       -0.87      -1.0000      0.000
   19       -7.43       -2.55      -1.0000      0.000
   20       -7.40       -2.32      -1.0000      0.000
