              _             
             (_)            
   __ _ _ __  _ _ __   __ _ 
  / _` | '_ \| | '_ \ / _` |
 | (_| | | | | | | | | (_| |
  \__, |_| |_|_|_| |_|\__,_|
   __/ |                    
  |___/                     

gnina v1.3.1 master:5bd63bd   Built May 23 2025.
gnina is based on smina and AutoDock Vina.
Please cite appropriately.

Commandline: /usr/local/bin/gnina -r /nfs/home/jstempel/vina_inputs/prep/2DT8/receptor_no_ligand.pdb -l /lustre/isaac24/scratch/jstempel/gnina_full_no_cnn_exh8_cpu24/_tmp_2DT8_EL0d/ligand.sdf --center_x 14.743 --center_y 23.686 --center_z 13.062 --size_x 13.841 --size_y 18.601 --size_z 15.545 --exhaustiveness 8 --num_modes 20 --cpu 24 --cnn_scoring none --scoring vina --addH 0 --log /lustre/isaac24/scratch/jstempel/gnina_full_no_cnn_exh8_cpu24/logs/2DT8.log --out /lustre/isaac24/scratch/jstempel/gnina_full_no_cnn_exh8_cpu24/flat/2DT8.pdbqt --seed 0 --device 0
Using random seed: 0

mode |  affinity  |  intramol  |    CNN     |   CNN
     | (kcal/mol) | (kcal/mol) | pose score | affinity
-----+------------+------------+------------+----------
    1       -7.40       -0.70      -1.0000      0.000
    2       -7.40       -0.81      -1.0000      0.000
    3       -7.32       -0.64      -1.0000      0.000
    4       -7.11       -0.58      -1.0000      0.000
    5       -7.10       -0.43      -1.0000      0.000
    6       -6.68       -0.85      -1.0000      0.000
    7       -6.62       -1.09      -1.0000      0.000
    8       -6.33       -0.87      -1.0000      0.000
    9       -5.83       -0.46      -1.0000      0.000
   10       -5.57        0.65      -1.0000      0.000
   11       -5.38       -0.53      -1.0000      0.000
   12       -4.51       -0.62      -1.0000      0.000
   13       -4.34        0.28      -1.0000      0.000
   14       -4.26        0.31      -1.0000      0.000
   15       -3.62       -0.59      -1.0000      0.000
   16       -3.26       -0.11      -1.0000      0.000
   17       -3.13        1.84      -1.0000      0.000
   18       -3.11        0.36      -1.0000      0.000
   19       -2.94       -0.39      -1.0000      0.000
   20       -2.93       -0.86      -1.0000      0.000
  8       -6.33       -0.87      -1.0000      0.000
    9       -5.83       -0.46      -1.0000      0.000
   10       -5.57        0.65      -1.0000      0.000
   11       -5.38       -0.53      -1.0000      0.000
   12       -4.51       -0.62      -1.0000      0.000
   13       -4.34        0.28      -1.0000      0.000
   14       -4.26        0.31      -1.0000      0.000
   15       -3.62       -0.59      -1.0000      0.000
   16       -3.26       -0.11      -1.0000      0.000
   17       -3.13        1.84      -1.0000      0.000
   18       -3.11        0.36      -1.0000      0.000
   19       -2.94       -0.39      -1.0000      0.000
   20       -2.93       -0.86      -1.0000      0.000
