              _             
             (_)            
   __ _ _ __  _ _ __   __ _ 
  / _` | '_ \| | '_ \ / _` |
 | (_| | | | | | | | | (_| |
  \__, |_| |_|_|_| |_|\__,_|
   __/ |                    
  |___/                     

gnina v1.3.1 master:5bd63bd   Built May 23 2025.
gnina is based on smina and AutoDock Vina.
Please cite appropriately.

Commandline: /usr/local/bin/gnina -r /nfs/home/jstempel/vina_inputs/prep/2E3N/receptor_no_ligand.pdb -l /lustre/isaac24/scratch/jstempel/gnina_full_no_cnn_exh8_cpu24/_tmp_2E3N_Lz3V/ligand.sdf --center_x 6.802 --center_y 27.736 --center_z -7.259 --size_x 13.988 --size_y 13.148 --size_z 23.186 --exhaustiveness 8 --num_modes 20 --cpu 24 --cnn_scoring none --scoring vina --addH 0 --log /lustre/isaac24/scratch/jstempel/gnina_full_no_cnn_exh8_cpu24/logs/2E3N.log --out /lustre/isaac24/scratch/jstempel/gnina_full_no_cnn_exh8_cpu24/flat/2E3N.pdbqt --seed 0 --device 0
Using random seed: 0

mode |  affinity  |  intramol  |    CNN     |   CNN
     | (kcal/mol) | (kcal/mol) | pose score | affinity
-----+------------+------------+------------+----------
    1       -7.77       -0.56      -1.0000      0.000
    2       -7.72       -1.52      -1.0000      0.000
    3       -7.69       -1.70      -1.0000      0.000
    4       -7.65       -1.64      -1.0000      0.000
    5       -7.48       -0.67      -1.0000      0.000
    6       -7.48       -1.59      -1.0000      0.000
    7       -7.31       -0.87      -1.0000      0.000
    8       -7.30       -1.31      -1.0000      0.000
    9       -7.27       -1.63      -1.0000      0.000
   10       -7.26       -1.96      -1.0000      0.000
   11       -7.21       -1.48      -1.0000      0.000
   12       -7.20       -1.69      -1.0000      0.000
   13       -7.16       -1.38      -1.0000      0.000
   14       -7.10       -1.95      -1.0000      0.000
   15       -7.10       -1.55      -1.0000      0.000
   16       -7.04       -1.78      -1.0000      0.000
   17       -6.99       -2.21      -1.0000      0.000
   18       -6.98       -1.35      -1.0000      0.000
   19       -6.98       -1.97      -1.0000      0.000
   20       -6.95       -2.59      -1.0000      0.000
 18       -6.98       -1.35      -1.0000      0.000
   19       -6.98       -1.97      -1.0000      0.000
   20       -6.95       -2.59      -1.0000      0.000
