              _             
             (_)            
   __ _ _ __  _ _ __   __ _ 
  / _` | '_ \| | '_ \ / _` |
 | (_| | | | | | | | | (_| |
  \__, |_| |_|_|_| |_|\__,_|
   __/ |                    
  |___/                     

gnina v1.3.1 master:5bd63bd   Built May 23 2025.
gnina is based on smina and AutoDock Vina.
Please cite appropriately.

Commandline: /usr/local/bin/gnina -r /nfs/home/jstempel/vina_inputs/prep/2FTB/receptor_no_ligand.pdb -l /lustre/isaac24/scratch/jstempel/gnina_full_no_cnn_exh8_cpu24/_tmp_2FTB_t8bN/ligand.sdf --center_x 44.574 --center_y 15.974 --center_z -0.755 --size_x 15.780 --size_y 13.728 --size_z 14.388 --exhaustiveness 8 --num_modes 20 --cpu 24 --cnn_scoring none --scoring vina --addH 0 --log /lustre/isaac24/scratch/jstempel/gnina_full_no_cnn_exh8_cpu24/logs/2FTB.log --out /lustre/isaac24/scratch/jstempel/gnina_full_no_cnn_exh8_cpu24/flat/2FTB.pdbqt --seed 0 --device 0
Using random seed: 0

mode |  affinity  |  intramol  |    CNN     |   CNN
     | (kcal/mol) | (kcal/mol) | pose score | affinity
-----+------------+------------+------------+----------
    1       -6.18       -1.14      -1.0000      0.000
    2       -6.17       -1.11      -1.0000      0.000
    3       -6.14       -1.11      -1.0000      0.000
    4       -6.10       -0.38      -1.0000      0.000
    5       -5.85       -1.51      -1.0000      0.000
    6       -5.84       -1.68      -1.0000      0.000
    7       -5.83       -0.85      -1.0000      0.000
    8       -5.68       -1.18      -1.0000      0.000
    9       -5.61       -1.20      -1.0000      0.000
   10       -5.50       -1.60      -1.0000      0.000
   11       -5.41       -1.26      -1.0000      0.000
   12       -5.41       -1.59      -1.0000      0.000
   13       -5.40       -1.00      -1.0000      0.000
   14       -5.39       -1.53      -1.0000      0.000
   15       -5.32       -1.00      -1.0000      0.000
   16       -5.19       -0.85      -1.0000      0.000
   17       -5.17       -0.92      -1.0000      0.000
   18       -5.16       -0.79      -1.0000      0.000
   19       -5.15       -1.67      -1.0000      0.000
   20       -5.13       -0.87      -1.0000      0.000
 18       -5.16       -0.79      -1.0000      0.000
   19       -5.15       -1.67      -1.0000      0.000
   20       -5.13       -0.87      -1.0000      0.000
