              _             
             (_)            
   __ _ _ __  _ _ __   __ _ 
  / _` | '_ \| | '_ \ / _` |
 | (_| | | | | | | | | (_| |
  \__, |_| |_|_|_| |_|\__,_|
   __/ |                    
  |___/                     

gnina v1.3.1 master:5bd63bd   Built May 23 2025.
gnina is based on smina and AutoDock Vina.
Please cite appropriately.

Commandline: /usr/local/bin/gnina -r /nfs/home/jstempel/vina_inputs/prep/2HMB/receptor_no_ligand.pdb -l /lustre/isaac24/scratch/jstempel/gnina_full_no_cnn_exh8_cpu24/_tmp_2HMB_Cyqk/ligand.sdf --center_x 20.814 --center_y 35.100 --center_z 57.564 --size_x 12.341 --size_y 9.392 --size_z 14.913 --exhaustiveness 8 --num_modes 20 --cpu 24 --cnn_scoring none --scoring vina --addH 0 --log /lustre/isaac24/scratch/jstempel/gnina_full_no_cnn_exh8_cpu24/logs/2HMB.log --out /lustre/isaac24/scratch/jstempel/gnina_full_no_cnn_exh8_cpu24/flat/2HMB.pdbqt --seed 0 --device 0
Using random seed: 0

mode |  affinity  |  intramol  |    CNN     |   CNN
     | (kcal/mol) | (kcal/mol) | pose score | affinity
-----+------------+------------+------------+----------
    1       -5.61       -0.86      -1.0000      0.000
    2       -5.47       -0.86      -1.0000      0.000
    3       -5.43       -0.94      -1.0000      0.000
    4       -5.35       -0.98      -1.0000      0.000
    5       -5.35       -1.02      -1.0000      0.000
    6       -5.31       -0.91      -1.0000      0.000
    7       -5.24       -1.05      -1.0000      0.000
    8       -5.20       -0.85      -1.0000      0.000
    9       -5.15       -0.86      -1.0000      0.000
   10       -5.12       -1.52      -1.0000      0.000
   11       -5.09       -1.08      -1.0000      0.000
   12       -5.06       -1.59      -1.0000      0.000
   13       -5.03       -0.87      -1.0000      0.000
   14       -5.01       -1.60      -1.0000      0.000
   15       -5.00       -0.89      -1.0000      0.000
   16       -4.96       -1.09      -1.0000      0.000
   17       -4.86       -1.78      -1.0000      0.000
   18       -4.84       -1.00      -1.0000      0.000
   19       -4.82       -1.65      -1.0000      0.000
   20       -4.82       -1.06      -1.0000      0.000
 18       -4.84       -1.00      -1.0000      0.000
   19       -4.82       -1.65      -1.0000      0.000
   20       -4.82       -1.06      -1.0000      0.000
