              _             
             (_)            
   __ _ _ __  _ _ __   __ _ 
  / _` | '_ \| | '_ \ / _` |
 | (_| | | | | | | | | (_| |
  \__, |_| |_|_|_| |_|\__,_|
   __/ |                    
  |___/                     

gnina v1.3.1 master:5bd63bd   Built May 23 2025.
gnina is based on smina and AutoDock Vina.
Please cite appropriately.

Commandline: /usr/local/bin/gnina -r /nfs/home/jstempel/vina_inputs/prep/2IFB/receptor_no_ligand.pdb -l /lustre/isaac24/scratch/jstempel/gnina_full_no_cnn_exh8_cpu24/_tmp_2IFB_aCvC/ligand.sdf --center_x 22.512 --center_y 8.750 --center_z 11.825 --size_x 17.653 --size_y 14.945 --size_z 13.915 --exhaustiveness 8 --num_modes 20 --cpu 24 --cnn_scoring none --scoring vina --addH 0 --log /lustre/isaac24/scratch/jstempel/gnina_full_no_cnn_exh8_cpu24/logs/2IFB.log --out /lustre/isaac24/scratch/jstempel/gnina_full_no_cnn_exh8_cpu24/flat/2IFB.pdbqt --seed 0 --device 0
Using random seed: 0

mode |  affinity  |  intramol  |    CNN     |   CNN
     | (kcal/mol) | (kcal/mol) | pose score | affinity
-----+------------+------------+------------+----------
    1       -7.38       -0.40      -1.0000      0.000
    2       -7.30       -0.46      -1.0000      0.000
    3       -7.26       -0.92      -1.0000      0.000
    4       -7.21       -0.59      -1.0000      0.000
    5       -7.16       -0.31      -1.0000      0.000
    6       -6.95       -0.72      -1.0000      0.000
    7       -6.83       -0.79      -1.0000      0.000
    8       -6.77       -0.96      -1.0000      0.000
    9       -6.69       -1.03      -1.0000      0.000
   10       -6.64       -0.71      -1.0000      0.000
   11       -6.62       -0.64      -1.0000      0.000
   12       -6.56       -0.33      -1.0000      0.000
   13       -6.50       -0.27      -1.0000      0.000
   14       -6.44       -0.77      -1.0000      0.000
   15       -6.42       -1.52      -1.0000      0.000
   16       -6.41       -0.98      -1.0000      0.000
   17       -6.37       -0.77      -1.0000      0.000
   18       -6.36       -0.91      -1.0000      0.000
   19       -6.32       -1.20      -1.0000      0.000
   20       -6.31       -0.71      -1.0000      0.000
 18       -6.36       -0.91      -1.0000      0.000
   19       -6.32       -1.20      -1.0000      0.000
   20       -6.31       -0.71      -1.0000      0.000
