              _             
             (_)            
   __ _ _ __  _ _ __   __ _ 
  / _` | '_ \| | '_ \ / _` |
 | (_| | | | | | | | | (_| |
  \__, |_| |_|_|_| |_|\__,_|
   __/ |                    
  |___/                     

gnina v1.3.1 master:5bd63bd   Built May 23 2025.
gnina is based on smina and AutoDock Vina.
Please cite appropriately.

Commandline: /usr/local/bin/gnina -r /nfs/home/jstempel/vina_inputs/prep/2OVD/receptor_no_ligand.pdb -l /lustre/isaac24/scratch/jstempel/gnina_full_no_cnn_exh8_cpu24/_tmp_2OVD_jDts/ligand.sdf --center_x 23.861 --center_y 30.308 --center_z 23.914 --size_x 12.070 --size_y 8.501 --size_z 19.231 --exhaustiveness 8 --num_modes 20 --cpu 24 --cnn_scoring none --scoring vina --addH 0 --log /lustre/isaac24/scratch/jstempel/gnina_full_no_cnn_exh8_cpu24/logs/2OVD.log --out /lustre/isaac24/scratch/jstempel/gnina_full_no_cnn_exh8_cpu24/flat/2OVD.pdbqt --seed 0 --device 0
Using random seed: 0

mode |  affinity  |  intramol  |    CNN     |   CNN
     | (kcal/mol) | (kcal/mol) | pose score | affinity
-----+------------+------------+------------+----------
    1       -6.49       -0.86      -1.0000      0.000
    2       -6.38       -0.49      -1.0000      0.000
    3       -6.36       -0.59      -1.0000      0.000
    4       -6.22       -0.92      -1.0000      0.000
    5       -6.02       -0.53      -1.0000      0.000
    6       -5.98       -0.60      -1.0000      0.000
    7       -5.90       -0.28      -1.0000      0.000
    8       -5.83       -0.34      -1.0000      0.000
    9       -5.77       -0.10      -1.0000      0.000
   10       -5.65       -0.48      -1.0000      0.000
   11       -5.35       -0.37      -1.0000      0.000
   12       -5.27       -0.56      -1.0000      0.000
   13       -5.23       -0.32      -1.0000      0.000
   14       -5.15       -0.42      -1.0000      0.000
   15       -5.14       -0.45      -1.0000      0.000
   16       -5.11       -0.27      -1.0000      0.000
   17       -4.99       -0.47      -1.0000      0.000
   18       -4.76       -0.31      -1.0000      0.000
   19       -4.37       -0.13      -1.0000      0.000
   20       -4.35       -0.47      -1.0000      0.000
 18       -4.76       -0.31      -1.0000      0.000
   19       -4.37       -0.13      -1.0000      0.000
   20       -4.35       -0.47      -1.0000      0.000
