              _             
             (_)            
   __ _ _ __  _ _ __   __ _ 
  / _` | '_ \| | '_ \ / _` |
 | (_| | | | | | | | | (_| |
  \__, |_| |_|_|_| |_|\__,_|
   __/ |                    
  |___/                     

gnina v1.3.1 master:5bd63bd   Built May 23 2025.
gnina is based on smina and AutoDock Vina.
Please cite appropriately.

Commandline: /usr/local/bin/gnina -r /nfs/home/jstempel/vina_inputs/prep/2WC5/receptor_no_ligand.pdb -l /lustre/isaac24/scratch/jstempel/gnina_full_no_cnn_exh8_cpu24/_tmp_2WC5_h2ai/ligand.sdf --center_x 8.367 --center_y -2.710 --center_z 18.190 --size_x 16.714 --size_y 13.169 --size_z 13.284 --exhaustiveness 8 --num_modes 20 --cpu 24 --cnn_scoring none --scoring vina --addH 0 --log /lustre/isaac24/scratch/jstempel/gnina_full_no_cnn_exh8_cpu24/logs/2WC5.log --out /lustre/isaac24/scratch/jstempel/gnina_full_no_cnn_exh8_cpu24/flat/2WC5.pdbqt --seed 0 --device 0
Using random seed: 0

mode |  affinity  |  intramol  |    CNN     |   CNN
     | (kcal/mol) | (kcal/mol) | pose score | affinity
-----+------------+------------+------------+----------
    1       -7.64       -0.73      -1.0000      0.000
    2       -7.59       -0.43      -1.0000      0.000
    3       -7.31       -1.00      -1.0000      0.000
    4       -7.24       -0.42      -1.0000      0.000
    5       -7.14       -0.60      -1.0000      0.000
    6       -7.12       -0.35      -1.0000      0.000
    7       -6.94       -1.34      -1.0000      0.000
    8       -6.92       -0.86      -1.0000      0.000
    9       -6.86       -1.05      -1.0000      0.000
   10       -6.78       -1.24      -1.0000      0.000
   11       -6.76       -0.76      -1.0000      0.000
   12       -6.75       -0.97      -1.0000      0.000
   13       -6.68       -0.58      -1.0000      0.000
   14       -6.68       -1.00      -1.0000      0.000
   15       -6.66       -0.79      -1.0000      0.000
   16       -6.65       -1.36      -1.0000      0.000
   17       -6.65       -0.81      -1.0000      0.000
   18       -6.65       -0.98      -1.0000      0.000
   19       -6.63       -0.31      -1.0000      0.000
   20       -6.62       -0.77      -1.0000      0.000
 18       -6.65       -0.98      -1.0000      0.000
   19       -6.63       -0.31      -1.0000      0.000
   20       -6.62       -0.77      -1.0000      0.000
