              _             
             (_)            
   __ _ _ __  _ _ __   __ _ 
  / _` | '_ \| | '_ \ / _` |
 | (_| | | | | | | | | (_| |
  \__, |_| |_|_|_| |_|\__,_|
   __/ |                    
  |___/                     

gnina v1.3.1 master:5bd63bd   Built May 23 2025.
gnina is based on smina and AutoDock Vina.
Please cite appropriately.

Commandline: /usr/local/bin/gnina -r /nfs/home/jstempel/vina_inputs/prep/2WEW/receptor_no_ligand.pdb -l /lustre/isaac24/scratch/jstempel/gnina_full_no_cnn_exh8_cpu24/_tmp_2WEW_EUqh/ligand.sdf --center_x 7.688 --center_y 2.477 --center_z 25.227 --size_x 10.780 --size_y 19.924 --size_z 10.800 --exhaustiveness 8 --num_modes 20 --cpu 24 --cnn_scoring none --scoring vina --addH 0 --log /lustre/isaac24/scratch/jstempel/gnina_full_no_cnn_exh8_cpu24/logs/2WEW.log --out /lustre/isaac24/scratch/jstempel/gnina_full_no_cnn_exh8_cpu24/flat/2WEW.pdbqt --seed 0 --device 0
Using random seed: 0

mode |  affinity  |  intramol  |    CNN     |   CNN
     | (kcal/mol) | (kcal/mol) | pose score | affinity
-----+------------+------------+------------+----------
    1       -7.24       -0.69      -1.0000      0.000
    2       -7.18       -0.71      -1.0000      0.000
    3       -7.04       -0.58      -1.0000      0.000
    4       -6.90       -0.63      -1.0000      0.000
    5       -6.83       -0.63      -1.0000      0.000
    6       -6.75       -0.60      -1.0000      0.000
    7       -6.63       -0.44      -1.0000      0.000
    8       -6.59       -1.13      -1.0000      0.000
    9       -6.56       -0.73      -1.0000      0.000
   10       -6.55       -0.54      -1.0000      0.000
   11       -6.47       -0.55      -1.0000      0.000
   12       -6.45       -0.54      -1.0000      0.000
   13       -6.45       -0.82      -1.0000      0.000
   14       -6.44       -0.66      -1.0000      0.000
   15       -6.21       -0.97      -1.0000      0.000
   16       -6.16       -0.48      -1.0000      0.000
   17       -6.07       -0.62      -1.0000      0.000
   18       -5.73       -0.62      -1.0000      0.000
   19       -5.30       -0.72      -1.0000      0.000
   20       -5.29       -0.90      -1.0000      0.000
 18       -5.73       -0.62      -1.0000      0.000
   19       -5.30       -0.72      -1.0000      0.000
   20       -5.29       -0.90      -1.0000      0.000
