              _             
             (_)            
   __ _ _ __  _ _ __   __ _ 
  / _` | '_ \| | '_ \ / _` |
 | (_| | | | | | | | | (_| |
  \__, |_| |_|_|_| |_|\__,_|
   __/ |                    
  |___/                     

gnina v1.3.1 master:5bd63bd   Built May 23 2025.
gnina is based on smina and AutoDock Vina.
Please cite appropriately.

Commandline: /usr/local/bin/gnina -r /nfs/home/jstempel/vina_inputs/prep/2WR6/receptor_no_ligand.pdb -l /lustre/isaac24/scratch/jstempel/gnina_full_no_cnn_exh8_cpu24/_tmp_2WR6_vdJx/ligand.sdf --center_x -15.243 --center_y -9.517 --center_z -0.259 --size_x 12.076 --size_y 17.390 --size_z 10.416 --exhaustiveness 8 --num_modes 20 --cpu 24 --cnn_scoring none --scoring vina --addH 0 --log /lustre/isaac24/scratch/jstempel/gnina_full_no_cnn_exh8_cpu24/logs/2WR6.log --out /lustre/isaac24/scratch/jstempel/gnina_full_no_cnn_exh8_cpu24/flat/2WR6.pdbqt --seed 0 --device 0
Using random seed: 0

mode |  affinity  |  intramol  |    CNN     |   CNN
     | (kcal/mol) | (kcal/mol) | pose score | affinity
-----+------------+------------+------------+----------
    1       -7.82       -1.44      -1.0000      0.000
    2       -7.67       -2.22      -1.0000      0.000
    3       -7.60       -1.30      -1.0000      0.000
    4       -7.55       -0.91      -1.0000      0.000
    5       -7.39       -0.74      -1.0000      0.000
    6       -7.38       -1.74      -1.0000      0.000
    7       -7.30       -1.44      -1.0000      0.000
    8       -7.24       -0.69      -1.0000      0.000
    9       -7.14       -1.52      -1.0000      0.000
   10       -7.14       -1.57      -1.0000      0.000
   11       -7.11       -1.63      -1.0000      0.000
   12       -6.96       -1.55      -1.0000      0.000
   13       -6.94       -1.76      -1.0000      0.000
   14       -6.88       -1.53      -1.0000      0.000
   15       -6.80       -1.35      -1.0000      0.000
   16       -6.75       -1.44      -1.0000      0.000
   17       -6.75        0.06      -1.0000      0.000
   18       -6.70       -1.03      -1.0000      0.000
   19       -6.60       -1.02      -1.0000      0.000
   20       -6.57       -1.38      -1.0000      0.000
 18       -6.70       -1.03      -1.0000      0.000
   19       -6.60       -1.02      -1.0000      0.000
   20       -6.57       -1.38      -1.0000      0.000
