              _             
             (_)            
   __ _ _ __  _ _ __   __ _ 
  / _` | '_ \| | '_ \ / _` |
 | (_| | | | | | | | | (_| |
  \__, |_| |_|_|_| |_|\__,_|
   __/ |                    
  |___/                     

gnina v1.3.1 master:5bd63bd   Built May 23 2025.
gnina is based on smina and AutoDock Vina.
Please cite appropriately.

Commandline: /usr/local/bin/gnina -r /nfs/home/jstempel/vina_inputs/prep/2WUT/receptor_no_ligand.pdb -l /lustre/isaac24/scratch/jstempel/gnina_full_no_cnn_exh8_cpu24/_tmp_2WUT_oZly/ligand.sdf --center_x 27.326 --center_y 2.061 --center_z 21.142 --size_x 13.075 --size_y 12.612 --size_z 15.226 --exhaustiveness 8 --num_modes 20 --cpu 24 --cnn_scoring none --scoring vina --addH 0 --log /lustre/isaac24/scratch/jstempel/gnina_full_no_cnn_exh8_cpu24/logs/2WUT.log --out /lustre/isaac24/scratch/jstempel/gnina_full_no_cnn_exh8_cpu24/flat/2WUT.pdbqt --seed 0 --device 0
Using random seed: 0

mode |  affinity  |  intramol  |    CNN     |   CNN
     | (kcal/mol) | (kcal/mol) | pose score | affinity
-----+------------+------------+------------+----------
    1       -6.07       -1.13      -1.0000      0.000
    2       -5.95       -0.98      -1.0000      0.000
    3       -5.93       -0.68      -1.0000      0.000
    4       -5.86       -1.26      -1.0000      0.000
    5       -5.84       -0.92      -1.0000      0.000
    6       -5.74       -0.89      -1.0000      0.000
    7       -5.74       -1.15      -1.0000      0.000
    8       -5.69       -0.98      -1.0000      0.000
    9       -5.67       -1.21      -1.0000      0.000
   10       -5.64       -1.25      -1.0000      0.000
   11       -5.63       -1.26      -1.0000      0.000
   12       -5.61       -0.71      -1.0000      0.000
   13       -5.56       -0.68      -1.0000      0.000
   14       -5.55       -1.04      -1.0000      0.000
   15       -5.53       -1.45      -1.0000      0.000
   16       -5.50       -0.93      -1.0000      0.000
   17       -5.48       -0.85      -1.0000      0.000
   18       -5.47       -0.91      -1.0000      0.000
   19       -5.44       -1.26      -1.0000      0.000
   20       -5.41       -1.08      -1.0000      0.000
 18       -5.47       -0.91      -1.0000      0.000
   19       -5.44       -1.26      -1.0000      0.000
   20       -5.41       -1.08      -1.0000      0.000
