              _             
             (_)            
   __ _ _ __  _ _ __   __ _ 
  / _` | '_ \| | '_ \ / _` |
 | (_| | | | | | | | | (_| |
  \__, |_| |_|_|_| |_|\__,_|
   __/ |                    
  |___/                     

gnina v1.3.1 master:5bd63bd   Built May 23 2025.
gnina is based on smina and AutoDock Vina.
Please cite appropriately.

Commandline: /usr/local/bin/gnina -r /nfs/home/jstempel/vina_inputs/prep/2Z9Z/receptor_no_ligand.pdb -l /lustre/isaac24/scratch/jstempel/gnina_full_no_cnn_exh8_cpu24/_tmp_2Z9Z_KrFT/ligand.sdf --center_x 0.904 --center_y 0.534 --center_z 19.897 --size_x 12.478 --size_y 12.315 --size_z 20.119 --exhaustiveness 8 --num_modes 20 --cpu 24 --cnn_scoring none --scoring vina --addH 0 --log /lustre/isaac24/scratch/jstempel/gnina_full_no_cnn_exh8_cpu24/logs/2Z9Z.log --out /lustre/isaac24/scratch/jstempel/gnina_full_no_cnn_exh8_cpu24/flat/2Z9Z.pdbqt --seed 0 --device 0
Using random seed: 0

mode |  affinity  |  intramol  |    CNN     |   CNN
     | (kcal/mol) | (kcal/mol) | pose score | affinity
-----+------------+------------+------------+----------
    1       -7.23       -1.52      -1.0000      0.000
    2       -7.17       -2.52      -1.0000      0.000
    3       -7.15       -1.70      -1.0000      0.000
    4       -7.15       -1.85      -1.0000      0.000
    5       -7.14       -1.26      -1.0000      0.000
    6       -7.07       -1.66      -1.0000      0.000
    7       -7.05       -1.72      -1.0000      0.000
    8       -7.04       -1.74      -1.0000      0.000
    9       -7.02       -1.52      -1.0000      0.000
   10       -7.02       -1.34      -1.0000      0.000
   11       -6.97       -1.20      -1.0000      0.000
   12       -6.96       -2.37      -1.0000      0.000
   13       -6.89       -1.13      -1.0000      0.000
   14       -6.88       -1.68      -1.0000      0.000
   15       -6.88       -1.59      -1.0000      0.000
   16       -6.88       -1.42      -1.0000      0.000
   17       -6.88       -1.71      -1.0000      0.000
   18       -6.87       -2.23      -1.0000      0.000
   19       -6.86       -1.86      -1.0000      0.000
   20       -6.84       -2.14      -1.0000      0.000
 18       -6.87       -2.23      -1.0000      0.000
   19       -6.86       -1.86      -1.0000      0.000
   20       -6.84       -2.14      -1.0000      0.000
