              _             
             (_)            
   __ _ _ __  _ _ __   __ _ 
  / _` | '_ \| | '_ \ / _` |
 | (_| | | | | | | | | (_| |
  \__, |_| |_|_|_| |_|\__,_|
   __/ |                    
  |___/                     

gnina v1.3.1 master:5bd63bd   Built May 23 2025.
gnina is based on smina and AutoDock Vina.
Please cite appropriately.

Commandline: /usr/local/bin/gnina -r /nfs/home/jstempel/vina_inputs/prep/3AKN/receptor_no_ligand.pdb -l /lustre/isaac24/scratch/jstempel/gnina_full_no_cnn_exh8_cpu24/_tmp_3AKN_pnNM/ligand.sdf --center_x 20.299 --center_y -17.586 --center_z 5.715 --size_x 18.156 --size_y 11.655 --size_z 19.944 --exhaustiveness 8 --num_modes 20 --cpu 24 --cnn_scoring none --scoring vina --addH 0 --log /lustre/isaac24/scratch/jstempel/gnina_full_no_cnn_exh8_cpu24/logs/3AKN.log --out /lustre/isaac24/scratch/jstempel/gnina_full_no_cnn_exh8_cpu24/flat/3AKN.pdbqt --seed 0 --device 0
Using random seed: 0

mode |  affinity  |  intramol  |    CNN     |   CNN
     | (kcal/mol) | (kcal/mol) | pose score | affinity
-----+------------+------------+------------+----------
    1      -10.07        1.15      -1.0000      0.000
    2       -9.33       -0.93      -1.0000      0.000
    3       -9.26       -0.82      -1.0000      0.000
    4       -9.06       -0.32      -1.0000      0.000
    5       -8.96       -0.93      -1.0000      0.000
    6       -8.89       -0.32      -1.0000      0.000
    7       -8.79       -0.99      -1.0000      0.000
    8       -8.74       -0.11      -1.0000      0.000
    9       -8.69       -0.01      -1.0000      0.000
   10       -8.67       -0.44      -1.0000      0.000
   11       -8.67        0.02      -1.0000      0.000
   12       -8.65       -0.10      -1.0000      0.000
   13       -8.65       -0.58      -1.0000      0.000
   14       -8.63       -0.78      -1.0000      0.000
   15       -8.58       -0.45      -1.0000      0.000
   16       -8.56       -1.31      -1.0000      0.000
   17       -8.45        0.40      -1.0000      0.000
   18       -8.42       -0.83      -1.0000      0.000
   19       -8.35       -1.07      -1.0000      0.000
   20       -8.35       -0.47      -1.0000      0.000
 18       -8.42       -0.83      -1.0000      0.000
   19       -8.35       -1.07      -1.0000      0.000
   20       -8.35       -0.47      -1.0000      0.000
