              _             
             (_)            
   __ _ _ __  _ _ __   __ _ 
  / _` | '_ \| | '_ \ / _` |
 | (_| | | | | | | | | (_| |
  \__, |_| |_|_|_| |_|\__,_|
   __/ |                    
  |___/                     

gnina v1.3.1 master:5bd63bd   Built May 23 2025.
gnina is based on smina and AutoDock Vina.
Please cite appropriately.

Commandline: /usr/local/bin/gnina -r /nfs/home/jstempel/vina_inputs/prep/3BFH/receptor_no_ligand.pdb -l /lustre/isaac24/scratch/jstempel/gnina_full_no_cnn_exh8_cpu24/_tmp_3BFH_d4FU/ligand.sdf --center_x 16.062 --center_y 12.393 --center_z -1.025 --size_x 19.222 --size_y 12.197 --size_z 13.734 --exhaustiveness 8 --num_modes 20 --cpu 24 --cnn_scoring none --scoring vina --addH 0 --log /lustre/isaac24/scratch/jstempel/gnina_full_no_cnn_exh8_cpu24/logs/3BFH.log --out /lustre/isaac24/scratch/jstempel/gnina_full_no_cnn_exh8_cpu24/flat/3BFH.pdbqt --seed 0 --device 0
Using random seed: 0

mode |  affinity  |  intramol  |    CNN     |   CNN
     | (kcal/mol) | (kcal/mol) | pose score | affinity
-----+------------+------------+------------+----------
    1       -6.25       -0.55      -1.0000      0.000
    2       -6.22       -0.66      -1.0000      0.000
    3       -6.10       -0.69      -1.0000      0.000
    4       -6.09       -0.35      -1.0000      0.000
    5       -6.07       -0.65      -1.0000      0.000
    6       -6.05       -1.03      -1.0000      0.000
    7       -5.87       -0.66      -1.0000      0.000
    8       -5.85       -0.64      -1.0000      0.000
    9       -5.75       -0.85      -1.0000      0.000
   10       -5.70       -0.73      -1.0000      0.000
   11       -5.66       -1.01      -1.0000      0.000
   12       -5.63       -0.89      -1.0000      0.000
   13       -5.63       -1.31      -1.0000      0.000
   14       -5.60       -1.71      -1.0000      0.000
   15       -5.58       -1.33      -1.0000      0.000
   16       -5.54       -0.83      -1.0000      0.000
   17       -5.51       -1.46      -1.0000      0.000
   18       -5.50       -0.79      -1.0000      0.000
   19       -5.49       -0.99      -1.0000      0.000
   20       -5.46       -0.97      -1.0000      0.000
 18       -5.50       -0.79      -1.0000      0.000
   19       -5.49       -0.99      -1.0000      0.000
   20       -5.46       -0.97      -1.0000      0.000
