              _             
             (_)            
   __ _ _ __  _ _ __   __ _ 
  / _` | '_ \| | '_ \ / _` |
 | (_| | | | | | | | | (_| |
  \__, |_| |_|_|_| |_|\__,_|
   __/ |                    
  |___/                     

gnina v1.3.1 master:5bd63bd   Built May 23 2025.
gnina is based on smina and AutoDock Vina.
Please cite appropriately.

Commandline: /usr/local/bin/gnina -r /nfs/home/jstempel/vina_inputs/prep/3BKS/receptor_no_ligand.pdb -l /lustre/isaac24/scratch/jstempel/gnina_full_no_cnn_exh8_cpu24/_tmp_3BKS_iDjB/ligand.sdf --center_x 32.006 --center_y 13.507 --center_z -5.130 --size_x 16.142 --size_y 11.736 --size_z 17.684 --exhaustiveness 8 --num_modes 20 --cpu 24 --cnn_scoring none --scoring vina --addH 0 --log /lustre/isaac24/scratch/jstempel/gnina_full_no_cnn_exh8_cpu24/logs/3BKS.log --out /lustre/isaac24/scratch/jstempel/gnina_full_no_cnn_exh8_cpu24/flat/3BKS.pdbqt --seed 0 --device 0
Using random seed: 0

mode |  affinity  |  intramol  |    CNN     |   CNN
     | (kcal/mol) | (kcal/mol) | pose score | affinity
-----+------------+------------+------------+----------
    1       -7.02       -1.40      -1.0000      0.000
    2       -7.01       -0.94      -1.0000      0.000
    3       -6.99       -1.17      -1.0000      0.000
    4       -6.94       -1.23      -1.0000      0.000
    5       -6.89       -1.26      -1.0000      0.000
    6       -6.87       -1.50      -1.0000      0.000
    7       -6.86       -1.11      -1.0000      0.000
    8       -6.60       -1.07      -1.0000      0.000
    9       -6.59        0.09      -1.0000      0.000
   10       -6.56       -0.61      -1.0000      0.000
   11       -6.39       -0.60      -1.0000      0.000
   12       -6.18       -0.66      -1.0000      0.000
   13       -5.99       -0.38      -1.0000      0.000
   14       -5.91       -0.86      -1.0000      0.000
   15       -5.90       -1.06      -1.0000      0.000
   16       -5.87       -1.22      -1.0000      0.000
   17       -5.78       -0.95      -1.0000      0.000
   18       -5.71       -0.83      -1.0000      0.000
   19       -5.61       -0.96      -1.0000      0.000
   20       -5.61       -1.14      -1.0000      0.000
 18       -5.71       -0.83      -1.0000      0.000
   19       -5.61       -0.96      -1.0000      0.000
   20       -5.61       -1.14      -1.0000      0.000
