              _             
             (_)            
   __ _ _ __  _ _ __   __ _ 
  / _` | '_ \| | '_ \ / _` |
 | (_| | | | | | | | | (_| |
  \__, |_| |_|_|_| |_|\__,_|
   __/ |                    
  |___/                     

gnina v1.3.1 master:5bd63bd   Built May 23 2025.
gnina is based on smina and AutoDock Vina.
Please cite appropriately.

Commandline: /usr/local/bin/gnina -r /nfs/home/jstempel/vina_inputs/prep/3GPE/receptor_no_ligand.pdb -l /lustre/isaac24/scratch/jstempel/gnina_full_no_cnn_exh8_cpu24/_tmp_3GPE_BIge/ligand.sdf --center_x 32.337 --center_y -22.594 --center_z 18.477 --size_x 13.306 --size_y 11.168 --size_z 12.506 --exhaustiveness 8 --num_modes 20 --cpu 24 --cnn_scoring none --scoring vina --addH 0 --log /lustre/isaac24/scratch/jstempel/gnina_full_no_cnn_exh8_cpu24/logs/3GPE.log --out /lustre/isaac24/scratch/jstempel/gnina_full_no_cnn_exh8_cpu24/flat/3GPE.pdbqt --seed 0 --device 0
Using random seed: 0

mode |  affinity  |  intramol  |    CNN     |   CNN
     | (kcal/mol) | (kcal/mol) | pose score | affinity
-----+------------+------------+------------+----------
    1       -5.16       -1.00      -1.0000      0.000
    2       -5.13        0.42      -1.0000      0.000
    3       -5.07        0.39      -1.0000      0.000
    4       -5.05        0.42      -1.0000      0.000
    5       -5.03        0.04      -1.0000      0.000
    6       -4.99       -1.12      -1.0000      0.000
    7       -4.94        0.03      -1.0000      0.000
    8       -4.93       -1.17      -1.0000      0.000
    9       -4.91       -0.70      -1.0000      0.000
   10       -4.87        0.27      -1.0000      0.000
   11       -4.82       -0.60      -1.0000      0.000
   12       -4.82        0.60      -1.0000      0.000
   13       -4.76       -0.85      -1.0000      0.000
   14       -4.72       -0.90      -1.0000      0.000
   15       -4.71       -1.16      -1.0000      0.000
   16       -4.66        0.47      -1.0000      0.000
   17       -4.64       -1.27      -1.0000      0.000
   18       -4.62       -1.10      -1.0000      0.000
   19       -4.62       -1.19      -1.0000      0.000
   20       -4.62       -1.22      -1.0000      0.000
 18       -4.62       -1.10      -1.0000      0.000
   19       -4.62       -1.19      -1.0000      0.000
   20       -4.62       -1.22      -1.0000      0.000
