              _             
             (_)            
   __ _ _ __  _ _ __   __ _ 
  / _` | '_ \| | '_ \ / _` |
 | (_| | | | | | | | | (_| |
  \__, |_| |_|_|_| |_|\__,_|
   __/ |                    
  |___/                     

gnina v1.3.1 master:5bd63bd   Built May 23 2025.
gnina is based on smina and AutoDock Vina.
Please cite appropriately.

Commandline: /usr/local/bin/gnina -r /nfs/home/jstempel/vina_inputs/prep/3KYQ/receptor_no_ligand.pdb -l /lustre/isaac24/scratch/jstempel/gnina_full_no_cnn_exh8_cpu24/_tmp_3KYQ_Tcxy/ligand.sdf --center_x 2.354 --center_y 14.951 --center_z 11.050 --size_x 19.076 --size_y 13.882 --size_z 10.882 --exhaustiveness 8 --num_modes 20 --cpu 24 --cnn_scoring none --scoring vina --addH 0 --log /lustre/isaac24/scratch/jstempel/gnina_full_no_cnn_exh8_cpu24/logs/3KYQ.log --out /lustre/isaac24/scratch/jstempel/gnina_full_no_cnn_exh8_cpu24/flat/3KYQ.pdbqt --seed 0 --device 0
Using random seed: 0

mode |  affinity  |  intramol  |    CNN     |   CNN
     | (kcal/mol) | (kcal/mol) | pose score | affinity
-----+------------+------------+------------+----------
    1       -6.21       -0.61      -1.0000      0.000
    2       -6.10       -0.56      -1.0000      0.000
    3       -5.98       -0.63      -1.0000      0.000
    4       -5.96       -1.18      -1.0000      0.000
    5       -5.94       -1.04      -1.0000      0.000
    6       -5.65       -0.81      -1.0000      0.000
    7       -5.62       -0.68      -1.0000      0.000
    8       -5.55       -0.90      -1.0000      0.000
    9       -5.44       -0.99      -1.0000      0.000
   10       -5.37       -0.73      -1.0000      0.000
   11       -5.34       -1.33      -1.0000      0.000
   12       -5.34       -1.00      -1.0000      0.000
   13       -5.30       -0.97      -1.0000      0.000
   14       -5.30       -0.76      -1.0000      0.000
   15       -5.28       -0.63      -1.0000      0.000
   16       -5.27       -0.92      -1.0000      0.000
   17       -5.26       -1.27      -1.0000      0.000
   18       -5.24       -1.38      -1.0000      0.000
   19       -5.16       -1.17      -1.0000      0.000
   20       -5.15       -0.74      -1.0000      0.000
 18       -5.24       -1.38      -1.0000      0.000
   19       -5.16       -1.17      -1.0000      0.000
   20       -5.15       -0.74      -1.0000      0.000
