              _             
             (_)            
   __ _ _ __  _ _ __   __ _ 
  / _` | '_ \| | '_ \ / _` |
 | (_| | | | | | | | | (_| |
  \__, |_| |_|_|_| |_|\__,_|
   __/ |                    
  |___/                     

gnina v1.3.1 master:5bd63bd   Built May 23 2025.
gnina is based on smina and AutoDock Vina.
Please cite appropriately.

Commandline: /usr/local/bin/gnina -r /nfs/home/jstempel/vina_inputs/prep/3LUP/receptor_no_ligand.pdb -l /lustre/isaac24/scratch/jstempel/gnina_full_no_cnn_exh8_cpu24/_tmp_3LUP_c6uD/ligand.sdf --center_x 2.321 --center_y 44.895 --center_z 32.528 --size_x 11.845 --size_y 24.074 --size_z 12.865 --exhaustiveness 8 --num_modes 20 --cpu 24 --cnn_scoring none --scoring vina --addH 0 --log /lustre/isaac24/scratch/jstempel/gnina_full_no_cnn_exh8_cpu24/logs/3LUP.log --out /lustre/isaac24/scratch/jstempel/gnina_full_no_cnn_exh8_cpu24/flat/3LUP.pdbqt --seed 0 --device 0
Using random seed: 0

mode |  affinity  |  intramol  |    CNN     |   CNN
     | (kcal/mol) | (kcal/mol) | pose score | affinity
-----+------------+------------+------------+----------
    1       -7.49       -0.76      -1.0000      0.000
    2       -7.45       -0.73      -1.0000      0.000
    3       -7.18       -0.95      -1.0000      0.000
    4       -7.07       -0.73      -1.0000      0.000
    5       -6.72       -0.77      -1.0000      0.000
    6       -6.70       -0.45      -1.0000      0.000
    7       -4.89       -0.91      -1.0000      0.000
    8       -4.64        0.00      -1.0000      0.000
    9       -3.74       -0.24      -1.0000      0.000
   10       -3.64       -0.93      -1.0000      0.000
   11       -3.53       -0.95      -1.0000      0.000
   12       -3.34       -1.36      -1.0000      0.000
   13       -3.31       -1.26      -1.0000      0.000
   14       -3.25       -1.77      -1.0000      0.000
   15       -3.24       -1.20      -1.0000      0.000
   16       -3.03       -1.54      -1.0000      0.000
   17       -2.71       -0.96      -1.0000      0.000
   18       -2.68       -1.13      -1.0000      0.000
   19       -2.55       -1.57      -1.0000      0.000
   20       -2.37       -1.66      -1.0000      0.000
 18       -2.68       -1.13      -1.0000      0.000
   19       -2.55       -1.57      -1.0000      0.000
   20       -2.37       -1.66      -1.0000      0.000
