              _             
             (_)            
   __ _ _ __  _ _ __   __ _ 
  / _` | '_ \| | '_ \ / _` |
 | (_| | | | | | | | | (_| |
  \__, |_| |_|_|_| |_|\__,_|
   __/ |                    
  |___/                     

gnina v1.3.1 master:5bd63bd   Built May 23 2025.
gnina is based on smina and AutoDock Vina.
Please cite appropriately.

Commandline: /usr/local/bin/gnina -r /nfs/home/jstempel/vina_inputs/prep/3PEG/receptor_no_ligand.pdb -l /lustre/isaac24/scratch/jstempel/gnina_full_no_cnn_exh8_cpu24/_tmp_3PEG_svnr/ligand.sdf --center_x 82.750 --center_y -9.742 --center_z 28.877 --size_x 25.149 --size_y 16.394 --size_z 16.403 --exhaustiveness 8 --num_modes 20 --cpu 24 --cnn_scoring none --scoring vina --addH 0 --log /lustre/isaac24/scratch/jstempel/gnina_full_no_cnn_exh8_cpu24/logs/3PEG.log --out /lustre/isaac24/scratch/jstempel/gnina_full_no_cnn_exh8_cpu24/flat/3PEG.pdbqt --seed 0 --device 0
Using random seed: 0

mode |  affinity  |  intramol  |    CNN     |   CNN
     | (kcal/mol) | (kcal/mol) | pose score | affinity
-----+------------+------------+------------+----------
    1       -7.46       -4.64      -1.0000      0.000
    2       -7.45       -3.52      -1.0000      0.000
    3       -7.35       -3.71      -1.0000      0.000
    4       -7.34       -4.50      -1.0000      0.000
    5       -7.34       -4.52      -1.0000      0.000
    6       -7.32       -4.39      -1.0000      0.000
    7       -7.27       -4.17      -1.0000      0.000
    8       -7.27       -3.53      -1.0000      0.000
    9       -7.27       -4.02      -1.0000      0.000
   10       -7.26       -3.47      -1.0000      0.000
   11       -7.26       -5.74      -1.0000      0.000
   12       -7.23       -4.34      -1.0000      0.000
   13       -7.21       -5.01      -1.0000      0.000
   14       -7.16       -4.80      -1.0000      0.000
   15       -7.14       -4.48      -1.0000      0.000
   16       -7.14       -5.01      -1.0000      0.000
   17       -7.12       -3.94      -1.0000      0.000
   18       -7.11       -3.21      -1.0000      0.000
   19       -7.10       -3.56      -1.0000      0.000
   20       -7.10       -3.15      -1.0000      0.000
 18       -7.11       -3.21      -1.0000      0.000
   19       -7.10       -3.56      -1.0000      0.000
   20       -7.10       -3.15      -1.0000      0.000
