              _             
             (_)            
   __ _ _ __  _ _ __   __ _ 
  / _` | '_ \| | '_ \ / _` |
 | (_| | | | | | | | | (_| |
  \__, |_| |_|_|_| |_|\__,_|
   __/ |                    
  |___/                     

gnina v1.3.1 master:5bd63bd   Built May 23 2025.
gnina is based on smina and AutoDock Vina.
Please cite appropriately.

Commandline: /usr/local/bin/gnina -r /nfs/home/jstempel/vina_inputs/prep/3PL5/receptor_no_ligand.pdb -l /lustre/isaac24/scratch/jstempel/gnina_full_no_cnn_exh8_cpu24/_tmp_3PL5_pq2Q/ligand.sdf --center_x -6.962 --center_y 9.869 --center_z -7.301 --size_x 17.524 --size_y 13.528 --size_z 16.147 --exhaustiveness 8 --num_modes 20 --cpu 24 --cnn_scoring none --scoring vina --addH 0 --log /lustre/isaac24/scratch/jstempel/gnina_full_no_cnn_exh8_cpu24/logs/3PL5.log --out /lustre/isaac24/scratch/jstempel/gnina_full_no_cnn_exh8_cpu24/flat/3PL5.pdbqt --seed 0 --device 0
Using random seed: 0

mode |  affinity  |  intramol  |    CNN     |   CNN
     | (kcal/mol) | (kcal/mol) | pose score | affinity
-----+------------+------------+------------+----------
    1       -7.69       -0.88      -1.0000      0.000
    2       -7.65       -0.80      -1.0000      0.000
    3       -7.32       -0.66      -1.0000      0.000
    4       -7.19       -0.98      -1.0000      0.000
    5       -7.00       -0.83      -1.0000      0.000
    6       -6.97       -0.70      -1.0000      0.000
    7       -6.51       -0.95      -1.0000      0.000
    8       -6.32        0.21      -1.0000      0.000
    9       -5.47       -0.73      -1.0000      0.000
   10       -5.44       -0.61      -1.0000      0.000
   11       -5.05       -0.84      -1.0000      0.000
   12       -4.96        0.06      -1.0000      0.000
   13       -4.47       -0.42      -1.0000      0.000
   14       -4.11       -0.85      -1.0000      0.000
   15       -3.73        0.83      -1.0000      0.000
   16       -3.54       -0.56      -1.0000      0.000
   17       -3.46       -0.59      -1.0000      0.000
   18       -2.76        0.56      -1.0000      0.000
   19       -2.66        2.83      -1.0000      0.000
   20       -2.27        0.53      -1.0000      0.000
 18       -2.76        0.56      -1.0000      0.000
   19       -2.66        2.83      -1.0000      0.000
   20       -2.27        0.53      -1.0000      0.000
