              _             
             (_)            
   __ _ _ __  _ _ __   __ _ 
  / _` | '_ \| | '_ \ / _` |
 | (_| | | | | | | | | (_| |
  \__, |_| |_|_|_| |_|\__,_|
   __/ |                    
  |___/                     

gnina v1.3.1 master:5bd63bd   Built May 23 2025.
gnina is based on smina and AutoDock Vina.
Please cite appropriately.

Commandline: /usr/local/bin/gnina -r /nfs/home/jstempel/vina_inputs/prep/3PPT/receptor_no_ligand.pdb -l /lustre/isaac24/scratch/jstempel/gnina_full_no_cnn_exh8_cpu24/_tmp_3PPT_saWV/ligand.sdf --center_x 11.748 --center_y 50.684 --center_z 4.125 --size_x 13.529 --size_y 12.883 --size_z 10.537 --exhaustiveness 8 --num_modes 20 --cpu 24 --cnn_scoring none --scoring vina --addH 0 --log /lustre/isaac24/scratch/jstempel/gnina_full_no_cnn_exh8_cpu24/logs/3PPT.log --out /lustre/isaac24/scratch/jstempel/gnina_full_no_cnn_exh8_cpu24/flat/3PPT.pdbqt --seed 0 --device 0
Using random seed: 0

mode |  affinity  |  intramol  |    CNN     |   CNN
     | (kcal/mol) | (kcal/mol) | pose score | affinity
-----+------------+------------+------------+----------
    1       -6.20       -1.04      -1.0000      0.000
    2       -6.19       -1.07      -1.0000      0.000
    3       -5.98       -1.63      -1.0000      0.000
    4       -5.93       -0.86      -1.0000      0.000
    5       -5.92       -1.14      -1.0000      0.000
    6       -5.92       -1.02      -1.0000      0.000
    7       -5.88       -0.93      -1.0000      0.000
    8       -5.87       -1.11      -1.0000      0.000
    9       -5.85       -0.96      -1.0000      0.000
   10       -5.84       -1.16      -1.0000      0.000
   11       -5.82       -1.41      -1.0000      0.000
   12       -5.80       -1.45      -1.0000      0.000
   13       -5.80       -0.91      -1.0000      0.000
   14       -5.76       -1.40      -1.0000      0.000
   15       -5.76       -2.29      -1.0000      0.000
   16       -5.75       -1.26      -1.0000      0.000
   17       -5.71       -1.52      -1.0000      0.000
   18       -5.66       -1.50      -1.0000      0.000
   19       -5.65       -1.36      -1.0000      0.000
   20       -5.64       -1.75      -1.0000      0.000
 18       -5.66       -1.50      -1.0000      0.000
   19       -5.65       -1.36      -1.0000      0.000
   20       -5.64       -1.75      -1.0000      0.000
