              _             
             (_)            
   __ _ _ __  _ _ __   __ _ 
  / _` | '_ \| | '_ \ / _` |
 | (_| | | | | | | | | (_| |
  \__, |_| |_|_|_| |_|\__,_|
   __/ |                    
  |___/                     

gnina v1.3.1 master:5bd63bd   Built May 23 2025.
gnina is based on smina and AutoDock Vina.
Please cite appropriately.

Commandline: /usr/local/bin/gnina -r /nfs/home/jstempel/vina_inputs/prep/3S0K/receptor_no_ligand.pdb -l /lustre/isaac24/scratch/jstempel/gnina_full_no_cnn_exh8_cpu24/_tmp_3S0K_LxGt/ligand.sdf --center_x 25.435 --center_y 25.715 --center_z -2.090 --size_x 28.057 --size_y 17.055 --size_z 20.235 --exhaustiveness 8 --num_modes 20 --cpu 24 --cnn_scoring none --scoring vina --addH 0 --log /lustre/isaac24/scratch/jstempel/gnina_full_no_cnn_exh8_cpu24/logs/3S0K.log --out /lustre/isaac24/scratch/jstempel/gnina_full_no_cnn_exh8_cpu24/flat/3S0K.pdbqt --seed 0 --device 0
Using random seed: 0

mode |  affinity  |  intramol  |    CNN     |   CNN
     | (kcal/mol) | (kcal/mol) | pose score | affinity
-----+------------+------------+------------+----------
    1       -9.34       -3.19      -1.0000      0.000
    2       -9.30       -3.89      -1.0000      0.000
    3       -9.25       -3.97      -1.0000      0.000
    4       -9.23       -4.25      -1.0000      0.000
    5       -9.17       -3.76      -1.0000      0.000
    6       -9.12       -4.01      -1.0000      0.000
    7       -9.06       -4.74      -1.0000      0.000
    8       -8.95       -3.58      -1.0000      0.000
    9       -8.84       -3.92      -1.0000      0.000
   10       -8.82       -4.08      -1.0000      0.000
   11       -8.77       -5.03      -1.0000      0.000
   12       -8.65       -4.71      -1.0000      0.000
   13       -8.55       -3.58      -1.0000      0.000
   14       -8.54       -2.55      -1.0000      0.000
   15       -8.52       -3.68      -1.0000      0.000
   16       -8.49       -4.69      -1.0000      0.000
   17       -8.47       -3.01      -1.0000      0.000
   18       -8.45       -2.55      -1.0000      0.000
   19       -8.44       -3.41      -1.0000      0.000
   20       -8.43       -2.81      -1.0000      0.000
 18       -8.45       -2.55      -1.0000      0.000
   19       -8.44       -3.41      -1.0000      0.000
   20       -8.43       -2.81      -1.0000      0.000
