              _             
             (_)            
   __ _ _ __  _ _ __   __ _ 
  / _` | '_ \| | '_ \ / _` |
 | (_| | | | | | | | | (_| |
  \__, |_| |_|_|_| |_|\__,_|
   __/ |                    
  |___/                     

gnina v1.3.1 master:5bd63bd   Built May 23 2025.
gnina is based on smina and AutoDock Vina.
Please cite appropriately.

Commandline: /usr/local/bin/gnina -r /nfs/home/jstempel/vina_inputs/prep/3STM/receptor_no_ligand.pdb -l /lustre/isaac24/scratch/jstempel/gnina_full_no_cnn_exh8_cpu24/_tmp_3STM_ZQFg/ligand.sdf --center_x 6.377 --center_y -9.031 --center_z -13.748 --size_x 10.917 --size_y 14.460 --size_z 12.723 --exhaustiveness 8 --num_modes 20 --cpu 24 --cnn_scoring none --scoring vina --addH 0 --log /lustre/isaac24/scratch/jstempel/gnina_full_no_cnn_exh8_cpu24/logs/3STM.log --out /lustre/isaac24/scratch/jstempel/gnina_full_no_cnn_exh8_cpu24/flat/3STM.pdbqt --seed 0 --device 0
Using random seed: 0

mode |  affinity  |  intramol  |    CNN     |   CNN
     | (kcal/mol) | (kcal/mol) | pose score | affinity
-----+------------+------------+------------+----------
    1       -6.93       -0.76      -1.0000      0.000
    2       -6.90       -0.83      -1.0000      0.000
    3       -6.83       -0.83      -1.0000      0.000
    4       -6.54       -0.94      -1.0000      0.000
    5       -6.32       -0.98      -1.0000      0.000
    6       -6.18       -1.33      -1.0000      0.000
    7       -6.13       -1.49      -1.0000      0.000
    8       -6.09       -1.45      -1.0000      0.000
    9       -6.09       -1.05      -1.0000      0.000
   10       -6.09       -1.08      -1.0000      0.000
   11       -6.08       -0.78      -1.0000      0.000
   12       -6.00       -1.63      -1.0000      0.000
   13       -5.98       -0.95      -1.0000      0.000
   14       -5.95       -0.92      -1.0000      0.000
   15       -5.92       -1.15      -1.0000      0.000
   16       -5.91       -0.94      -1.0000      0.000
   17       -5.91       -0.98      -1.0000      0.000
   18       -5.90       -1.74      -1.0000      0.000
   19       -5.89       -1.10      -1.0000      0.000
   20       -5.89       -1.47      -1.0000      0.000
 18       -5.90       -1.74      -1.0000      0.000
   19       -5.89       -1.10      -1.0000      0.000
   20       -5.89       -1.47      -1.0000      0.000
