              _             
             (_)            
   __ _ _ __  _ _ __   __ _ 
  / _` | '_ \| | '_ \ / _` |
 | (_| | | | | | | | | (_| |
  \__, |_| |_|_|_| |_|\__,_|
   __/ |                    
  |___/                     

gnina v1.3.1 master:5bd63bd   Built May 23 2025.
gnina is based on smina and AutoDock Vina.
Please cite appropriately.

Commandline: /usr/local/bin/gnina -r /nfs/home/jstempel/vina_inputs/prep/3W9K/receptor_no_ligand.pdb -l /lustre/isaac24/scratch/jstempel/gnina_full_no_cnn_exh8_cpu24/_tmp_3W9K_qq0O/ligand.sdf --center_x -9.944 --center_y 12.292 --center_z -19.392 --size_x 16.338 --size_y 14.219 --size_z 14.853 --exhaustiveness 8 --num_modes 20 --cpu 24 --cnn_scoring none --scoring vina --addH 0 --log /lustre/isaac24/scratch/jstempel/gnina_full_no_cnn_exh8_cpu24/logs/3W9K.log --out /lustre/isaac24/scratch/jstempel/gnina_full_no_cnn_exh8_cpu24/flat/3W9K.pdbqt --seed 0 --device 0
Using random seed: 0

mode |  affinity  |  intramol  |    CNN     |   CNN
     | (kcal/mol) | (kcal/mol) | pose score | affinity
-----+------------+------------+------------+----------
    1       -7.10       -0.84      -1.0000      0.000
    2       -7.08       -0.95      -1.0000      0.000
    3       -7.01       -0.45      -1.0000      0.000
    4       -6.85       -0.81      -1.0000      0.000
    5       -6.71       -0.71      -1.0000      0.000
    6       -6.37       -0.51      -1.0000      0.000
    7       -6.34        1.47      -1.0000      0.000
    8       -6.21       -0.63      -1.0000      0.000
    9       -6.07       -0.58      -1.0000      0.000
   10       -5.92       -0.63      -1.0000      0.000
   11       -5.88       -0.72      -1.0000      0.000
   12       -5.74       -0.55      -1.0000      0.000
   13       -5.67        0.05      -1.0000      0.000
   14       -5.59        0.11      -1.0000      0.000
   15       -5.48       -1.15      -1.0000      0.000
   16       -5.39       -0.65      -1.0000      0.000
   17       -5.21       -0.65      -1.0000      0.000
   18       -5.01       -0.50      -1.0000      0.000
   19       -4.36       -0.83      -1.0000      0.000
   20       -2.83       -0.29      -1.0000      0.000
 18       -5.01       -0.50      -1.0000      0.000
   19       -4.36       -0.83      -1.0000      0.000
   20       -2.83       -0.29      -1.0000      0.000
