              _             
             (_)            
   __ _ _ __  _ _ __   __ _ 
  / _` | '_ \| | '_ \ / _` |
 | (_| | | | | | | | | (_| |
  \__, |_| |_|_|_| |_|\__,_|
   __/ |                    
  |___/                     

gnina v1.3.1 master:5bd63bd   Built May 23 2025.
gnina is based on smina and AutoDock Vina.
Please cite appropriately.

Commandline: /usr/local/bin/gnina -r /nfs/home/jstempel/vina_inputs/prep/3WEB/receptor_no_ligand.pdb -l /lustre/isaac24/scratch/jstempel/gnina_full_no_cnn_exh8_cpu24/_tmp_3WEB_XCQX/ligand.sdf --center_x 9.031 --center_y 10.072 --center_z 20.489 --size_x 13.186 --size_y 15.404 --size_z 15.134 --exhaustiveness 8 --num_modes 20 --cpu 24 --cnn_scoring none --scoring vina --addH 0 --log /lustre/isaac24/scratch/jstempel/gnina_full_no_cnn_exh8_cpu24/logs/3WEB.log --out /lustre/isaac24/scratch/jstempel/gnina_full_no_cnn_exh8_cpu24/flat/3WEB.pdbqt --seed 0 --device 0
Using random seed: 0

mode |  affinity  |  intramol  |    CNN     |   CNN
     | (kcal/mol) | (kcal/mol) | pose score | affinity
-----+------------+------------+------------+----------
    1       -6.91       -0.51      -1.0000      0.000
    2       -6.88       -1.14      -1.0000      0.000
    3       -6.80       -0.81      -1.0000      0.000
    4       -6.78       -1.45      -1.0000      0.000
    5       -6.68       -1.26      -1.0000      0.000
    6       -6.57       -1.04      -1.0000      0.000
    7       -6.53       -2.26      -1.0000      0.000
    8       -6.43       -1.93      -1.0000      0.000
    9       -6.41       -0.42      -1.0000      0.000
   10       -6.39       -0.22      -1.0000      0.000
   11       -6.34       -1.39      -1.0000      0.000
   12       -6.32       -0.94      -1.0000      0.000
   13       -6.29       -1.62      -1.0000      0.000
   14       -6.22       -1.16      -1.0000      0.000
   15       -6.19       -1.15      -1.0000      0.000
   16       -6.13       -0.77      -1.0000      0.000
   17       -6.09       -1.79      -1.0000      0.000
   18       -6.00       -1.32      -1.0000      0.000
   19       -6.00       -2.09      -1.0000      0.000
   20       -5.99       -1.84      -1.0000      0.000
 18       -6.00       -1.32      -1.0000      0.000
   19       -6.00       -2.09      -1.0000      0.000
   20       -5.99       -1.84      -1.0000      0.000
