              _             
             (_)            
   __ _ _ __  _ _ __   __ _ 
  / _` | '_ \| | '_ \ / _` |
 | (_| | | | | | | | | (_| |
  \__, |_| |_|_|_| |_|\__,_|
   __/ |                    
  |___/                     

gnina v1.3.1 master:5bd63bd   Built May 23 2025.
gnina is based on smina and AutoDock Vina.
Please cite appropriately.

Commandline: /usr/local/bin/gnina -r /nfs/home/jstempel/vina_inputs/prep/4AZP/receptor_no_ligand.pdb -l /lustre/isaac24/scratch/jstempel/gnina_full_no_cnn_exh8_cpu24/_tmp_4AZP_Lkbg/ligand.sdf --center_x 23.466 --center_y 13.702 --center_z -1.245 --size_x 10.037 --size_y 12.113 --size_z 18.052 --exhaustiveness 8 --num_modes 20 --cpu 24 --cnn_scoring none --scoring vina --addH 0 --log /lustre/isaac24/scratch/jstempel/gnina_full_no_cnn_exh8_cpu24/logs/4AZP.log --out /lustre/isaac24/scratch/jstempel/gnina_full_no_cnn_exh8_cpu24/flat/4AZP.pdbqt --seed 0 --device 0
Using random seed: 0

mode |  affinity  |  intramol  |    CNN     |   CNN
     | (kcal/mol) | (kcal/mol) | pose score | affinity
-----+------------+------------+------------+----------
    1       -7.16       -1.73      -1.0000      0.000
    2       -7.12       -1.38      -1.0000      0.000
    3       -7.03       -2.14      -1.0000      0.000
    4       -6.96       -1.91      -1.0000      0.000
    5       -6.90       -1.83      -1.0000      0.000
    6       -6.85       -1.63      -1.0000      0.000
    7       -6.84       -1.26      -1.0000      0.000
    8       -6.65       -1.38      -1.0000      0.000
    9       -6.65       -1.85      -1.0000      0.000
   10       -6.63       -1.71      -1.0000      0.000
   11       -6.61       -2.33      -1.0000      0.000
   12       -6.60       -1.56      -1.0000      0.000
   13       -6.56       -1.63      -1.0000      0.000
   14       -6.54       -1.82      -1.0000      0.000
   15       -6.53       -0.65      -1.0000      0.000
   16       -6.52       -2.23      -1.0000      0.000
   17       -6.50       -0.76      -1.0000      0.000
   18       -6.47       -2.25      -1.0000      0.000
   19       -6.42       -1.55      -1.0000      0.000
   20       -6.38       -1.60      -1.0000      0.000
 18       -6.47       -2.25      -1.0000      0.000
   19       -6.42       -1.55      -1.0000      0.000
   20       -6.38       -1.60      -1.0000      0.000
