              _             
             (_)            
   __ _ _ __  _ _ __   __ _ 
  / _` | '_ \| | '_ \ / _` |
 | (_| | | | | | | | | (_| |
  \__, |_| |_|_|_| |_|\__,_|
   __/ |                    
  |___/                     

gnina v1.3.1 master:5bd63bd   Built May 23 2025.
gnina is based on smina and AutoDock Vina.
Please cite appropriately.

Commandline: /usr/local/bin/gnina -r /nfs/home/jstempel/vina_inputs/prep/4DOL/receptor_no_ligand.pdb -l /lustre/isaac24/scratch/jstempel/gnina_full_no_cnn_exh8_cpu24/_tmp_4DOL_9fDc/ligand.sdf --center_x 21.317 --center_y -1.079 --center_z -15.764 --size_x 12.448 --size_y 13.804 --size_z 10.805 --exhaustiveness 8 --num_modes 20 --cpu 24 --cnn_scoring none --scoring vina --addH 0 --log /lustre/isaac24/scratch/jstempel/gnina_full_no_cnn_exh8_cpu24/logs/4DOL.log --out /lustre/isaac24/scratch/jstempel/gnina_full_no_cnn_exh8_cpu24/flat/4DOL.pdbqt --seed 0 --device 0
Using random seed: 0

mode |  affinity  |  intramol  |    CNN     |   CNN
     | (kcal/mol) | (kcal/mol) | pose score | affinity
-----+------------+------------+------------+----------
    1       -6.47       -1.14      -1.0000      0.000
    2       -6.43       -0.89      -1.0000      0.000
    3       -6.39       -1.26      -1.0000      0.000
    4       -6.30       -1.46      -1.0000      0.000
    5       -6.28       -0.96      -1.0000      0.000
    6       -6.28       -2.08      -1.0000      0.000
    7       -6.26       -1.06      -1.0000      0.000
    8       -6.25       -1.66      -1.0000      0.000
    9       -6.22       -1.24      -1.0000      0.000
   10       -6.15       -1.56      -1.0000      0.000
   11       -6.02       -1.57      -1.0000      0.000
   12       -5.98       -1.21      -1.0000      0.000
   13       -5.90       -1.92      -1.0000      0.000
   14       -5.87       -1.54      -1.0000      0.000
   15       -5.77       -2.32      -1.0000      0.000
   16       -5.69       -1.63      -1.0000      0.000
   17       -5.65       -0.47      -1.0000      0.000
   18       -5.64       -1.41      -1.0000      0.000
   19       -5.62       -1.06      -1.0000      0.000
   20       -5.62       -1.02      -1.0000      0.000
 18       -5.64       -1.41      -1.0000      0.000
   19       -5.62       -1.06      -1.0000      0.000
   20       -5.62       -1.02      -1.0000      0.000
