              _             
             (_)            
   __ _ _ __  _ _ __   __ _ 
  / _` | '_ \| | '_ \ / _` |
 | (_| | | | | | | | | (_| |
  \__, |_| |_|_|_| |_|\__,_|
   __/ |                    
  |___/                     

gnina v1.3.1 master:5bd63bd   Built May 23 2025.
gnina is based on smina and AutoDock Vina.
Please cite appropriately.

Commandline: /usr/local/bin/gnina -r /nfs/home/jstempel/vina_inputs/prep/4INQ/receptor_no_ligand.pdb -l /lustre/isaac24/scratch/jstempel/gnina_full_no_cnn_exh8_cpu24/_tmp_4INQ_Dwsp/ligand.sdf --center_x -5.729 --center_y 11.070 --center_z -5.242 --size_x 14.640 --size_y 26.236 --size_z 13.896 --exhaustiveness 8 --num_modes 20 --cpu 24 --cnn_scoring none --scoring vina --addH 0 --log /lustre/isaac24/scratch/jstempel/gnina_full_no_cnn_exh8_cpu24/logs/4INQ.log --out /lustre/isaac24/scratch/jstempel/gnina_full_no_cnn_exh8_cpu24/flat/4INQ.pdbqt --seed 0 --device 0
Using random seed: 0

mode |  affinity  |  intramol  |    CNN     |   CNN
     | (kcal/mol) | (kcal/mol) | pose score | affinity
-----+------------+------------+------------+----------
    1       -8.67       -1.78      -1.0000      0.000
    2       -8.59       -1.62      -1.0000      0.000
    3       -8.56       -1.59      -1.0000      0.000
    4       -8.55       -2.23      -1.0000      0.000
    5       -8.50       -2.32      -1.0000      0.000
    6       -8.48       -1.71      -1.0000      0.000
    7       -8.46       -1.83      -1.0000      0.000
    8       -8.45       -2.15      -1.0000      0.000
    9       -8.30       -0.44      -1.0000      0.000
   10       -8.13        0.36      -1.0000      0.000
   11       -8.11       -1.40      -1.0000      0.000
   12       -8.03       -0.87      -1.0000      0.000
   13       -7.94       -0.83      -1.0000      0.000
   14       -7.94        0.61      -1.0000      0.000
   15       -7.86       -0.77      -1.0000      0.000
   16       -7.84       -1.22      -1.0000      0.000
   17       -7.82       -1.13      -1.0000      0.000
   18       -7.77       -0.57      -1.0000      0.000
   19       -7.77       -0.54      -1.0000      0.000
   20       -7.73       -1.08      -1.0000      0.000
 18       -7.77       -0.57      -1.0000      0.000
   19       -7.77       -0.54      -1.0000      0.000
   20       -7.73       -1.08      -1.0000      0.000
