              _             
             (_)            
   __ _ _ __  _ _ __   __ _ 
  / _` | '_ \| | '_ \ / _` |
 | (_| | | | | | | | | (_| |
  \__, |_| |_|_|_| |_|\__,_|
   __/ |                    
  |___/                     

gnina v1.3.1 master:5bd63bd   Built May 23 2025.
gnina is based on smina and AutoDock Vina.
Please cite appropriately.

Commandline: /usr/local/bin/gnina -r /nfs/home/jstempel/vina_inputs/prep/4K80/receptor_no_ligand.pdb -l /lustre/isaac24/scratch/jstempel/gnina_full_no_cnn_exh8_cpu24/_tmp_4K80_D1SA/ligand.sdf --center_x 16.231 --center_y 27.454 --center_z 49.783 --size_x 20.358 --size_y 11.180 --size_z 22.049 --exhaustiveness 8 --num_modes 20 --cpu 24 --cnn_scoring none --scoring vina --addH 0 --log /lustre/isaac24/scratch/jstempel/gnina_full_no_cnn_exh8_cpu24/logs/4K80.log --out /lustre/isaac24/scratch/jstempel/gnina_full_no_cnn_exh8_cpu24/flat/4K80.pdbqt --seed 0 --device 0
Using random seed: 0

mode |  affinity  |  intramol  |    CNN     |   CNN
     | (kcal/mol) | (kcal/mol) | pose score | affinity
-----+------------+------------+------------+----------
    1       -7.45       -1.00      -1.0000      0.000
    2       -7.45       -1.31      -1.0000      0.000
    3       -7.44       -1.67      -1.0000      0.000
    4       -7.37       -0.62      -1.0000      0.000
    5       -7.37       -1.08      -1.0000      0.000
    6       -7.31       -0.80      -1.0000      0.000
    7       -7.30       -1.16      -1.0000      0.000
    8       -7.22       -1.13      -1.0000      0.000
    9       -7.20       -0.81      -1.0000      0.000
   10       -7.15       -0.46      -1.0000      0.000
   11       -7.09       -1.30      -1.0000      0.000
   12       -7.06       -1.16      -1.0000      0.000
   13       -7.01       -1.52      -1.0000      0.000
   14       -6.96        0.03      -1.0000      0.000
   15       -6.95       -0.58      -1.0000      0.000
   16       -6.93       -1.91      -1.0000      0.000
   17       -6.90       -1.16      -1.0000      0.000
   18       -6.90       -0.62      -1.0000      0.000
   19       -6.85       -0.93      -1.0000      0.000
   20       -6.85       -0.90      -1.0000      0.000
 18       -6.90       -0.62      -1.0000      0.000
   19       -6.85       -0.93      -1.0000      0.000
   20       -6.85       -0.90      -1.0000      0.000
