              _             
             (_)            
   __ _ _ __  _ _ __   __ _ 
  / _` | '_ \| | '_ \ / _` |
 | (_| | | | | | | | | (_| |
  \__, |_| |_|_|_| |_|\__,_|
   __/ |                    
  |___/                     

gnina v1.3.1 master:5bd63bd   Built May 23 2025.
gnina is based on smina and AutoDock Vina.
Please cite appropriately.

Commandline: /usr/local/bin/gnina -r /nfs/home/jstempel/vina_inputs/prep/4NS0/receptor_no_ligand.pdb -l /lustre/isaac24/scratch/jstempel/gnina_full_no_cnn_exh8_cpu24/_tmp_4NS0_bDh2/ligand.sdf --center_x 15.572 --center_y 2.512 --center_z 39.816 --size_x 21.643 --size_y 12.094 --size_z 16.503 --exhaustiveness 8 --num_modes 20 --cpu 24 --cnn_scoring none --scoring vina --addH 0 --log /lustre/isaac24/scratch/jstempel/gnina_full_no_cnn_exh8_cpu24/logs/4NS0.log --out /lustre/isaac24/scratch/jstempel/gnina_full_no_cnn_exh8_cpu24/flat/4NS0.pdbqt --seed 0 --device 0
Using random seed: 0

mode |  affinity  |  intramol  |    CNN     |   CNN
     | (kcal/mol) | (kcal/mol) | pose score | affinity
-----+------------+------------+------------+----------
    1       -5.61       -1.12      -1.0000      0.000
    2       -5.41        0.76      -1.0000      0.000
    3       -5.21       -0.84      -1.0000      0.000
    4       -5.17       -0.21      -1.0000      0.000
    5       -5.17       -1.40      -1.0000      0.000
    6       -5.08       -2.22      -1.0000      0.000
    7       -5.06       -1.07      -1.0000      0.000
    8       -4.98       -0.75      -1.0000      0.000
    9       -4.90       -1.29      -1.0000      0.000
   10       -4.77       -0.39      -1.0000      0.000
   11       -4.74       -1.24      -1.0000      0.000
   12       -4.72       -0.11      -1.0000      0.000
   13       -4.71        0.38      -1.0000      0.000
   14       -4.71       -0.30      -1.0000      0.000
   15       -4.65       -0.33      -1.0000      0.000
   16       -4.63        0.29      -1.0000      0.000
   17       -4.62       -1.07      -1.0000      0.000
   18       -4.56       -0.25      -1.0000      0.000
   19       -4.54       -0.59      -1.0000      0.000
   20       -4.45       -0.35      -1.0000      0.000
 18       -4.56       -0.25      -1.0000      0.000
   19       -4.54       -0.59      -1.0000      0.000
   20       -4.45       -0.35      -1.0000      0.000
