              _             
             (_)            
   __ _ _ __  _ _ __   __ _ 
  / _` | '_ \| | '_ \ / _` |
 | (_| | | | | | | | | (_| |
  \__, |_| |_|_|_| |_|\__,_|
   __/ |                    
  |___/                     

gnina v1.3.1 master:5bd63bd   Built May 23 2025.
gnina is based on smina and AutoDock Vina.
Please cite appropriately.

Commandline: /usr/local/bin/gnina -r /nfs/home/jstempel/vina_inputs/prep/4QA8/receptor_no_ligand.pdb -l /lustre/isaac24/scratch/jstempel/gnina_full_no_cnn_exh8_cpu24/_tmp_4QA8_zlGx/ligand.sdf --center_x -5.509 --center_y 0.920 --center_z -14.483 --size_x 13.573 --size_y 17.313 --size_z 23.970 --exhaustiveness 8 --num_modes 20 --cpu 24 --cnn_scoring none --scoring vina --addH 0 --log /lustre/isaac24/scratch/jstempel/gnina_full_no_cnn_exh8_cpu24/logs/4QA8.log --out /lustre/isaac24/scratch/jstempel/gnina_full_no_cnn_exh8_cpu24/flat/4QA8.pdbqt --seed 0 --device 0
Using random seed: 0

mode |  affinity  |  intramol  |    CNN     |   CNN
     | (kcal/mol) | (kcal/mol) | pose score | affinity
-----+------------+------------+------------+----------
    1       -9.15       -2.26      -1.0000      0.000
    2       -9.12       -2.51      -1.0000      0.000
    3       -9.10       -2.26      -1.0000      0.000
    4       -8.83       -2.09      -1.0000      0.000
    5       -8.69       -1.95      -1.0000      0.000
    6       -8.63       -2.52      -1.0000      0.000
    7       -8.55       -2.63      -1.0000      0.000
    8       -8.37       -2.47      -1.0000      0.000
    9       -8.24       -2.94      -1.0000      0.000
   10       -8.15       -1.87      -1.0000      0.000
   11       -8.12       -2.64      -1.0000      0.000
   12       -8.11       -1.58      -1.0000      0.000
   13       -8.10       -1.19      -1.0000      0.000
   14       -7.83       -1.65      -1.0000      0.000
   15       -7.80       -1.24      -1.0000      0.000
   16       -7.78       -0.43      -1.0000      0.000
   17       -7.78       -1.66      -1.0000      0.000
   18       -7.55       -1.68      -1.0000      0.000
   19       -7.50       -1.88      -1.0000      0.000
   20       -7.48       -1.41      -1.0000      0.000
 18       -7.55       -1.68      -1.0000      0.000
   19       -7.50       -1.88      -1.0000      0.000
   20       -7.48       -1.41      -1.0000      0.000
