              _             
             (_)            
   __ _ _ __  _ _ __   __ _ 
  / _` | '_ \| | '_ \ / _` |
 | (_| | | | | | | | | (_| |
  \__, |_| |_|_|_| |_|\__,_|
   __/ |                    
  |___/                     

gnina v1.3.1 master:5bd63bd   Built May 23 2025.
gnina is based on smina and AutoDock Vina.
Please cite appropriately.

Commandline: /usr/local/bin/gnina -r /nfs/home/jstempel/vina_inputs/prep/4TW3/receptor_no_ligand.pdb -l /lustre/isaac24/scratch/jstempel/gnina_full_no_cnn_exh8_cpu24/_tmp_4TW3_ZYWK/ligand.sdf --center_x -21.430 --center_y -0.333 --center_z -15.886 --size_x 9.890 --size_y 17.271 --size_z 17.525 --exhaustiveness 8 --num_modes 20 --cpu 24 --cnn_scoring none --scoring vina --addH 0 --log /lustre/isaac24/scratch/jstempel/gnina_full_no_cnn_exh8_cpu24/logs/4TW3.log --out /lustre/isaac24/scratch/jstempel/gnina_full_no_cnn_exh8_cpu24/flat/4TW3.pdbqt --seed 0 --device 0
Using random seed: 0

mode |  affinity  |  intramol  |    CNN     |   CNN
     | (kcal/mol) | (kcal/mol) | pose score | affinity
-----+------------+------------+------------+----------
    1       -8.05       -0.84      -1.0000      0.000
    2       -7.97       -0.98      -1.0000      0.000
    3       -7.94       -0.83      -1.0000      0.000
    4       -7.81       -1.24      -1.0000      0.000
    5       -7.79       -0.96      -1.0000      0.000
    6       -7.69       -0.78      -1.0000      0.000
    7       -7.62       -0.76      -1.0000      0.000
    8       -7.52       -1.27      -1.0000      0.000
    9       -7.15       -0.47      -1.0000      0.000
   10       -6.29       -1.33      -1.0000      0.000
   11       -6.03       -0.98      -1.0000      0.000
   12       -5.93       -1.24      -1.0000      0.000
   13       -5.88       -0.82      -1.0000      0.000
   14       -5.21       -1.09      -1.0000      0.000
   15       -5.09        1.33      -1.0000      0.000
   16       -4.21        0.73      -1.0000      0.000
   17       -3.74       -0.76      -1.0000      0.000
   18       -3.66       -0.64      -1.0000      0.000
   19       -2.46       -1.54      -1.0000      0.000
   20       -2.32        0.15      -1.0000      0.000
1.0000      0.000
   14       -5.21       -1.09      -1.0000      0.000
   15       -5.09        1.33      -1.0000      0.000
   16       -4.21        0.73      -1.0000      0.000
   17       -3.74       -0.76      -1.0000      0.000
   18       -3.66       -0.64      -1.0000      0.000
   19       -2.46       -1.54      -1.0000      0.000
   20       -2.32        0.15      -1.0000      0.000
