              _             
             (_)            
   __ _ _ __  _ _ __   __ _ 
  / _` | '_ \| | '_ \ / _` |
 | (_| | | | | | | | | (_| |
  \__, |_| |_|_|_| |_|\__,_|
   __/ |                    
  |___/                     

gnina v1.3.1 master:5bd63bd   Built May 23 2025.
gnina is based on smina and AutoDock Vina.
Please cite appropriately.

Commandline: /usr/local/bin/gnina -r /nfs/home/jstempel/vina_inputs/prep/4WBK/receptor_no_ligand.pdb -l /lustre/isaac24/scratch/jstempel/gnina_full_no_cnn_exh8_cpu24/_tmp_4WBK_qlhi/ligand.sdf --center_x 6.846 --center_y -20.506 --center_z -2.212 --size_x 11.401 --size_y 14.974 --size_z 13.202 --exhaustiveness 8 --num_modes 20 --cpu 24 --cnn_scoring none --scoring vina --addH 0 --log /lustre/isaac24/scratch/jstempel/gnina_full_no_cnn_exh8_cpu24/logs/4WBK.log --out /lustre/isaac24/scratch/jstempel/gnina_full_no_cnn_exh8_cpu24/flat/4WBK.pdbqt --seed 0 --device 0
Using random seed: 0

mode |  affinity  |  intramol  |    CNN     |   CNN
     | (kcal/mol) | (kcal/mol) | pose score | affinity
-----+------------+------------+------------+----------
    1       -6.31       -0.84      -1.0000      0.000
    2       -6.29       -1.40      -1.0000      0.000
    3       -6.26       -1.60      -1.0000      0.000
    4       -6.21       -1.39      -1.0000      0.000
    5       -6.20       -1.35      -1.0000      0.000
    6       -6.20       -1.33      -1.0000      0.000
    7       -6.19       -1.31      -1.0000      0.000
    8       -6.18       -1.55      -1.0000      0.000
    9       -6.12       -1.10      -1.0000      0.000
   10       -5.93       -1.51      -1.0000      0.000
   11       -5.92       -2.29      -1.0000      0.000
   12       -5.87       -1.29      -1.0000      0.000
   13       -5.86       -1.25      -1.0000      0.000
   14       -5.84       -1.42      -1.0000      0.000
   15       -5.83       -1.48      -1.0000      0.000
   16       -5.74       -0.99      -1.0000      0.000
   17       -5.72       -2.43      -1.0000      0.000
   18       -5.71       -1.39      -1.0000      0.000
   19       -5.70       -1.23      -1.0000      0.000
   20       -5.69       -1.43      -1.0000      0.000
 18       -5.71       -1.39      -1.0000      0.000
   19       -5.70       -1.23      -1.0000      0.000
   20       -5.69       -1.43      -1.0000      0.000
