              _             
             (_)            
   __ _ _ __  _ _ __   __ _ 
  / _` | '_ \| | '_ \ / _` |
 | (_| | | | | | | | | (_| |
  \__, |_| |_|_|_| |_|\__,_|
   __/ |                    
  |___/                     

gnina v1.3.1 master:5bd63bd   Built May 23 2025.
gnina is based on smina and AutoDock Vina.
Please cite appropriately.

Commandline: /usr/local/bin/gnina -r /nfs/home/jstempel/vina_inputs/prep/4X9X/receptor_no_ligand.pdb -l /lustre/isaac24/scratch/jstempel/gnina_full_no_cnn_exh8_cpu24/_tmp_4X9X_zCyB/ligand.sdf --center_x -30.018 --center_y 3.459 --center_z 18.013 --size_x 16.609 --size_y 13.277 --size_z 19.637 --exhaustiveness 8 --num_modes 20 --cpu 24 --cnn_scoring none --scoring vina --addH 0 --log /lustre/isaac24/scratch/jstempel/gnina_full_no_cnn_exh8_cpu24/logs/4X9X.log --out /lustre/isaac24/scratch/jstempel/gnina_full_no_cnn_exh8_cpu24/flat/4X9X.pdbqt --seed 0 --device 0
Using random seed: 0

mode |  affinity  |  intramol  |    CNN     |   CNN
     | (kcal/mol) | (kcal/mol) | pose score | affinity
-----+------------+------------+------------+----------
    1       -7.42       -0.63      -1.0000      0.000
    2       -7.41       -0.91      -1.0000      0.000
    3       -7.36       -0.41      -1.0000      0.000
    4       -7.12       -1.23      -1.0000      0.000
    5       -7.05       -0.85      -1.0000      0.000
    6       -7.01       -0.52      -1.0000      0.000
    7       -6.91       -1.29      -1.0000      0.000
    8       -6.61       -1.26      -1.0000      0.000
    9       -6.40       -1.04      -1.0000      0.000
   10       -6.25       -0.42      -1.0000      0.000
   11       -6.16       -0.69      -1.0000      0.000
   12       -5.92       -1.00      -1.0000      0.000
   13       -5.92       -0.10      -1.0000      0.000
   14       -5.84       -1.35      -1.0000      0.000
   15       -5.73       -1.69      -1.0000      0.000
   16       -5.20       -1.52      -1.0000      0.000
   17       -5.18       -0.94      -1.0000      0.000
   18       -5.08       -0.83      -1.0000      0.000
   19       -4.98       -0.08      -1.0000      0.000
   20       -4.73       -0.16      -1.0000      0.000
  0.000
   16       -5.20       -1.52      -1.0000      0.000
   17       -5.18       -0.94      -1.0000      0.000
   18       -5.08       -0.83      -1.0000      0.000
   19       -4.98       -0.08      -1.0000      0.000
   20       -4.73       -0.16      -1.0000      0.000
