              _             
             (_)            
   __ _ _ __  _ _ __   __ _ 
  / _` | '_ \| | '_ \ / _` |
 | (_| | | | | | | | | (_| |
  \__, |_| |_|_|_| |_|\__,_|
   __/ |                    
  |___/                     

gnina v1.3.1 master:5bd63bd   Built May 23 2025.
gnina is based on smina and AutoDock Vina.
Please cite appropriately.

Commandline: /usr/local/bin/gnina -r /nfs/home/jstempel/vina_inputs/prep/5BVT/receptor_no_ligand.pdb -l /lustre/isaac24/scratch/jstempel/gnina_full_no_cnn_exh8_cpu24/_tmp_5BVT_18ZX/ligand.sdf --center_x -9.115 --center_y 2.812 --center_z -1.660 --size_x 8.384 --size_y 11.616 --size_z 16.412 --exhaustiveness 8 --num_modes 20 --cpu 24 --cnn_scoring none --scoring vina --addH 0 --log /lustre/isaac24/scratch/jstempel/gnina_full_no_cnn_exh8_cpu24/logs/5BVT.log --out /lustre/isaac24/scratch/jstempel/gnina_full_no_cnn_exh8_cpu24/flat/5BVT.pdbqt --seed 0 --device 0
Using random seed: 0

mode |  affinity  |  intramol  |    CNN     |   CNN
     | (kcal/mol) | (kcal/mol) | pose score | affinity
-----+------------+------------+------------+----------
    1       -6.91       -1.04      -1.0000      0.000
    2       -6.75       -0.81      -1.0000      0.000
    3       -6.73       -0.93      -1.0000      0.000
    4       -6.42       -0.94      -1.0000      0.000
    5       -6.41       -1.20      -1.0000      0.000
    6       -6.34       -0.73      -1.0000      0.000
    7       -6.31       -0.77      -1.0000      0.000
    8       -6.26       -0.86      -1.0000      0.000
    9       -6.11       -0.69      -1.0000      0.000
   10       -6.06       -0.90      -1.0000      0.000
   11       -6.03       -1.32      -1.0000      0.000
   12       -5.98       -0.62      -1.0000      0.000
   13       -5.97       -1.05      -1.0000      0.000
   14       -5.94       -1.10      -1.0000      0.000
   15       -5.92       -1.24      -1.0000      0.000
   16       -5.91       -0.64      -1.0000      0.000
   17       -5.77       -0.99      -1.0000      0.000
   18       -5.73       -0.14      -1.0000      0.000
   19       -5.72       -1.11      -1.0000      0.000
   20       -5.64       -1.06      -1.0000      0.000
 18       -5.73       -0.14      -1.0000      0.000
   19       -5.72       -1.11      -1.0000      0.000
   20       -5.64       -1.06      -1.0000      0.000
