              _             
             (_)            
   __ _ _ __  _ _ __   __ _ 
  / _` | '_ \| | '_ \ / _` |
 | (_| | | | | | | | | (_| |
  \__, |_| |_|_|_| |_|\__,_|
   __/ |                    
  |___/                     

gnina v1.3.1 master:5bd63bd   Built May 23 2025.
gnina is based on smina and AutoDock Vina.
Please cite appropriately.

Commandline: /usr/local/bin/gnina -r /nfs/home/jstempel/vina_inputs/prep/5NU2/receptor_no_ligand.pdb -l /lustre/isaac24/scratch/jstempel/gnina_full_no_cnn_exh8_cpu24/_tmp_5NU2_ZAT4/ligand.sdf --center_x 35.988 --center_y 20.803 --center_z -0.820 --size_x 11.369 --size_y 16.558 --size_z 10.227 --exhaustiveness 8 --num_modes 20 --cpu 24 --cnn_scoring none --scoring vina --addH 0 --log /lustre/isaac24/scratch/jstempel/gnina_full_no_cnn_exh8_cpu24/logs/5NU2.log --out /lustre/isaac24/scratch/jstempel/gnina_full_no_cnn_exh8_cpu24/flat/5NU2.pdbqt --seed 0 --device 0
Using random seed: 0

mode |  affinity  |  intramol  |    CNN     |   CNN
     | (kcal/mol) | (kcal/mol) | pose score | affinity
-----+------------+------------+------------+----------
    1       -7.22       -1.31      -1.0000      0.000
    2       -7.05       -1.14      -1.0000      0.000
    3       -6.96       -1.11      -1.0000      0.000
    4       -6.80       -0.96      -1.0000      0.000
    5       -6.71       -1.55      -1.0000      0.000
    6       -6.61       -1.27      -1.0000      0.000
    7       -6.60       -1.41      -1.0000      0.000
    8       -6.57       -1.61      -1.0000      0.000
    9       -6.55       -1.68      -1.0000      0.000
   10       -6.53       -1.04      -1.0000      0.000
   11       -6.20       -1.38      -1.0000      0.000
   12       -6.14       -0.69      -1.0000      0.000
   13       -6.13       -1.33      -1.0000      0.000
   14       -6.05       -0.99      -1.0000      0.000
   15       -6.04       -1.82      -1.0000      0.000
   16       -6.03       -1.90      -1.0000      0.000
   17       -6.01       -1.46      -1.0000      0.000
   18       -5.96       -0.99      -1.0000      0.000
   19       -5.94       -1.59      -1.0000      0.000
   20       -5.76       -1.12      -1.0000      0.000
 18       -5.96       -0.99      -1.0000      0.000
   19       -5.94       -1.59      -1.0000      0.000
   20       -5.76       -1.12      -1.0000      0.000
