              _             
             (_)            
   __ _ _ __  _ _ __   __ _ 
  / _` | '_ \| | '_ \ / _` |
 | (_| | | | | | | | | (_| |
  \__, |_| |_|_|_| |_|\__,_|
   __/ |                    
  |___/                     

gnina v1.3.1 master:5bd63bd   Built May 23 2025.
gnina is based on smina and AutoDock Vina.
Please cite appropriately.

Commandline: /usr/local/bin/gnina -r /nfs/home/jstempel/vina_inputs/prep/5NU6/receptor_no_ligand.pdb -l /lustre/isaac24/scratch/jstempel/gnina_full_no_cnn_exh8_cpu24/_tmp_5NU6_R1kv/ligand.sdf --center_x 15.278 --center_y 8.850 --center_z 0.961 --size_x 14.986 --size_y 14.071 --size_z 9.836 --exhaustiveness 8 --num_modes 20 --cpu 24 --cnn_scoring none --scoring vina --addH 0 --log /lustre/isaac24/scratch/jstempel/gnina_full_no_cnn_exh8_cpu24/logs/5NU6.log --out /lustre/isaac24/scratch/jstempel/gnina_full_no_cnn_exh8_cpu24/flat/5NU6.pdbqt --seed 0 --device 0
Using random seed: 0

mode |  affinity  |  intramol  |    CNN     |   CNN
     | (kcal/mol) | (kcal/mol) | pose score | affinity
-----+------------+------------+------------+----------
    1       -7.21       -1.39      -1.0000      0.000
    2       -7.12       -1.20      -1.0000      0.000
    3       -7.05       -0.95      -1.0000      0.000
    4       -7.01       -1.16      -1.0000      0.000
    5       -6.88        0.10      -1.0000      0.000
    6       -6.60       -1.53      -1.0000      0.000
    7       -6.57       -1.04      -1.0000      0.000
    8       -6.54       -1.98      -1.0000      0.000
    9       -6.51       -1.32      -1.0000      0.000
   10       -6.46       -1.34      -1.0000      0.000
   11       -6.46       -0.47      -1.0000      0.000
   12       -6.39       -0.94      -1.0000      0.000
   13       -6.38       -1.38      -1.0000      0.000
   14       -6.34       -1.77      -1.0000      0.000
   15       -6.29       -0.81      -1.0000      0.000
   16       -6.23       -1.20      -1.0000      0.000
   17       -6.22       -1.39      -1.0000      0.000
   18       -6.16       -1.07      -1.0000      0.000
   19       -6.16       -1.63      -1.0000      0.000
   20       -6.06       -2.10      -1.0000      0.000
 18       -6.16       -1.07      -1.0000      0.000
   19       -6.16       -1.63      -1.0000      0.000
   20       -6.06       -2.10      -1.0000      0.000
