              _             
             (_)            
   __ _ _ __  _ _ __   __ _ 
  / _` | '_ \| | '_ \ / _` |
 | (_| | | | | | | | | (_| |
  \__, |_| |_|_|_| |_|\__,_|
   __/ |                    
  |___/                     

gnina v1.3.1 master:5bd63bd   Built May 23 2025.
gnina is based on smina and AutoDock Vina.
Please cite appropriately.

Commandline: /usr/local/bin/gnina -r /nfs/home/jstempel/vina_inputs/prep/5NUA/receptor_no_ligand.pdb -l /lustre/isaac24/scratch/jstempel/gnina_full_no_cnn_exh8_cpu24/_tmp_5NUA_XAlM/ligand.sdf --center_x 14.496 --center_y 8.902 --center_z 0.972 --size_x 14.003 --size_y 13.370 --size_z 9.804 --exhaustiveness 8 --num_modes 20 --cpu 24 --cnn_scoring none --scoring vina --addH 0 --log /lustre/isaac24/scratch/jstempel/gnina_full_no_cnn_exh8_cpu24/logs/5NUA.log --out /lustre/isaac24/scratch/jstempel/gnina_full_no_cnn_exh8_cpu24/flat/5NUA.pdbqt --seed 0 --device 0
Using random seed: 0

mode |  affinity  |  intramol  |    CNN     |   CNN
     | (kcal/mol) | (kcal/mol) | pose score | affinity
-----+------------+------------+------------+----------
    1       -6.70       -0.61      -1.0000      0.000
    2       -6.51       -0.90      -1.0000      0.000
    3       -6.08       -0.34      -1.0000      0.000
    4       -5.96       -0.66      -1.0000      0.000
    5       -5.95       -0.73      -1.0000      0.000
    6       -5.84       -0.64      -1.0000      0.000
    7       -5.81       -0.53      -1.0000      0.000
    8       -5.77       -0.70      -1.0000      0.000
    9       -5.76       -0.46      -1.0000      0.000
   10       -5.75       -0.76      -1.0000      0.000
   11       -5.75       -0.88      -1.0000      0.000
   12       -5.68       -0.89      -1.0000      0.000
   13       -5.62       -0.71      -1.0000      0.000
   14       -5.59       -0.92      -1.0000      0.000
   15       -5.51       -0.51      -1.0000      0.000
   16       -5.50       -0.39      -1.0000      0.000
   17       -5.49       -1.05      -1.0000      0.000
   18       -5.49       -1.11      -1.0000      0.000
   19       -5.47       -0.80      -1.0000      0.000
   20       -5.44       -0.91      -1.0000      0.000
 18       -5.49       -1.11      -1.0000      0.000
   19       -5.47       -0.80      -1.0000      0.000
   20       -5.44       -0.91      -1.0000      0.000
