              _             
             (_)            
   __ _ _ __  _ _ __   __ _ 
  / _` | '_ \| | '_ \ / _` |
 | (_| | | | | | | | | (_| |
  \__, |_| |_|_|_| |_|\__,_|
   __/ |                    
  |___/                     

gnina v1.3.1 master:5bd63bd   Built May 23 2025.
gnina is based on smina and AutoDock Vina.
Please cite appropriately.

Commandline: /usr/local/bin/gnina -r /nfs/home/jstempel/vina_inputs/prep/5UWZ/receptor_no_ligand.pdb -l /lustre/isaac24/scratch/jstempel/gnina_full_no_cnn_exh8_cpu24/_tmp_5UWZ_z6sE/ligand.sdf --center_x -5.235 --center_y 30.722 --center_z -9.054 --size_x 15.120 --size_y 11.784 --size_z 17.051 --exhaustiveness 8 --num_modes 20 --cpu 24 --cnn_scoring none --scoring vina --addH 0 --log /lustre/isaac24/scratch/jstempel/gnina_full_no_cnn_exh8_cpu24/logs/5UWZ.log --out /lustre/isaac24/scratch/jstempel/gnina_full_no_cnn_exh8_cpu24/flat/5UWZ.pdbqt --seed 0 --device 0
Using random seed: 0

mode |  affinity  |  intramol  |    CNN     |   CNN
     | (kcal/mol) | (kcal/mol) | pose score | affinity
-----+------------+------------+------------+----------
    1       -7.45       -0.90      -1.0000      0.000
    2       -7.45       -1.03      -1.0000      0.000
    3       -7.43       -1.02      -1.0000      0.000
    4       -7.35       -1.19      -1.0000      0.000
    5       -7.26       -1.17      -1.0000      0.000
    6       -7.21       -0.80      -1.0000      0.000
    7       -7.07       -0.67      -1.0000      0.000
    8       -7.07       -0.99      -1.0000      0.000
    9       -7.05       -0.73      -1.0000      0.000
   10       -6.94       -1.02      -1.0000      0.000
   11       -6.86       -0.81      -1.0000      0.000
   12       -6.65       -1.24      -1.0000      0.000
   13       -6.60       -0.61      -1.0000      0.000
   14       -6.58       -1.16      -1.0000      0.000
   15       -6.54       -0.85      -1.0000      0.000
   16       -6.32       -1.37      -1.0000      0.000
   17       -6.20       -0.25      -1.0000      0.000
   18       -6.17       -1.33      -1.0000      0.000
   19       -5.59       -1.41      -1.0000      0.000
   20       -5.55       -0.87      -1.0000      0.000
 18       -6.17       -1.33      -1.0000      0.000
   19       -5.59       -1.41      -1.0000      0.000
   20       -5.55       -0.87      -1.0000      0.000
