              _             
             (_)            
   __ _ _ __  _ _ __   __ _ 
  / _` | '_ \| | '_ \ / _` |
 | (_| | | | | | | | | (_| |
  \__, |_| |_|_|_| |_|\__,_|
   __/ |                    
  |___/                     

gnina v1.3.1 master:5bd63bd   Built May 23 2025.
gnina is based on smina and AutoDock Vina.
Please cite appropriately.

Commandline: /usr/local/bin/gnina -r /nfs/home/jstempel/vina_inputs/prep/6C74/receptor_no_ligand.pdb -l /lustre/isaac24/scratch/jstempel/gnina_full_no_cnn_exh8_cpu24/_tmp_6C74_Rzyv/ligand.sdf --center_x 5.746 --center_y 13.247 --center_z 2.355 --size_x 10.533 --size_y 11.280 --size_z 10.906 --exhaustiveness 8 --num_modes 20 --cpu 24 --cnn_scoring none --scoring vina --addH 0 --log /lustre/isaac24/scratch/jstempel/gnina_full_no_cnn_exh8_cpu24/logs/6C74.log --out /lustre/isaac24/scratch/jstempel/gnina_full_no_cnn_exh8_cpu24/flat/6C74.pdbqt --seed 0 --device 0
Using random seed: 0

mode |  affinity  |  intramol  |    CNN     |   CNN
     | (kcal/mol) | (kcal/mol) | pose score | affinity
-----+------------+------------+------------+----------
    1       -3.31       -0.01      -1.0000      0.000
    2       -3.27       -0.01      -1.0000      0.000
    3       -3.24       -0.01      -1.0000      0.000
    4       -3.24       -0.01      -1.0000      0.000
    5       -3.23       -0.04      -1.0000      0.000
    6       -3.07       -0.04      -1.0000      0.000
    7       -3.03       -0.01      -1.0000      0.000
    8       -2.92       -0.01      -1.0000      0.000
    9       -2.91       -0.01      -1.0000      0.000
   10       -2.91       -0.01      -1.0000      0.000
   11       -2.87       -0.01      -1.0000      0.000
   12       -2.84       -0.04      -1.0000      0.000
   13       -2.84       -0.01      -1.0000      0.000
   14       -2.83       -0.04      -1.0000      0.000
   15       -2.82       -0.07      -1.0000      0.000
   16       -2.81       -0.07      -1.0000      0.000
   17       -2.80       -0.04      -1.0000      0.000
   18       -2.78       -0.04      -1.0000      0.000
   19       -2.78       -0.04      -1.0000      0.000
   20       -2.76       -0.07      -1.0000      0.000
 18       -2.78       -0.04      -1.0000      0.000
   19       -2.78       -0.04      -1.0000      0.000
   20       -2.76       -0.07      -1.0000      0.000
