              _             
             (_)            
   __ _ _ __  _ _ __   __ _ 
  / _` | '_ \| | '_ \ / _` |
 | (_| | | | | | | | | (_| |
  \__, |_| |_|_|_| |_|\__,_|
   __/ |                    
  |___/                     

gnina v1.3.1 master:5bd63bd   Built May 23 2025.
gnina is based on smina and AutoDock Vina.
Please cite appropriately.

Commandline: /usr/local/bin/gnina -r /nfs/home/jstempel/vina_inputs/prep/6DGG/receptor_no_ligand.pdb -l /lustre/isaac24/scratch/jstempel/gnina_full_no_cnn_exh8_cpu24/_tmp_6DGG_5eCI/ligand.sdf --center_x 9.021 --center_y 11.213 --center_z 8.559 --size_x 17.898 --size_y 10.735 --size_z 12.327 --exhaustiveness 8 --num_modes 20 --cpu 24 --cnn_scoring none --scoring vina --addH 0 --log /lustre/isaac24/scratch/jstempel/gnina_full_no_cnn_exh8_cpu24/logs/6DGG.log --out /lustre/isaac24/scratch/jstempel/gnina_full_no_cnn_exh8_cpu24/flat/6DGG.pdbqt --seed 0 --device 0
Using random seed: 0

mode |  affinity  |  intramol  |    CNN     |   CNN
     | (kcal/mol) | (kcal/mol) | pose score | affinity
-----+------------+------------+------------+----------
    1       -7.66       -0.62      -1.0000      0.000
    2       -7.37       -0.30      -1.0000      0.000
    3       -7.24       -0.56      -1.0000      0.000
    4       -6.66       -0.16      -1.0000      0.000
    5       -6.65       -0.48      -1.0000      0.000
    6       -6.62       -0.34      -1.0000      0.000
    7       -6.24       -0.72      -1.0000      0.000
    8       -5.49       -0.58      -1.0000      0.000
    9       -5.43       -0.32      -1.0000      0.000
   10       -4.74       -0.49      -1.0000      0.000
  8       -5.49       -0.58      -1.0000      0.000
    9       -5.43       -0.32      -1.0000      0.000
   10       -4.74       -0.49      -1.0000      0.000
