              _             
             (_)            
   __ _ _ __  _ _ __   __ _ 
  / _` | '_ \| | '_ \ / _` |
 | (_| | | | | | | | | (_| |
  \__, |_| |_|_|_| |_|\__,_|
   __/ |                    
  |___/                     

gnina v1.3.1 master:5bd63bd   Built May 23 2025.
gnina is based on smina and AutoDock Vina.
Please cite appropriately.

Commandline: /usr/local/bin/gnina -r /nfs/home/jstempel/vina_inputs/prep/6DKE/receptor_no_ligand.pdb -l /lustre/isaac24/scratch/jstempel/gnina_full_no_cnn_exh8_cpu24/_tmp_6DKE_BOnf/ligand.sdf --center_x 10.632 --center_y -5.831 --center_z 10.684 --size_x 13.440 --size_y 21.323 --size_z 12.302 --exhaustiveness 8 --num_modes 20 --cpu 24 --cnn_scoring none --scoring vina --addH 0 --log /lustre/isaac24/scratch/jstempel/gnina_full_no_cnn_exh8_cpu24/logs/6DKE.log --out /lustre/isaac24/scratch/jstempel/gnina_full_no_cnn_exh8_cpu24/flat/6DKE.pdbqt --seed 0 --device 0
Using random seed: 0

mode |  affinity  |  intramol  |    CNN     |   CNN
     | (kcal/mol) | (kcal/mol) | pose score | affinity
-----+------------+------------+------------+----------
    1       -7.73       -0.64      -1.0000      0.000
    2       -7.38       -0.40      -1.0000      0.000
    3       -7.35       -0.61      -1.0000      0.000
    4       -6.92       -0.57      -1.0000      0.000
    5       -6.61       -0.44      -1.0000      0.000
    6       -6.29       -0.58      -1.0000      0.000
    7       -6.22       -0.40      -1.0000      0.000
    8       -6.17       -0.44      -1.0000      0.000
    9       -6.03       -0.70      -1.0000      0.000
   10       -5.99       -0.52      -1.0000      0.000
   11       -5.80       -0.28      -1.0000      0.000
   12       -5.71       -1.13      -1.0000      0.000
   13       -5.66       -0.37      -1.0000      0.000
   14       -5.28       -0.40      -1.0000      0.000
   15       -5.11       -0.60      -1.0000      0.000
   16       -4.66       -0.33      -1.0000      0.000
   17       -4.18       -0.45      -1.0000      0.000
   18       -4.10       -0.68      -1.0000      0.000
   19       -2.10        0.33      -1.0000      0.000
   20       -0.93        2.11      -1.0000      0.000
0      0.000
   15       -5.11       -0.60      -1.0000      0.000
   16       -4.66       -0.33      -1.0000      0.000
   17       -4.18       -0.45      -1.0000      0.000
   18       -4.10       -0.68      -1.0000      0.000
   19       -2.10        0.33      -1.0000      0.000
   20       -0.93        2.11      -1.0000      0.000
