              _             
             (_)            
   __ _ _ __  _ _ __   __ _ 
  / _` | '_ \| | '_ \ / _` |
 | (_| | | | | | | | | (_| |
  \__, |_| |_|_|_| |_|\__,_|
   __/ |                    
  |___/                     

gnina v1.3.1 master:5bd63bd   Built May 23 2025.
gnina is based on smina and AutoDock Vina.
Please cite appropriately.

Commandline: /usr/local/bin/gnina -r /nfs/home/jstempel/vina_inputs/prep/6E5F/receptor_no_ligand.pdb -l /lustre/isaac24/scratch/jstempel/gnina_full_no_cnn_exh8_cpu24/_tmp_6E5F_UTkF/ligand.sdf --center_x -27.342 --center_y -11.455 --center_z -2.035 --size_x 15.080 --size_y 14.829 --size_z 25.476 --exhaustiveness 8 --num_modes 20 --cpu 24 --cnn_scoring none --scoring vina --addH 0 --log /lustre/isaac24/scratch/jstempel/gnina_full_no_cnn_exh8_cpu24/logs/6E5F.log --out /lustre/isaac24/scratch/jstempel/gnina_full_no_cnn_exh8_cpu24/flat/6E5F.pdbqt --seed 0 --device 0
Using random seed: 0

mode |  affinity  |  intramol  |    CNN     |   CNN
     | (kcal/mol) | (kcal/mol) | pose score | affinity
-----+------------+------------+------------+----------
    1       -7.28       -1.39      -1.0000      0.000
    2       -7.08       -1.57      -1.0000      0.000
    3       -7.05       -1.71      -1.0000      0.000
    4       -6.86       -1.15      -1.0000      0.000
    5       -6.61       -1.98      -1.0000      0.000
    6       -6.54        0.48      -1.0000      0.000
    7       -6.49       -1.30      -1.0000      0.000
    8       -6.39       -0.69      -1.0000      0.000
    9       -6.33       -1.78      -1.0000      0.000
   10       -6.01       -1.55      -1.0000      0.000
   11       -6.01       -0.95      -1.0000      0.000
   12       -5.99       -0.51      -1.0000      0.000
   13       -5.59       -2.24      -1.0000      0.000
   14       -5.51       -0.95      -1.0000      0.000
   15       -5.39       -1.66      -1.0000      0.000
   16       -5.35       -1.94      -1.0000      0.000
   17       -5.29       -1.22      -1.0000      0.000
   18       -5.27       -1.80      -1.0000      0.000
   19       -5.25       -2.30      -1.0000      0.000
   20       -5.22       -1.56      -1.0000      0.000
 18       -5.27       -1.80      -1.0000      0.000
   19       -5.25       -2.30      -1.0000      0.000
   20       -5.22       -1.56      -1.0000      0.000
