              _             
             (_)            
   __ _ _ __  _ _ __   __ _ 
  / _` | '_ \| | '_ \ / _` |
 | (_| | | | | | | | | (_| |
  \__, |_| |_|_|_| |_|\__,_|
   __/ |                    
  |___/                     

gnina v1.3.1 master:5bd63bd   Built May 23 2025.
gnina is based on smina and AutoDock Vina.
Please cite appropriately.

Commandline: /usr/local/bin/gnina -r /nfs/home/jstempel/vina_inputs/prep/6EW2/receptor_no_ligand.pdb -l /lustre/isaac24/scratch/jstempel/gnina_full_no_cnn_exh8_cpu24/_tmp_6EW2_HTFQ/ligand.sdf --center_x 69.825 --center_y 42.213 --center_z -1.411 --size_x 11.644 --size_y 15.661 --size_z 12.493 --exhaustiveness 8 --num_modes 20 --cpu 24 --cnn_scoring none --scoring vina --addH 0 --log /lustre/isaac24/scratch/jstempel/gnina_full_no_cnn_exh8_cpu24/logs/6EW2.log --out /lustre/isaac24/scratch/jstempel/gnina_full_no_cnn_exh8_cpu24/flat/6EW2.pdbqt --seed 0 --device 0
Using random seed: 0

mode |  affinity  |  intramol  |    CNN     |   CNN
     | (kcal/mol) | (kcal/mol) | pose score | affinity
-----+------------+------------+------------+----------
    1       -5.95       -0.61      -1.0000      0.000
    2       -5.84       -1.39      -1.0000      0.000
    3       -5.82       -0.79      -1.0000      0.000
    4       -5.64       -0.83      -1.0000      0.000
    5       -5.56       -0.74      -1.0000      0.000
    6       -5.49       -1.28      -1.0000      0.000
    7       -5.42       -1.15      -1.0000      0.000
    8       -5.41        0.36      -1.0000      0.000
    9       -5.41       -0.89      -1.0000      0.000
   10       -5.37       -1.10      -1.0000      0.000
   11       -5.34       -0.82      -1.0000      0.000
   12       -5.34       -1.33      -1.0000      0.000
   13       -5.30       -0.97      -1.0000      0.000
   14       -5.27       -1.38      -1.0000      0.000
   15       -5.25       -1.37      -1.0000      0.000
   16       -5.23       -1.57      -1.0000      0.000
   17       -5.19       -1.10      -1.0000      0.000
   18       -5.17       -1.26      -1.0000      0.000
   19       -5.15       -1.30      -1.0000      0.000
   20       -5.15       -0.66      -1.0000      0.000
 18       -5.17       -1.26      -1.0000      0.000
   19       -5.15       -1.30      -1.0000      0.000
   20       -5.15       -0.66      -1.0000      0.000
