              _             
             (_)            
   __ _ _ __  _ _ __   __ _ 
  / _` | '_ \| | '_ \ / _` |
 | (_| | | | | | | | | (_| |
  \__, |_| |_|_|_| |_|\__,_|
   __/ |                    
  |___/                     

gnina v1.3.1 master:5bd63bd   Built May 23 2025.
gnina is based on smina and AutoDock Vina.
Please cite appropriately.

Commandline: /usr/local/bin/gnina -r /nfs/home/jstempel/vina_inputs/prep/6EW4/receptor_no_ligand.pdb -l /lustre/isaac24/scratch/jstempel/gnina_full_no_cnn_exh8_cpu24/_tmp_6EW4_qVXp/ligand.sdf --center_x -18.178 --center_y -2.390 --center_z 3.180 --size_x 12.445 --size_y 15.609 --size_z 9.142 --exhaustiveness 8 --num_modes 20 --cpu 24 --cnn_scoring none --scoring vina --addH 0 --log /lustre/isaac24/scratch/jstempel/gnina_full_no_cnn_exh8_cpu24/logs/6EW4.log --out /lustre/isaac24/scratch/jstempel/gnina_full_no_cnn_exh8_cpu24/flat/6EW4.pdbqt --seed 0 --device 0
Using random seed: 0

mode |  affinity  |  intramol  |    CNN     |   CNN
     | (kcal/mol) | (kcal/mol) | pose score | affinity
-----+------------+------------+------------+----------
    1       -5.91       -0.97      -1.0000      0.000
    2       -5.73       -1.20      -1.0000      0.000
    3       -5.69       -0.54      -1.0000      0.000
    4       -5.65       -0.85      -1.0000      0.000
    5       -5.64       -1.26      -1.0000      0.000
    6       -5.57       -1.24      -1.0000      0.000
    7       -5.54       -0.73      -1.0000      0.000
    8       -5.53       -1.16      -1.0000      0.000
    9       -5.53       -1.25      -1.0000      0.000
   10       -5.50       -0.89      -1.0000      0.000
   11       -5.38       -1.38      -1.0000      0.000
   12       -5.36       -1.34      -1.0000      0.000
   13       -5.34       -0.96      -1.0000      0.000
   14       -5.33       -1.53      -1.0000      0.000
   15       -5.32       -1.65      -1.0000      0.000
   16       -5.27       -1.23      -1.0000      0.000
   17       -5.22       -1.53      -1.0000      0.000
   18       -5.20       -1.32      -1.0000      0.000
   19       -5.19       -1.43      -1.0000      0.000
   20       -5.17       -1.74      -1.0000      0.000
 18       -5.20       -1.32      -1.0000      0.000
   19       -5.19       -1.43      -1.0000      0.000
   20       -5.17       -1.74      -1.0000      0.000
