              _             
             (_)            
   __ _ _ __  _ _ __   __ _ 
  / _` | '_ \| | '_ \ / _` |
 | (_| | | | | | | | | (_| |
  \__, |_| |_|_|_| |_|\__,_|
   __/ |                    
  |___/                     

gnina v1.3.1 master:5bd63bd   Built May 23 2025.
gnina is based on smina and AutoDock Vina.
Please cite appropriately.

Commandline: /usr/local/bin/gnina -r /nfs/home/jstempel/vina_inputs/prep/6GE7/receptor_no_ligand.pdb -l /lustre/isaac24/scratch/jstempel/gnina_full_no_cnn_exh8_cpu24/_tmp_6GE7_0KDk/ligand.sdf --center_x 17.904 --center_y 49.611 --center_z 55.606 --size_x 24.131 --size_y 11.232 --size_z 11.754 --exhaustiveness 8 --num_modes 20 --cpu 24 --cnn_scoring none --scoring vina --addH 0 --log /lustre/isaac24/scratch/jstempel/gnina_full_no_cnn_exh8_cpu24/logs/6GE7.log --out /lustre/isaac24/scratch/jstempel/gnina_full_no_cnn_exh8_cpu24/flat/6GE7.pdbqt --seed 0 --device 0
Using random seed: 0

mode |  affinity  |  intramol  |    CNN     |   CNN
     | (kcal/mol) | (kcal/mol) | pose score | affinity
-----+------------+------------+------------+----------
    1       -6.66       -0.60      -1.0000      0.000
    2       -6.44       -0.20      -1.0000      0.000
    3       -6.39       -1.19      -1.0000      0.000
    4       -6.34       -0.57      -1.0000      0.000
    5       -6.24        0.70      -1.0000      0.000
    6       -6.23       -1.02      -1.0000      0.000
    7       -6.20       -0.97      -1.0000      0.000
    8       -6.15       -0.93      -1.0000      0.000
    9       -6.09       -0.86      -1.0000      0.000
   10       -6.01       -1.09      -1.0000      0.000
   11       -5.97       -0.94      -1.0000      0.000
   12       -5.92       -0.69      -1.0000      0.000
   13       -5.88       -0.78      -1.0000      0.000
   14       -5.87       -1.18      -1.0000      0.000
   15       -5.85       -0.80      -1.0000      0.000
   16       -5.80       -0.88      -1.0000      0.000
   17       -5.80       -1.38      -1.0000      0.000
   18       -5.69       -0.78      -1.0000      0.000
   19       -5.66       -0.87      -1.0000      0.000
   20       -5.65       -0.58      -1.0000      0.000
 18       -5.69       -0.78      -1.0000      0.000
   19       -5.66       -0.87      -1.0000      0.000
   20       -5.65       -0.58      -1.0000      0.000
