              _             
             (_)            
   __ _ _ __  _ _ __   __ _ 
  / _` | '_ \| | '_ \ / _` |
 | (_| | | | | | | | | (_| |
  \__, |_| |_|_|_| |_|\__,_|
   __/ |                    
  |___/                     

gnina v1.3.1 master:5bd63bd   Built May 23 2025.
gnina is based on smina and AutoDock Vina.
Please cite appropriately.

Commandline: /usr/local/bin/gnina -r /nfs/home/jstempel/vina_inputs/prep/6GF9/receptor_no_ligand.pdb -l /lustre/isaac24/scratch/jstempel/gnina_full_no_cnn_exh8_cpu24/_tmp_6GF9_YXaI/ligand.sdf --center_x 9.726 --center_y -2.500 --center_z 55.878 --size_x 21.922 --size_y 11.265 --size_z 11.151 --exhaustiveness 8 --num_modes 20 --cpu 24 --cnn_scoring none --scoring vina --addH 0 --log /lustre/isaac24/scratch/jstempel/gnina_full_no_cnn_exh8_cpu24/logs/6GF9.log --out /lustre/isaac24/scratch/jstempel/gnina_full_no_cnn_exh8_cpu24/flat/6GF9.pdbqt --seed 0 --device 0
Using random seed: 0

mode |  affinity  |  intramol  |    CNN     |   CNN
     | (kcal/mol) | (kcal/mol) | pose score | affinity
-----+------------+------------+------------+----------
    1       -6.69       -0.99      -1.0000      0.000
    2       -6.59       -0.71      -1.0000      0.000
    3       -6.45       -0.69      -1.0000      0.000
    4       -6.44       -1.02      -1.0000      0.000
    5       -6.40       -0.86      -1.0000      0.000
    6       -6.34       -0.38      -1.0000      0.000
    7       -6.17       -1.08      -1.0000      0.000
    8       -6.04       -0.54      -1.0000      0.000
    9       -5.98       -0.69      -1.0000      0.000
   10       -5.88       -0.63      -1.0000      0.000
   11       -5.77       -0.80      -1.0000      0.000
   12       -5.76       -0.98      -1.0000      0.000
   13       -5.75       -0.57      -1.0000      0.000
   14       -5.69       -0.70      -1.0000      0.000
   15       -5.57       -0.83      -1.0000      0.000
   16       -5.46       -0.99      -1.0000      0.000
   17       -5.43       -0.59      -1.0000      0.000
   18       -5.37       -0.80      -1.0000      0.000
   19       -5.36       -0.81      -1.0000      0.000
   20       -5.12       -0.75      -1.0000      0.000
 18       -5.37       -0.80      -1.0000      0.000
   19       -5.36       -0.81      -1.0000      0.000
   20       -5.12       -0.75      -1.0000      0.000
