              _             
             (_)            
   __ _ _ __  _ _ __   __ _ 
  / _` | '_ \| | '_ \ / _` |
 | (_| | | | | | | | | (_| |
  \__, |_| |_|_|_| |_|\__,_|
   __/ |                    
  |___/                     

gnina v1.3.1 master:5bd63bd   Built May 23 2025.
gnina is based on smina and AutoDock Vina.
Please cite appropriately.

Commandline: /usr/local/bin/gnina -r /nfs/home/jstempel/vina_inputs/prep/6GFS/receptor_no_ligand.pdb -l /lustre/isaac24/scratch/jstempel/gnina_full_no_cnn_exh8_cpu24/_tmp_6GFS_0eVu/ligand.sdf --center_x 9.383 --center_y -2.360 --center_z 55.819 --size_x 22.100 --size_y 11.464 --size_z 10.518 --exhaustiveness 8 --num_modes 20 --cpu 24 --cnn_scoring none --scoring vina --addH 0 --log /lustre/isaac24/scratch/jstempel/gnina_full_no_cnn_exh8_cpu24/logs/6GFS.log --out /lustre/isaac24/scratch/jstempel/gnina_full_no_cnn_exh8_cpu24/flat/6GFS.pdbqt --seed 0 --device 0
Using random seed: 0

mode |  affinity  |  intramol  |    CNN     |   CNN
     | (kcal/mol) | (kcal/mol) | pose score | affinity
-----+------------+------------+------------+----------
    1       -6.70       -0.88      -1.0000      0.000
    2       -6.60       -0.75      -1.0000      0.000
    3       -6.53       -0.76      -1.0000      0.000
    4       -6.38       -0.70      -1.0000      0.000
    5       -6.27       -0.75      -1.0000      0.000
    6       -6.25       -0.59      -1.0000      0.000
    7       -5.99       -0.66      -1.0000      0.000
    8       -5.97       -0.70      -1.0000      0.000
    9       -5.94       -0.62      -1.0000      0.000
   10       -5.82       -0.79      -1.0000      0.000
   11       -5.77       -0.61      -1.0000      0.000
   12       -5.56       -0.93      -1.0000      0.000
   13       -5.55       -0.44      -1.0000      0.000
   14       -5.52       -0.71      -1.0000      0.000
   15       -5.51       -0.70      -1.0000      0.000
   16       -5.46       -0.87      -1.0000      0.000
   17       -5.45       -0.99      -1.0000      0.000
   18       -5.21       -0.47      -1.0000      0.000
   19       -5.13       -0.78      -1.0000      0.000
   20       -5.10       -0.60      -1.0000      0.000
 18       -5.21       -0.47      -1.0000      0.000
   19       -5.13       -0.78      -1.0000      0.000
   20       -5.10       -0.60      -1.0000      0.000
