              _             
             (_)            
   __ _ _ __  _ _ __   __ _ 
  / _` | '_ \| | '_ \ / _` |
 | (_| | | | | | | | | (_| |
  \__, |_| |_|_|_| |_|\__,_|
   __/ |                    
  |___/                     

gnina v1.3.1 master:5bd63bd   Built May 23 2025.
gnina is based on smina and AutoDock Vina.
Please cite appropriately.

Commandline: /usr/local/bin/gnina -r /nfs/home/jstempel/vina_inputs/prep/6IWP/receptor_no_ligand.pdb -l /lustre/isaac24/scratch/jstempel/gnina_full_no_cnn_exh8_cpu24/_tmp_6IWP_S1Yg/ligand.sdf --center_x 10.539 --center_y 22.399 --center_z -3.456 --size_x 9.410 --size_y 10.419 --size_z 19.353 --exhaustiveness 8 --num_modes 20 --cpu 24 --cnn_scoring none --scoring vina --addH 0 --log /lustre/isaac24/scratch/jstempel/gnina_full_no_cnn_exh8_cpu24/logs/6IWP.log --out /lustre/isaac24/scratch/jstempel/gnina_full_no_cnn_exh8_cpu24/flat/6IWP.pdbqt --seed 0 --device 0
Using random seed: 0

mode |  affinity  |  intramol  |    CNN     |   CNN
     | (kcal/mol) | (kcal/mol) | pose score | affinity
-----+------------+------------+------------+----------
    1       -6.35       -0.74      -1.0000      0.000
    2       -6.31       -0.84      -1.0000      0.000
    3       -6.29       -0.73      -1.0000      0.000
    4       -6.28       -0.69      -1.0000      0.000
    5       -6.12       -0.47      -1.0000      0.000
    6       -6.04       -0.60      -1.0000      0.000
    7       -6.02       -0.76      -1.0000      0.000
    8       -5.99       -0.54      -1.0000      0.000
    9       -5.92       -0.93      -1.0000      0.000
   10       -5.86       -0.66      -1.0000      0.000
   11       -5.83       -0.74      -1.0000      0.000
   12       -5.78       -0.66      -1.0000      0.000
   13       -5.64       -0.83      -1.0000      0.000
   14       -5.55       -1.17      -1.0000      0.000
   15       -5.55       -0.52      -1.0000      0.000
   16       -5.47       -0.53      -1.0000      0.000
   17       -5.42       -0.89      -1.0000      0.000
   18       -5.38       -0.85      -1.0000      0.000
   19       -5.30       -0.72      -1.0000      0.000
   20       -5.17       -0.67      -1.0000      0.000
2       -0.93      -1.0000      0.000
   10       -5.86       -0.66      -1.0000      0.000
   11       -5.83       -0.74      -1.0000      0.000
   12       -5.78       -0.66      -1.0000      0.000
   13       -5.64       -0.83      -1.0000      0.000
   14       -5.55       -1.17      -1.0000      0.000
   15       -5.55       -0.52      -1.0000      0.000
   16       -5.47       -0.53      -1.0000      0.000
   17       -5.42       -0.89      -1.0000      0.000
   18       -5.38       -0.85      -1.0000      0.000
   19       -5.30       -0.72      -1.0000      0.000
   20       -5.17       -0.67      -1.0000      0.000
