              _             
             (_)            
   __ _ _ __  _ _ __   __ _ 
  / _` | '_ \| | '_ \ / _` |
 | (_| | | | | | | | | (_| |
  \__, |_| |_|_|_| |_|\__,_|
   __/ |                    
  |___/                     

gnina v1.3.1 master:5bd63bd   Built May 23 2025.
gnina is based on smina and AutoDock Vina.
Please cite appropriately.

Commandline: /usr/local/bin/gnina -r /nfs/home/jstempel/vina_inputs/prep/6LX7/receptor_no_ligand.pdb -l /lustre/isaac24/scratch/jstempel/gnina_full_no_cnn_exh8_cpu24/_tmp_6LX7_6lqR/ligand.sdf --center_x 11.713 --center_y 4.399 --center_z -6.936 --size_x 12.386 --size_y 16.400 --size_z 18.952 --exhaustiveness 8 --num_modes 20 --cpu 24 --cnn_scoring none --scoring vina --addH 0 --log /lustre/isaac24/scratch/jstempel/gnina_full_no_cnn_exh8_cpu24/logs/6LX7.log --out /lustre/isaac24/scratch/jstempel/gnina_full_no_cnn_exh8_cpu24/flat/6LX7.pdbqt --seed 0 --device 0
Using random seed: 0

mode |  affinity  |  intramol  |    CNN     |   CNN
     | (kcal/mol) | (kcal/mol) | pose score | affinity
-----+------------+------------+------------+----------
    1       -6.11       -0.97      -1.0000      0.000
    2       -6.10       -0.47      -1.0000      0.000
    3       -6.03       -0.98      -1.0000      0.000
    4       -6.02       -0.76      -1.0000      0.000
    5       -6.00       -0.40      -1.0000      0.000
    6       -5.95       -0.82      -1.0000      0.000
    7       -5.89       -0.86      -1.0000      0.000
    8       -5.89       -0.86      -1.0000      0.000
    9       -5.88       -0.68      -1.0000      0.000
   10       -5.84       -1.04      -1.0000      0.000
   11       -5.63       -0.87      -1.0000      0.000
   12       -5.60       -0.97      -1.0000      0.000
   13       -5.59       -1.57      -1.0000      0.000
   14       -5.56       -1.04      -1.0000      0.000
   15       -5.54       -0.78      -1.0000      0.000
   16       -5.53       -1.61      -1.0000      0.000
   17       -5.53       -0.90      -1.0000      0.000
   18       -5.49       -1.02      -1.0000      0.000
   19       -5.48       -0.81      -1.0000      0.000
   20       -5.47       -0.78      -1.0000      0.000
 18       -5.49       -1.02      -1.0000      0.000
   19       -5.48       -0.81      -1.0000      0.000
   20       -5.47       -0.78      -1.0000      0.000
