              _             
             (_)            
   __ _ _ __  _ _ __   __ _ 
  / _` | '_ \| | '_ \ / _` |
 | (_| | | | | | | | | (_| |
  \__, |_| |_|_|_| |_|\__,_|
   __/ |                    
  |___/                     

gnina v1.3.1 master:5bd63bd   Built May 23 2025.
gnina is based on smina and AutoDock Vina.
Please cite appropriately.

Commandline: /usr/local/bin/gnina -r /nfs/home/jstempel/vina_inputs/prep/6NOK/receptor_no_ligand.pdb -l /lustre/isaac24/scratch/jstempel/gnina_full_no_cnn_exh8_cpu24/_tmp_6NOK_Edu1/ligand.sdf --center_x 10.090 --center_y -7.097 --center_z 12.418 --size_x 15.407 --size_y 17.672 --size_z 12.738 --exhaustiveness 8 --num_modes 20 --cpu 24 --cnn_scoring none --scoring vina --addH 0 --log /lustre/isaac24/scratch/jstempel/gnina_full_no_cnn_exh8_cpu24/logs/6NOK.log --out /lustre/isaac24/scratch/jstempel/gnina_full_no_cnn_exh8_cpu24/flat/6NOK.pdbqt --seed 0 --device 0
Using random seed: 0

mode |  affinity  |  intramol  |    CNN     |   CNN
     | (kcal/mol) | (kcal/mol) | pose score | affinity
-----+------------+------------+------------+----------
    1       -7.36       -0.50      -1.0000      0.000
    2       -7.23       -0.39      -1.0000      0.000
    3       -6.97       -0.44      -1.0000      0.000
    4       -6.89       -0.32      -1.0000      0.000
    5       -6.78       -0.58      -1.0000      0.000
    6       -6.74       -0.73      -1.0000      0.000
    7       -6.31       -0.42      -1.0000      0.000
    8       -5.86        0.91      -1.0000      0.000
    9       -5.78       -0.56      -1.0000      0.000
   10       -5.30       -0.57      -1.0000      0.000
   11       -5.25       -0.59      -1.0000      0.000
   12       -5.12       -0.36      -1.0000      0.000
   13       -4.90       -0.24      -1.0000      0.000
   14       -4.52       -0.32      -1.0000      0.000
   15       -4.40        0.73      -1.0000      0.000
   16       -4.14        1.81      -1.0000      0.000
   17       -3.77        0.99      -1.0000      0.000
   18       -2.78       -0.27      -1.0000      0.000
   19        4.97       -0.50      -1.0000      0.000
   20        7.44        0.02      -1.0000      0.000
 18       -2.78       -0.27      -1.0000      0.000
   19        4.97       -0.50      -1.0000      0.000
   20        7.44        0.02      -1.0000      0.000
