              _             
             (_)            
   __ _ _ __  _ _ __   __ _ 
  / _` | '_ \| | '_ \ / _` |
 | (_| | | | | | | | | (_| |
  \__, |_| |_|_|_| |_|\__,_|
   __/ |                    
  |___/                     

gnina v1.3.1 master:5bd63bd   Built May 23 2025.
gnina is based on smina and AutoDock Vina.
Please cite appropriately.

Commandline: /usr/local/bin/gnina -r /nfs/home/jstempel/vina_inputs/prep/6XU5/receptor_no_ligand.pdb -l /lustre/isaac24/scratch/jstempel/gnina_full_no_cnn_exh8_cpu24/_tmp_6XU5_rmta/ligand.sdf --center_x -0.774 --center_y 23.167 --center_z -4.641 --size_x 11.662 --size_y 13.104 --size_z 15.073 --exhaustiveness 8 --num_modes 20 --cpu 24 --cnn_scoring none --scoring vina --addH 0 --log /lustre/isaac24/scratch/jstempel/gnina_full_no_cnn_exh8_cpu24/logs/6XU5.log --out /lustre/isaac24/scratch/jstempel/gnina_full_no_cnn_exh8_cpu24/flat/6XU5.pdbqt --seed 0 --device 0
Using random seed: 0

mode |  affinity  |  intramol  |    CNN     |   CNN
     | (kcal/mol) | (kcal/mol) | pose score | affinity
-----+------------+------------+------------+----------
    1       -5.87       -0.84      -1.0000      0.000
    2       -5.84       -0.61      -1.0000      0.000
    3       -5.83       -0.90      -1.0000      0.000
    4       -5.80       -0.79      -1.0000      0.000
    5       -5.74       -0.91      -1.0000      0.000
    6       -5.74       -1.44      -1.0000      0.000
    7       -5.73       -0.83      -1.0000      0.000
    8       -5.63       -1.46      -1.0000      0.000
    9       -5.57       -0.82      -1.0000      0.000
   10       -5.55       -1.56      -1.0000      0.000
   11       -5.51       -0.88      -1.0000      0.000
   12       -5.49       -1.48      -1.0000      0.000
   13       -5.47       -1.28      -1.0000      0.000
   14       -5.41       -1.00      -1.0000      0.000
   15       -5.40       -0.94      -1.0000      0.000
   16       -5.38       -1.29      -1.0000      0.000
   17       -5.32       -1.34      -1.0000      0.000
   18       -5.31       -1.20      -1.0000      0.000
   19       -5.28       -1.22      -1.0000      0.000
   20       -5.27       -1.34      -1.0000      0.000
 18       -5.31       -1.20      -1.0000      0.000
   19       -5.28       -1.22      -1.0000      0.000
   20       -5.27       -1.34      -1.0000      0.000
