              _             
             (_)            
   __ _ _ __  _ _ __   __ _ 
  / _` | '_ \| | '_ \ / _` |
 | (_| | | | | | | | | (_| |
  \__, |_| |_|_|_| |_|\__,_|
   __/ |                    
  |___/                     

gnina v1.3.1 master:5bd63bd   Built May 23 2025.
gnina is based on smina and AutoDock Vina.
Please cite appropriately.

Commandline: /usr/local/bin/gnina -r /nfs/home/jstempel/vina_inputs/prep/7E25/receptor_no_ligand.pdb -l /lustre/isaac24/scratch/jstempel/gnina_full_no_cnn_exh8_cpu24/_tmp_7E25_QN0E/ligand.sdf --center_x 24.444 --center_y 5.174 --center_z 15.849 --size_x 11.632 --size_y 12.226 --size_z 14.101 --exhaustiveness 8 --num_modes 20 --cpu 24 --cnn_scoring none --scoring vina --addH 0 --log /lustre/isaac24/scratch/jstempel/gnina_full_no_cnn_exh8_cpu24/logs/7E25.log --out /lustre/isaac24/scratch/jstempel/gnina_full_no_cnn_exh8_cpu24/flat/7E25.pdbqt --seed 0 --device 0
Using random seed: 0

mode |  affinity  |  intramol  |    CNN     |   CNN
     | (kcal/mol) | (kcal/mol) | pose score | affinity
-----+------------+------------+------------+----------
    1       -6.39       -0.68      -1.0000      0.000
    2       -6.21       -1.10      -1.0000      0.000
    3       -6.11       -0.94      -1.0000      0.000
    4       -6.07       -0.88      -1.0000      0.000
    5       -6.00       -1.03      -1.0000      0.000
    6       -6.00       -1.07      -1.0000      0.000
    7       -6.00       -0.80      -1.0000      0.000
    8       -5.88       -0.99      -1.0000      0.000
    9       -5.80       -0.82      -1.0000      0.000
   10       -5.76       -0.94      -1.0000      0.000
   11       -5.76       -1.13      -1.0000      0.000
   12       -5.72       -0.66      -1.0000      0.000
   13       -5.63       -1.72      -1.0000      0.000
   14       -5.54       -1.46      -1.0000      0.000
   15       -5.52       -1.42      -1.0000      0.000
   16       -5.51       -1.28      -1.0000      0.000
   17       -5.51       -1.08      -1.0000      0.000
   18       -5.51       -1.23      -1.0000      0.000
   19       -5.50       -1.42      -1.0000      0.000
   20       -5.50       -1.48      -1.0000      0.000
 18       -5.51       -1.23      -1.0000      0.000
   19       -5.50       -1.42      -1.0000      0.000
   20       -5.50       -1.48      -1.0000      0.000
