              _             
             (_)            
   __ _ _ __  _ _ __   __ _ 
  / _` | '_ \| | '_ \ / _` |
 | (_| | | | | | | | | (_| |
  \__, |_| |_|_|_| |_|\__,_|
   __/ |                    
  |___/                     

gnina v1.3.1 master:5bd63bd   Built May 23 2025.
gnina is based on smina and AutoDock Vina.
Please cite appropriately.

Commandline: /usr/local/bin/gnina -r /nfs/home/jstempel/vina_inputs/prep/7FXL/receptor_no_ligand.pdb -l /lustre/isaac24/scratch/jstempel/gnina_full_no_cnn_exh8_cpu24/_tmp_7FXL_KpAq/ligand.sdf --center_x 14.919 --center_y -5.288 --center_z -21.525 --size_x 13.628 --size_y 9.040 --size_z 14.602 --exhaustiveness 8 --num_modes 20 --cpu 24 --cnn_scoring none --scoring vina --addH 0 --log /lustre/isaac24/scratch/jstempel/gnina_full_no_cnn_exh8_cpu24/logs/7FXL.log --out /lustre/isaac24/scratch/jstempel/gnina_full_no_cnn_exh8_cpu24/flat/7FXL.pdbqt --seed 0 --device 0
Using random seed: 0

mode |  affinity  |  intramol  |    CNN     |   CNN
     | (kcal/mol) | (kcal/mol) | pose score | affinity
-----+------------+------------+------------+----------
    1       -5.66       -0.70      -1.0000      0.000
    2       -5.64       -0.83      -1.0000      0.000
    3       -5.53       -0.77      -1.0000      0.000
    4       -5.43       -0.46      -1.0000      0.000
    5       -5.36       -1.33      -1.0000      0.000
    6       -5.21       -0.48      -1.0000      0.000
    7       -5.17       -0.70      -1.0000      0.000
    8       -5.16       -0.65      -1.0000      0.000
    9       -5.16       -0.51      -1.0000      0.000
   10       -5.13       -1.25      -1.0000      0.000
   11       -5.10       -0.63      -1.0000      0.000
   12       -5.09       -0.68      -1.0000      0.000
   13       -5.08       -0.71      -1.0000      0.000
   14       -5.07       -1.08      -1.0000      0.000
   15       -5.07       -1.25      -1.0000      0.000
   16       -5.04       -0.85      -1.0000      0.000
   17       -5.04       -0.83      -1.0000      0.000
   18       -5.03       -0.92      -1.0000      0.000
   19       -5.02       -0.81      -1.0000      0.000
   20       -5.00       -0.54      -1.0000      0.000
 18       -5.03       -0.92      -1.0000      0.000
   19       -5.02       -0.81      -1.0000      0.000
   20       -5.00       -0.54      -1.0000      0.000
