              _             
             (_)            
   __ _ _ __  _ _ __   __ _ 
  / _` | '_ \| | '_ \ / _` |
 | (_| | | | | | | | | (_| |
  \__, |_| |_|_|_| |_|\__,_|
   __/ |                    
  |___/                     

gnina v1.3.1 master:5bd63bd   Built May 23 2025.
gnina is based on smina and AutoDock Vina.
Please cite appropriately.

Commandline: /usr/local/bin/gnina -r /nfs/home/jstempel/vina_inputs/prep/7FY1/receptor_no_ligand.pdb -l /lustre/isaac24/scratch/jstempel/gnina_full_no_cnn_exh8_cpu24/_tmp_7FY1_7Vny/ligand.sdf --center_x -52.468 --center_y 20.601 --center_z 0.796 --size_x 11.295 --size_y 14.266 --size_z 15.895 --exhaustiveness 8 --num_modes 20 --cpu 24 --cnn_scoring none --scoring vina --addH 0 --log /lustre/isaac24/scratch/jstempel/gnina_full_no_cnn_exh8_cpu24/logs/7FY1.log --out /lustre/isaac24/scratch/jstempel/gnina_full_no_cnn_exh8_cpu24/flat/7FY1.pdbqt --seed 0 --device 0
Using random seed: 0

mode |  affinity  |  intramol  |    CNN     |   CNN
     | (kcal/mol) | (kcal/mol) | pose score | affinity
-----+------------+------------+------------+----------
    1       -5.47       -0.77      -1.0000      0.000
    2       -5.34       -0.82      -1.0000      0.000
    3       -5.33       -0.37      -1.0000      0.000
    4       -5.32       -1.13      -1.0000      0.000
    5       -5.28       -0.76      -1.0000      0.000
    6       -5.19       -0.50      -1.0000      0.000
    7       -5.16       -0.39      -1.0000      0.000
    8       -5.12       -0.68      -1.0000      0.000
    9       -5.03       -0.64      -1.0000      0.000
   10       -4.99       -0.70      -1.0000      0.000
   11       -4.96       -0.97      -1.0000      0.000
   12       -4.88       -0.82      -1.0000      0.000
   13       -4.88       -0.68      -1.0000      0.000
   14       -4.83       -0.87      -1.0000      0.000
   15       -4.78       -0.70      -1.0000      0.000
   16       -4.77       -0.94      -1.0000      0.000
   17       -4.77       -0.67      -1.0000      0.000
   18       -4.74       -0.68      -1.0000      0.000
   19       -4.72       -1.10      -1.0000      0.000
   20       -4.70       -0.65      -1.0000      0.000
 18       -4.74       -0.68      -1.0000      0.000
   19       -4.72       -1.10      -1.0000      0.000
   20       -4.70       -0.65      -1.0000      0.000
