              _             
             (_)            
   __ _ _ __  _ _ __   __ _ 
  / _` | '_ \| | '_ \ / _` |
 | (_| | | | | | | | | (_| |
  \__, |_| |_|_|_| |_|\__,_|
   __/ |                    
  |___/                     

gnina v1.3.1 master:5bd63bd   Built May 23 2025.
gnina is based on smina and AutoDock Vina.
Please cite appropriately.

Commandline: /usr/local/bin/gnina -r /nfs/home/jstempel/vina_inputs/prep/7FZK/receptor_no_ligand.pdb -l /lustre/isaac24/scratch/jstempel/gnina_full_no_cnn_exh8_cpu24/_tmp_7FZK_oBJe/ligand.sdf --center_x 13.854 --center_y 3.522 --center_z 0.804 --size_x 14.416 --size_y 9.123 --size_z 12.757 --exhaustiveness 8 --num_modes 20 --cpu 24 --cnn_scoring none --scoring vina --addH 0 --log /lustre/isaac24/scratch/jstempel/gnina_full_no_cnn_exh8_cpu24/logs/7FZK.log --out /lustre/isaac24/scratch/jstempel/gnina_full_no_cnn_exh8_cpu24/flat/7FZK.pdbqt --seed 0 --device 0
Using random seed: 0

mode |  affinity  |  intramol  |    CNN     |   CNN
     | (kcal/mol) | (kcal/mol) | pose score | affinity
-----+------------+------------+------------+----------
    1       -6.21       -0.84      -1.0000      0.000
    2       -6.04       -0.72      -1.0000      0.000
    3       -6.00       -0.15      -1.0000      0.000
    4       -5.92       -0.71      -1.0000      0.000
    5       -5.88       -1.05      -1.0000      0.000
    6       -5.84       -0.97      -1.0000      0.000
    7       -5.79       -0.74      -1.0000      0.000
    8       -5.76       -0.87      -1.0000      0.000
    9       -5.70       -0.43      -1.0000      0.000
   10       -5.69       -0.94      -1.0000      0.000
   11       -5.67       -0.99      -1.0000      0.000
   12       -5.62       -1.33      -1.0000      0.000
   13       -5.62       -0.98      -1.0000      0.000
   14       -5.60       -0.85      -1.0000      0.000
   15       -5.58       -0.55      -1.0000      0.000
   16       -5.57       -0.95      -1.0000      0.000
   17       -5.54       -1.10      -1.0000      0.000
   18       -5.49       -1.31      -1.0000      0.000
   19       -5.48       -0.96      -1.0000      0.000
   20       -5.47       -1.44      -1.0000      0.000
 18       -5.49       -1.31      -1.0000      0.000
   19       -5.48       -0.96      -1.0000      0.000
   20       -5.47       -1.44      -1.0000      0.000
