              _             
             (_)            
   __ _ _ __  _ _ __   __ _ 
  / _` | '_ \| | '_ \ / _` |
 | (_| | | | | | | | | (_| |
  \__, |_| |_|_|_| |_|\__,_|
   __/ |                    
  |___/                     

gnina v1.3.1 master:5bd63bd   Built May 23 2025.
gnina is based on smina and AutoDock Vina.
Please cite appropriately.

Commandline: /usr/local/bin/gnina -r /nfs/home/jstempel/vina_inputs/prep/7JX2/receptor_no_ligand.pdb -l /lustre/isaac24/scratch/jstempel/gnina_full_no_cnn_exh8_cpu24/_tmp_7JX2_7Wiz/ligand.sdf --center_x -0.309 --center_y -13.921 --center_z 15.090 --size_x 17.322 --size_y 15.561 --size_z 14.847 --exhaustiveness 8 --num_modes 20 --cpu 24 --cnn_scoring none --scoring vina --addH 0 --log /lustre/isaac24/scratch/jstempel/gnina_full_no_cnn_exh8_cpu24/logs/7JX2.log --out /lustre/isaac24/scratch/jstempel/gnina_full_no_cnn_exh8_cpu24/flat/7JX2.pdbqt --seed 0 --device 0
Using random seed: 0

mode |  affinity  |  intramol  |    CNN     |   CNN
     | (kcal/mol) | (kcal/mol) | pose score | affinity
-----+------------+------------+------------+----------
    1       -7.51        1.97      -1.0000      0.000
    2       -7.30        1.43      -1.0000      0.000
    3       -7.23       -1.26      -1.0000      0.000
    4       -7.15       -0.96      -1.0000      0.000
    5       -7.01       -0.60      -1.0000      0.000
    6       -7.01       -0.65      -1.0000      0.000
    7       -6.97       -0.94      -1.0000      0.000
    8       -6.92       -1.15      -1.0000      0.000
    9       -6.87       -1.45      -1.0000      0.000
   10       -6.85       -1.02      -1.0000      0.000
   11       -6.85       -1.41      -1.0000      0.000
   12       -6.72       -0.72      -1.0000      0.000
   13       -6.72       -1.50      -1.0000      0.000
   14       -6.71       -0.72      -1.0000      0.000
   15       -6.70       -0.64      -1.0000      0.000
   16       -6.70       -1.01      -1.0000      0.000
   17       -6.65       -0.81      -1.0000      0.000
   18       -6.58       -0.65      -1.0000      0.000
   19       -6.51       -1.16      -1.0000      0.000
   20       -6.48       -0.76      -1.0000      0.000
 18       -6.58       -0.65      -1.0000      0.000
   19       -6.51       -1.16      -1.0000      0.000
   20       -6.48       -0.76      -1.0000      0.000
