              _             
             (_)            
   __ _ _ __  _ _ __   __ _ 
  / _` | '_ \| | '_ \ / _` |
 | (_| | | | | | | | | (_| |
  \__, |_| |_|_|_| |_|\__,_|
   __/ |                    
  |___/                     

gnina v1.3.1 master:5bd63bd   Built May 23 2025.
gnina is based on smina and AutoDock Vina.
Please cite appropriately.

Commandline: /usr/local/bin/gnina -r /nfs/home/jstempel/vina_inputs/prep/7K3I/receptor_no_ligand.pdb -l /lustre/isaac24/scratch/jstempel/gnina_full_no_cnn_exh8_cpu24/_tmp_7K3I_56ls/ligand.sdf --center_x 1.073 --center_y 13.493 --center_z 15.614 --size_x 16.759 --size_y 14.750 --size_z 14.279 --exhaustiveness 8 --num_modes 20 --cpu 24 --cnn_scoring none --scoring vina --addH 0 --log /lustre/isaac24/scratch/jstempel/gnina_full_no_cnn_exh8_cpu24/logs/7K3I.log --out /lustre/isaac24/scratch/jstempel/gnina_full_no_cnn_exh8_cpu24/flat/7K3I.pdbqt --seed 0 --device 0
Using random seed: 0

mode |  affinity  |  intramol  |    CNN     |   CNN
     | (kcal/mol) | (kcal/mol) | pose score | affinity
-----+------------+------------+------------+----------
    1       -6.90       -1.02      -1.0000      0.000
    2       -6.79       -0.82      -1.0000      0.000
    3       -6.76       -0.61      -1.0000      0.000
    4       -6.69        0.08      -1.0000      0.000
    5       -6.66       -0.77      -1.0000      0.000
    6       -6.64       -0.85      -1.0000      0.000
    7       -6.63       -0.35      -1.0000      0.000
    8       -6.52       -0.71      -1.0000      0.000
    9       -6.49        0.27      -1.0000      0.000
   10       -6.42       -0.24      -1.0000      0.000
   11       -6.29       -0.90      -1.0000      0.000
   12       -6.17       -0.81      -1.0000      0.000
   13       -6.16       -0.79      -1.0000      0.000
   14       -6.08       -1.15      -1.0000      0.000
   15       -6.03       -0.82      -1.0000      0.000
   16       -6.00       -1.04      -1.0000      0.000
   17       -5.99       -0.81      -1.0000      0.000
   18       -5.94       -0.19      -1.0000      0.000
   19       -5.91        0.33      -1.0000      0.000
   20       -5.88        0.19      -1.0000      0.000
 18       -5.94       -0.19      -1.0000      0.000
   19       -5.91        0.33      -1.0000      0.000
   20       -5.88        0.19      -1.0000      0.000
