              _             
             (_)            
   __ _ _ __  _ _ __   __ _ 
  / _` | '_ \| | '_ \ / _` |
 | (_| | | | | | | | | (_| |
  \__, |_| |_|_|_| |_|\__,_|
   __/ |                    
  |___/                     

gnina v1.3.1 master:5bd63bd   Built May 23 2025.
gnina is based on smina and AutoDock Vina.
Please cite appropriately.

Commandline: /usr/local/bin/gnina -r /nfs/home/jstempel/vina_inputs/prep/7M6C/receptor_no_ligand.pdb -l /lustre/isaac24/scratch/jstempel/gnina_full_no_cnn_exh8_cpu24/_tmp_7M6C_Mv4s/ligand.sdf --center_x 7.444 --center_y 22.446 --center_z 14.139 --size_x 11.455 --size_y 12.725 --size_z 16.109 --exhaustiveness 8 --num_modes 20 --cpu 24 --cnn_scoring none --scoring vina --addH 0 --log /lustre/isaac24/scratch/jstempel/gnina_full_no_cnn_exh8_cpu24/logs/7M6C.log --out /lustre/isaac24/scratch/jstempel/gnina_full_no_cnn_exh8_cpu24/flat/7M6C.pdbqt --seed 0 --device 0
Using random seed: 0

mode |  affinity  |  intramol  |    CNN     |   CNN
     | (kcal/mol) | (kcal/mol) | pose score | affinity
-----+------------+------------+------------+----------
    1       -5.21       -0.43      -1.0000      0.000
    2       -5.13       -0.38      -1.0000      0.000
    3       -5.12       -0.56      -1.0000      0.000
    4       -5.05       -0.54      -1.0000      0.000
    5       -4.98       -0.54      -1.0000      0.000
    6       -4.94       -0.60      -1.0000      0.000
    7       -4.73       -0.63      -1.0000      0.000
    8       -4.72       -0.39      -1.0000      0.000
    9       -4.71       -1.08      -1.0000      0.000
   10       -4.69       -0.60      -1.0000      0.000
   11       -4.58       -0.74      -1.0000      0.000
   12       -4.57       -0.50      -1.0000      0.000
   13       -4.55       -0.29      -1.0000      0.000
   14       -4.54       -0.63      -1.0000      0.000
   15       -4.53       -0.72      -1.0000      0.000
   16       -4.47       -1.32      -1.0000      0.000
   17       -4.43       -1.06      -1.0000      0.000
   18       -4.42       -0.74      -1.0000      0.000
   19       -4.39       -0.50      -1.0000      0.000
   20       -4.38       -0.57      -1.0000      0.000
 18       -4.42       -0.74      -1.0000      0.000
   19       -4.39       -0.50      -1.0000      0.000
   20       -4.38       -0.57      -1.0000      0.000
