              _             
             (_)            
   __ _ _ __  _ _ __   __ _ 
  / _` | '_ \| | '_ \ / _` |
 | (_| | | | | | | | | (_| |
  \__, |_| |_|_|_| |_|\__,_|
   __/ |                    
  |___/                     

gnina v1.3.1 master:5bd63bd   Built May 23 2025.
gnina is based on smina and AutoDock Vina.
Please cite appropriately.

Commandline: /usr/local/bin/gnina -r /nfs/home/jstempel/vina_inputs/prep/7Q02/receptor_no_ligand.pdb -l /lustre/isaac24/scratch/jstempel/gnina_full_no_cnn_exh8_cpu24/_tmp_7Q02_Eb32/ligand.sdf --center_x 7.654 --center_y 4.803 --center_z 20.684 --size_x 17.636 --size_y 10.766 --size_z 16.536 --exhaustiveness 8 --num_modes 20 --cpu 24 --cnn_scoring none --scoring vina --addH 0 --log /lustre/isaac24/scratch/jstempel/gnina_full_no_cnn_exh8_cpu24/logs/7Q02.log --out /lustre/isaac24/scratch/jstempel/gnina_full_no_cnn_exh8_cpu24/flat/7Q02.pdbqt --seed 0 --device 0
Using random seed: 0

mode |  affinity  |  intramol  |    CNN     |   CNN
     | (kcal/mol) | (kcal/mol) | pose score | affinity
-----+------------+------------+------------+----------
    1       -9.07       -0.65      -1.0000      0.000
    2       -8.96       -0.77      -1.0000      0.000
    3       -8.71       -1.11      -1.0000      0.000
    4       -8.69       -0.70      -1.0000      0.000
    5       -8.31       -0.65      -1.0000      0.000
    6       -8.18       -0.02      -1.0000      0.000
    7       -8.08       -0.64      -1.0000      0.000
    8       -7.95       -0.61      -1.0000      0.000
    9       -7.89       -0.76      -1.0000      0.000
   10       -7.69       -0.68      -1.0000      0.000
   11       -7.53       -0.68      -1.0000      0.000
   12       -7.52       -0.69      -1.0000      0.000
   13       -6.51       -0.36      -1.0000      0.000
   14       -5.85       -0.60      -1.0000      0.000
   15       -4.08        0.03      -1.0000      0.000
   16       -2.03        1.80      -1.0000      0.000
   17       -0.73       -0.47      -1.0000      0.000
   18        0.74        3.08      -1.0000      0.000
   19        5.90        1.15      -1.0000      0.000
   20        6.93        1.30      -1.0000      0.000
 18        0.74        3.08      -1.0000      0.000
   19        5.90        1.15      -1.0000      0.000
   20        6.93        1.30      -1.0000      0.000
