              _             
             (_)            
   __ _ _ __  _ _ __   __ _ 
  / _` | '_ \| | '_ \ / _` |
 | (_| | | | | | | | | (_| |
  \__, |_| |_|_|_| |_|\__,_|
   __/ |                    
  |___/                     

gnina v1.3.1 master:5bd63bd   Built May 23 2025.
gnina is based on smina and AutoDock Vina.
Please cite appropriately.

Commandline: /usr/local/bin/gnina -r /nfs/home/jstempel/vina_inputs/prep/7RJI/receptor_no_ligand.pdb -l /lustre/isaac24/scratch/jstempel/gnina_full_no_cnn_exh8_cpu24/_tmp_7RJI_n1r5/ligand.sdf --center_x 141.486 --center_y 47.862 --center_z 20.870 --size_x 12.312 --size_y 19.661 --size_z 17.572 --exhaustiveness 8 --num_modes 20 --cpu 24 --cnn_scoring none --scoring vina --addH 0 --log /lustre/isaac24/scratch/jstempel/gnina_full_no_cnn_exh8_cpu24/logs/7RJI.log --out /lustre/isaac24/scratch/jstempel/gnina_full_no_cnn_exh8_cpu24/flat/7RJI.pdbqt --seed 0 --device 0
Using random seed: 0

mode |  affinity  |  intramol  |    CNN     |   CNN
     | (kcal/mol) | (kcal/mol) | pose score | affinity
-----+------------+------------+------------+----------
    1       -5.72       -1.75      -1.0000      0.000
    2       -5.52       -1.73      -1.0000      0.000
    3       -5.44       -0.74      -1.0000      0.000
    4       -5.41       -2.22      -1.0000      0.000
    5       -5.39       -1.96      -1.0000      0.000
    6       -5.37       -1.29      -1.0000      0.000
    7       -5.36       -0.79      -1.0000      0.000
    8       -5.36       -1.39      -1.0000      0.000
    9       -5.35       -0.38      -1.0000      0.000
   10       -5.33       -1.35      -1.0000      0.000
   11       -5.25       -1.31      -1.0000      0.000
   12       -5.23       -2.04      -1.0000      0.000
   13       -5.15       -1.32      -1.0000      0.000
   14       -5.09       -0.87      -1.0000      0.000
   15       -5.05       -0.78      -1.0000      0.000
   16       -4.98       -1.72      -1.0000      0.000
   17       -4.94       -2.27      -1.0000      0.000
   18       -4.93       -0.97      -1.0000      0.000
   19       -4.93       -1.64      -1.0000      0.000
   20       -4.93       -2.56      -1.0000      0.000
 18       -4.93       -0.97      -1.0000      0.000
   19       -4.93       -1.64      -1.0000      0.000
   20       -4.93       -2.56      -1.0000      0.000
