              _             
             (_)            
   __ _ _ __  _ _ __   __ _ 
  / _` | '_ \| | '_ \ / _` |
 | (_| | | | | | | | | (_| |
  \__, |_| |_|_|_| |_|\__,_|
   __/ |                    
  |___/                     

gnina v1.3.1 master:5bd63bd   Built May 23 2025.
gnina is based on smina and AutoDock Vina.
Please cite appropriately.

Commandline: /usr/local/bin/gnina -r /nfs/home/jstempel/vina_inputs/prep/7U9D/receptor_no_ligand.pdb -l /lustre/isaac24/scratch/jstempel/gnina_full_no_cnn_exh8_cpu24/_tmp_7U9D_iU8D/ligand.sdf --center_x 50.777 --center_y 48.729 --center_z 17.727 --size_x 16.696 --size_y 17.314 --size_z 20.163 --exhaustiveness 8 --num_modes 20 --cpu 24 --cnn_scoring none --scoring vina --addH 0 --log /lustre/isaac24/scratch/jstempel/gnina_full_no_cnn_exh8_cpu24/logs/7U9D.log --out /lustre/isaac24/scratch/jstempel/gnina_full_no_cnn_exh8_cpu24/flat/7U9D.pdbqt --seed 0 --device 0
Using random seed: 0

mode |  affinity  |  intramol  |    CNN     |   CNN
     | (kcal/mol) | (kcal/mol) | pose score | affinity
-----+------------+------------+------------+----------
    1       -8.50       -4.06      -1.0000      0.000
    2       -8.38       -4.78      -1.0000      0.000
    3       -8.35       -4.68      -1.0000      0.000
    4       -8.32       -4.59      -1.0000      0.000
    5       -8.26       -6.57      -1.0000      0.000
    6       -8.26       -2.48      -1.0000      0.000
    7       -8.21       -3.73      -1.0000      0.000
    8       -8.21       -3.94      -1.0000      0.000
    9       -8.18       -5.74      -1.0000      0.000
   10       -8.14       -5.36      -1.0000      0.000
   11       -8.12       -4.33      -1.0000      0.000
   12       -8.12       -5.25      -1.0000      0.000
   13       -8.10       -4.94      -1.0000      0.000
   14       -8.09       -7.02      -1.0000      0.000
   15       -8.07       -4.75      -1.0000      0.000
   16       -8.04       -4.63      -1.0000      0.000
   17       -8.03       -4.67      -1.0000      0.000
   18       -7.99       -3.14      -1.0000      0.000
   19       -7.98       -5.04      -1.0000      0.000
   20       -7.97       -3.11      -1.0000      0.000
 18       -7.99       -3.14      -1.0000      0.000
   19       -7.98       -5.04      -1.0000      0.000
   20       -7.97       -3.11      -1.0000      0.000
