              _             
             (_)            
   __ _ _ __  _ _ __   __ _ 
  / _` | '_ \| | '_ \ / _` |
 | (_| | | | | | | | | (_| |
  \__, |_| |_|_|_| |_|\__,_|
   __/ |                    
  |___/                     

gnina v1.3.1 master:5bd63bd   Built May 23 2025.
gnina is based on smina and AutoDock Vina.
Please cite appropriately.

Commandline: /usr/local/bin/gnina -r /nfs/home/jstempel/vina_inputs/prep/7WVT/receptor_no_ligand.pdb -l /lustre/isaac24/scratch/jstempel/gnina_full_no_cnn_exh8_cpu24/_tmp_7WVT_vMEO/ligand.sdf --center_x -23.985 --center_y 32.635 --center_z -17.500 --size_x 16.649 --size_y 24.675 --size_z 25.262 --exhaustiveness 8 --num_modes 20 --cpu 24 --cnn_scoring none --scoring vina --addH 0 --log /lustre/isaac24/scratch/jstempel/gnina_full_no_cnn_exh8_cpu24/logs/7WVT.log --out /lustre/isaac24/scratch/jstempel/gnina_full_no_cnn_exh8_cpu24/flat/7WVT.pdbqt --seed 0 --device 0
Using random seed: 0

mode |  affinity  |  intramol  |    CNN     |   CNN
     | (kcal/mol) | (kcal/mol) | pose score | affinity
-----+------------+------------+------------+----------
    1      -10.59       -2.77      -1.0000      0.000
    2      -10.58       -2.97      -1.0000      0.000
    3      -10.51       -2.91      -1.0000      0.000
    4      -10.12       -2.69      -1.0000      0.000
    5       -9.57       -3.38      -1.0000      0.000
    6       -9.56       -2.60      -1.0000      0.000
    7       -9.51       -2.16      -1.0000      0.000
    8       -9.47        0.06      -1.0000      0.000
    9       -9.26       -1.91      -1.0000      0.000
   10       -9.17       -4.85      -1.0000      0.000
   11       -9.11       -2.98      -1.0000      0.000
   12       -9.09       -4.37      -1.0000      0.000
   13       -9.09       -3.80      -1.0000      0.000
   14       -9.01       -5.20      -1.0000      0.000
   15       -9.00       -4.04      -1.0000      0.000
   16       -8.98       -2.21      -1.0000      0.000
   17       -8.96       -3.62      -1.0000      0.000
   18       -8.92       -1.92      -1.0000      0.000
   19       -8.91       -3.33      -1.0000      0.000
   20       -8.86       -1.29      -1.0000      0.000
 18       -8.92       -1.92      -1.0000      0.000
   19       -8.91       -3.33      -1.0000      0.000
   20       -8.86       -1.29      -1.0000      0.000
