              _             
             (_)            
   __ _ _ __  _ _ __   __ _ 
  / _` | '_ \| | '_ \ / _` |
 | (_| | | | | | | | | (_| |
  \__, |_| |_|_|_| |_|\__,_|
   __/ |                    
  |___/                     

gnina v1.3.1 master:5bd63bd   Built May 23 2025.
gnina is based on smina and AutoDock Vina.
Please cite appropriately.

Commandline: /usr/local/bin/gnina -r /nfs/home/jstempel/vina_inputs/prep/7YF1/receptor_no_ligand.pdb -l /lustre/isaac24/scratch/jstempel/gnina_full_no_cnn_exh8_cpu24/_tmp_7YF1_UjB0/ligand.sdf --center_x 20.698 --center_y 9.046 --center_z 13.320 --size_x 14.004 --size_y 11.177 --size_z 13.148 --exhaustiveness 8 --num_modes 20 --cpu 24 --cnn_scoring none --scoring vina --addH 0 --log /lustre/isaac24/scratch/jstempel/gnina_full_no_cnn_exh8_cpu24/logs/7YF1.log --out /lustre/isaac24/scratch/jstempel/gnina_full_no_cnn_exh8_cpu24/flat/7YF1.pdbqt --seed 0 --device 0
Using random seed: 0

mode |  affinity  |  intramol  |    CNN     |   CNN
     | (kcal/mol) | (kcal/mol) | pose score | affinity
-----+------------+------------+------------+----------
    1       -6.12       -0.91      -1.0000      0.000
    2       -6.11       -1.08      -1.0000      0.000
    3       -6.08       -1.48      -1.0000      0.000
    4       -6.00       -0.75      -1.0000      0.000
    5       -5.96       -0.73      -1.0000      0.000
    6       -5.89       -0.96      -1.0000      0.000
    7       -5.74       -0.96      -1.0000      0.000
    8       -5.73       -1.19      -1.0000      0.000
    9       -5.67       -0.84      -1.0000      0.000
   10       -5.65       -0.86      -1.0000      0.000
   11       -5.65       -1.63      -1.0000      0.000
   12       -5.63       -1.05      -1.0000      0.000
   13       -5.58       -1.21      -1.0000      0.000
   14       -5.57       -1.10      -1.0000      0.000
   15       -5.49       -1.69      -1.0000      0.000
   16       -5.49       -1.58      -1.0000      0.000
   17       -5.47       -1.13      -1.0000      0.000
   18       -5.45       -2.24      -1.0000      0.000
   19       -5.44       -1.40      -1.0000      0.000
   20       -5.43       -0.89      -1.0000      0.000
 18       -5.45       -2.24      -1.0000      0.000
   19       -5.44       -1.40      -1.0000      0.000
   20       -5.43       -0.89      -1.0000      0.000
