              _             
             (_)            
   __ _ _ __  _ _ __   __ _ 
  / _` | '_ \| | '_ \ / _` |
 | (_| | | | | | | | | (_| |
  \__, |_| |_|_|_| |_|\__,_|
   __/ |                    
  |___/                     

gnina v1.3.1 master:5bd63bd   Built May 23 2025.
gnina is based on smina and AutoDock Vina.
Please cite appropriately.

Commandline: /usr/local/bin/gnina -r /nfs/home/jstempel/vina_inputs/prep/7Z6W/receptor_no_ligand.pdb -l /lustre/isaac24/scratch/jstempel/gnina_full_no_cnn_exh8_cpu24/_tmp_7Z6W_AQNP/ligand.sdf --center_x 8.605 --center_y 20.908 --center_z -0.310 --size_x 16.100 --size_y 20.571 --size_z 23.218 --exhaustiveness 8 --num_modes 20 --cpu 24 --cnn_scoring none --scoring vina --addH 0 --log /lustre/isaac24/scratch/jstempel/gnina_full_no_cnn_exh8_cpu24/logs/7Z6W.log --out /lustre/isaac24/scratch/jstempel/gnina_full_no_cnn_exh8_cpu24/flat/7Z6W.pdbqt --seed 0 --device 0
Using random seed: 0

mode |  affinity  |  intramol  |    CNN     |   CNN
     | (kcal/mol) | (kcal/mol) | pose score | affinity
-----+------------+------------+------------+----------
    1       -7.53       -6.30      -1.0000      0.000
    2       -7.46       -6.98      -1.0000      0.000
    3       -7.35       -6.24      -1.0000      0.000
    4       -7.33       -6.05      -1.0000      0.000
    5       -7.32       -5.96      -1.0000      0.000
    6       -7.31       -5.09      -1.0000      0.000
    7       -7.28       -7.16      -1.0000      0.000
    8       -7.28       -6.75      -1.0000      0.000
    9       -7.27       -7.91      -1.0000      0.000
   10       -7.26       -9.39      -1.0000      0.000
   11       -7.21       -8.99      -1.0000      0.000
   12       -7.20       -7.52      -1.0000      0.000
   13       -7.17       -7.14      -1.0000      0.000
   14       -7.13       -6.61      -1.0000      0.000
   15       -7.12       -6.28      -1.0000      0.000
   16       -7.06       -8.25      -1.0000      0.000
   17       -7.05       -7.60      -1.0000      0.000
   18       -7.00       -7.18      -1.0000      0.000
   19       -6.97       -6.24      -1.0000      0.000
   20       -6.95       -8.36      -1.0000      0.000
 18       -7.00       -7.18      -1.0000      0.000
   19       -6.97       -6.24      -1.0000      0.000
   20       -6.95       -8.36      -1.0000      0.000
