              _             
             (_)            
   __ _ _ __  _ _ __   __ _ 
  / _` | '_ \| | '_ \ / _` |
 | (_| | | | | | | | | (_| |
  \__, |_| |_|_|_| |_|\__,_|
   __/ |                    
  |___/                     

gnina v1.3.1 master:5bd63bd   Built May 23 2025.
gnina is based on smina and AutoDock Vina.
Please cite appropriately.

Commandline: /usr/local/bin/gnina -r /lustre/isaac24/scratch/jstempel/gnina/tmp/vina_inputs_rerun_nocnn/prep/8GOT/receptor_no_ligand.pdb -l /lustre/isaac24/scratch/jstempel/gnina/runs/gnina_full_no_cnn_exh8_cpu24/_tmp_8GOT.EuNg7b/ligand.sdf --center_x 3.788 --center_y 11.332 --center_z -28.489 --size_x 40.706 --size_y 36.756 --size_z 25.366 --exhaustiveness 8 --num_modes 20 --cpu 12 --cnn_scoring none --scoring vina --addH 0 --out /lustre/isaac24/scratch/jstempel/gnina/runs/gnina_full_no_cnn_exh8_cpu24/flat/8GOT.pdbqt --log /lustre/isaac24/scratch/jstempel/gnina/runs/gnina_full_no_cnn_exh8_cpu24/logs/8GOT.log --seed 0 --no_gpu
Using random seed: 0

mode |  affinity  |  intramol  |    CNN     |   CNN
     | (kcal/mol) | (kcal/mol) | pose score | affinity
-----+------------+------------+------------+----------
    1       -5.43       -6.74      -1.0000      0.000
    2       -5.36       -4.52      -1.0000      0.000
    3       -5.30       -8.87      -1.0000      0.000
    4       -5.29       -8.34      -1.0000      0.000
    5       -5.28       -8.89      -1.0000      0.000
    6       -5.24       -6.53      -1.0000      0.000
    7       -5.23       -9.20      -1.0000      0.000
    8       -5.22       -7.35      -1.0000      0.000
    9       -5.21       -6.71      -1.0000      0.000
   10       -5.20       -5.77      -1.0000      0.000
   11       -5.19       -6.60      -1.0000      0.000
   12       -5.13       -9.37      -1.0000      0.000
   13       -5.12       -8.66      -1.0000      0.000
   14       -5.10       -8.21      -1.0000      0.000
   15       -5.08       -6.60      -1.0000      0.000
   16       -5.06       -7.27      -1.0000      0.000
   17       -5.06       -7.52      -1.0000      0.000
   18       -5.06      -11.51      -1.0000      0.000
   19       -5.06       -6.99      -1.0000      0.000
   20       -5.03       -7.42      -1.0000      0.000
