              _             
             (_)            
   __ _ _ __  _ _ __   __ _ 
  / _` | '_ \| | '_ \ / _` |
 | (_| | | | | | | | | (_| |
  \__, |_| |_|_|_| |_|\__,_|
   __/ |                    
  |___/                     

gnina v1.3.1 master:5bd63bd   Built May 23 2025.
gnina is based on smina and AutoDock Vina.
Please cite appropriately.

Commandline: /usr/local/bin/gnina -r /nfs/home/jstempel/vina_inputs/prep/8GYN/receptor_no_ligand.pdb -l /lustre/isaac24/scratch/jstempel/gnina_full_no_cnn_exh8_cpu24/_tmp_8GYN_dC63/ligand.sdf --center_x -12.101 --center_y -0.768 --center_z -15.838 --size_x 14.785 --size_y 15.023 --size_z 27.826 --exhaustiveness 8 --num_modes 20 --cpu 24 --cnn_scoring none --scoring vina --addH 0 --log /lustre/isaac24/scratch/jstempel/gnina_full_no_cnn_exh8_cpu24/logs/8GYN.log --out /lustre/isaac24/scratch/jstempel/gnina_full_no_cnn_exh8_cpu24/flat/8GYN.pdbqt --seed 0 --device 0
Using random seed: 0

mode |  affinity  |  intramol  |    CNN     |   CNN
     | (kcal/mol) | (kcal/mol) | pose score | affinity
-----+------------+------------+------------+----------
    1       -7.05       -3.92      -1.0000      0.000
    2       -6.98       -3.36      -1.0000      0.000
    3       -6.87       -4.07      -1.0000      0.000
    4       -6.86       -4.24      -1.0000      0.000
    5       -6.82       -4.62      -1.0000      0.000
    6       -6.80       -4.65      -1.0000      0.000
    7       -6.70       -3.82      -1.0000      0.000
    8       -6.70       -3.14      -1.0000      0.000
    9       -6.65       -5.26      -1.0000      0.000
   10       -6.62       -4.27      -1.0000      0.000
   11       -6.59       -4.21      -1.0000      0.000
   12       -6.58       -3.87      -1.0000      0.000
   13       -6.57       -3.76      -1.0000      0.000
   14       -6.56       -5.22      -1.0000      0.000
   15       -6.49       -5.12      -1.0000      0.000
   16       -6.47       -3.67      -1.0000      0.000
   17       -6.47       -4.04      -1.0000      0.000
   18       -6.44       -4.53      -1.0000      0.000
   19       -6.44       -3.28      -1.0000      0.000
   20       -6.37       -6.74      -1.0000      0.000
 18       -6.44       -4.53      -1.0000      0.000
   19       -6.44       -3.28      -1.0000      0.000
   20       -6.37       -6.74      -1.0000      0.000
