              _             
             (_)            
   __ _ _ __  _ _ __   __ _ 
  / _` | '_ \| | '_ \ / _` |
 | (_| | | | | | | | | (_| |
  \__, |_| |_|_|_| |_|\__,_|
   __/ |                    
  |___/                     

gnina v1.3.1 master:5bd63bd   Built May 23 2025.
gnina is based on smina and AutoDock Vina.
Please cite appropriately.

Commandline: /usr/local/bin/gnina -r /lustre/isaac24/scratch/jstempel/gnina/tmp/vina_inputs_rerun_nocnn/prep/8IVL/receptor_no_ligand.pdb -l /lustre/isaac24/scratch/jstempel/gnina/runs/gnina_full_no_cnn_exh8_cpu24/_tmp_8IVL.CLa81O/ligand.sdf --center_x -0.678 --center_y -9.147 --center_z -9.206 --size_x 10.508 --size_y 14.443 --size_z 14.453 --exhaustiveness 8 --num_modes 20 --cpu 12 --cnn_scoring none --scoring vina --addH 0 --out /lustre/isaac24/scratch/jstempel/gnina/runs/gnina_full_no_cnn_exh8_cpu24/flat/8IVL.pdbqt --log /lustre/isaac24/scratch/jstempel/gnina/runs/gnina_full_no_cnn_exh8_cpu24/logs/8IVL.log --seed 0 --no_gpu
Using random seed: 0

mode |  affinity  |  intramol  |    CNN     |   CNN
     | (kcal/mol) | (kcal/mol) | pose score | affinity
-----+------------+------------+------------+----------
    1      -10.21        0.99      -1.0000      0.000
    2       -9.62        1.16      -1.0000      0.000
    3       -9.59        0.83      -1.0000      0.000
    4       -9.24        0.76      -1.0000      0.000
    5       -9.22        0.80      -1.0000      0.000
    6       -9.10        0.32      -1.0000      0.000
    7       -9.01        2.93      -1.0000      0.000
    8       -8.95        2.50      -1.0000      0.000
    9       -8.91        0.79      -1.0000      0.000
   10       -8.89        0.81      -1.0000      0.000
   11       -8.87        0.84      -1.0000      0.000
   12       -8.55        1.11      -1.0000      0.000
   13       -8.41        0.47      -1.0000      0.000
   14       -8.40        0.59      -1.0000      0.000
   15       -8.35       -0.86      -1.0000      0.000
   16       -8.26        1.31      -1.0000      0.000
   17       -8.25        1.06      -1.0000      0.000
   18       -8.24        1.27      -1.0000      0.000
   19       -8.19        0.89      -1.0000      0.000
   20       -8.14        1.59      -1.0000      0.000
