              _             
             (_)            
   __ _ _ __  _ _ __   __ _ 
  / _` | '_ \| | '_ \ / _` |
 | (_| | | | | | | | | (_| |
  \__, |_| |_|_|_| |_|\__,_|
   __/ |                    
  |___/                     

gnina v1.3.1 master:5bd63bd   Built May 23 2025.
gnina is based on smina and AutoDock Vina.
Please cite appropriately.

Commandline: /usr/local/bin/gnina -r /lustre/isaac24/scratch/jstempel/gnina/tmp/vina_inputs_rerun_nocnn/prep/8QJZ/receptor_no_ligand.pdb -l /lustre/isaac24/scratch/jstempel/gnina/runs/gnina_full_no_cnn_exh8_cpu24/_tmp_8QJZ.pfiuDi/ligand.sdf --center_x 45.240 --center_y 8.253 --center_z 21.313 --size_x 23.751 --size_y 19.606 --size_z 16.519 --exhaustiveness 8 --num_modes 20 --cpu 12 --cnn_scoring none --scoring vina --addH 0 --out /lustre/isaac24/scratch/jstempel/gnina/runs/gnina_full_no_cnn_exh8_cpu24/flat/8QJZ.pdbqt --log /lustre/isaac24/scratch/jstempel/gnina/runs/gnina_full_no_cnn_exh8_cpu24/logs/8QJZ.log --seed 0 --no_gpu
Using random seed: 0

mode |  affinity  |  intramol  |    CNN     |   CNN
     | (kcal/mol) | (kcal/mol) | pose score | affinity
-----+------------+------------+------------+----------
    1       -9.51       -3.13      -1.0000      0.000
    2       -9.32       -3.29      -1.0000      0.000
    3       -9.31       -4.15      -1.0000      0.000
    4       -9.12       -3.67      -1.0000      0.000
    5       -8.98       -3.83      -1.0000      0.000
    6       -8.92       -3.57      -1.0000      0.000
    7       -8.54       -3.38      -1.0000      0.000
    8       -8.51       -2.97      -1.0000      0.000
    9       -8.43       -4.89      -1.0000      0.000
   10       -8.34       -3.38      -1.0000      0.000
   11       -8.24       -1.44      -1.0000      0.000
   12       -8.24       -3.05      -1.0000      0.000
   13       -8.19       -1.34      -1.0000      0.000
   14       -8.06       -2.03      -1.0000      0.000
   15       -7.79       -3.18      -1.0000      0.000
   16       -7.73       -2.14      -1.0000      0.000
   17       -7.72       -2.16      -1.0000      0.000
   18       -7.57       -2.75      -1.0000      0.000
   19       -7.44       -2.41      -1.0000      0.000
   20       -7.32       -2.71      -1.0000      0.000
