              _             
             (_)            
   __ _ _ __  _ _ __   __ _ 
  / _` | '_ \| | '_ \ / _` |
 | (_| | | | | | | | | (_| |
  \__, |_| |_|_|_| |_|\__,_|
   __/ |                    
  |___/                     

gnina v1.3.1 master:5bd63bd   Built May 23 2025.
gnina is based on smina and AutoDock Vina.
Please cite appropriately.

Commandline: /usr/local/bin/gnina -r /lustre/isaac24/scratch/jstempel/gnina/tmp/vina_inputs_rerun_nocnn/prep/8T5T/receptor_no_ligand.pdb -l /lustre/isaac24/scratch/jstempel/gnina/runs/gnina_full_no_cnn_exh8_cpu24/_tmp_8T5T.tDWEI4/ligand.sdf --center_x 47.388 --center_y 3.662 --center_z 44.542 --size_x 14.715 --size_y 14.440 --size_z 12.681 --exhaustiveness 8 --num_modes 20 --cpu 12 --cnn_scoring none --scoring vina --addH 0 --out /lustre/isaac24/scratch/jstempel/gnina/runs/gnina_full_no_cnn_exh8_cpu24/flat/8T5T.pdbqt --log /lustre/isaac24/scratch/jstempel/gnina/runs/gnina_full_no_cnn_exh8_cpu24/logs/8T5T.log --seed 0 --no_gpu
Using random seed: 0

mode |  affinity  |  intramol  |    CNN     |   CNN
     | (kcal/mol) | (kcal/mol) | pose score | affinity
-----+------------+------------+------------+----------
    1       -7.40       -0.67      -1.0000      0.000
    2       -7.01       -0.81      -1.0000      0.000
    3       -6.99       -0.95      -1.0000      0.000
    4       -6.90       -1.10      -1.0000      0.000
    5       -6.89       -1.11      -1.0000      0.000
    6       -6.83       -0.99      -1.0000      0.000
    7       -6.69       -0.86      -1.0000      0.000
    8       -6.56       -0.95      -1.0000      0.000
    9       -6.55       -2.02      -1.0000      0.000
   10       -6.54       -1.81      -1.0000      0.000
   11       -6.49       -1.25      -1.0000      0.000
   12       -6.43       -0.85      -1.0000      0.000
   13       -6.42       -1.60      -1.0000      0.000
   14       -6.39       -1.13      -1.0000      0.000
   15       -6.39       -1.02      -1.0000      0.000
   16       -6.39       -1.15      -1.0000      0.000
   17       -6.33       -1.59      -1.0000      0.000
   18       -6.32       -1.51      -1.0000      0.000
   19       -6.26       -1.97      -1.0000      0.000
   20       -6.25       -0.93      -1.0000      0.000
